
===========================================================================
report_checks -unconstrained
===========================================================================
======================= Typical Corner ===================================

Startpoint: address[0] (input port clocked by clk)
Endpoint: data_out[2] (output port clocked by clk)
Path Group: clk
Path Type: max

Fanout     Cap    Slew   Delay    Time   Description
-----------------------------------------------------------------------------
                  0.15    0.00    0.00   clock clk (rise edge)
                          0.00    0.00   clock network delay (ideal)
                          2.00    2.00 ^ input external delay
                  0.27    0.20    2.20 ^ address[0] (in)
     5    0.06                           address[0] (net)
                  0.27    0.00    2.20 ^ _0564_/A (sky130_fd_sc_hd__buf_1)
                  0.94    0.78    2.97 ^ _0564_/X (sky130_fd_sc_hd__buf_1)
    10    0.08                           _0290_ (net)
                  0.94    0.00    2.97 ^ _0578_/A (sky130_fd_sc_hd__buf_1)
                  0.84    0.74    3.71 ^ _0578_/X (sky130_fd_sc_hd__buf_1)
    10    0.07                           _0304_ (net)
                  0.84    0.01    3.72 ^ _0593_/A (sky130_fd_sc_hd__buf_1)
                  1.25    1.04    4.76 ^ _0593_/X (sky130_fd_sc_hd__buf_1)
    10    0.11                           _0319_ (net)
                  1.25    0.01    4.77 ^ _0619_/B (sky130_fd_sc_hd__nand3b_2)
                  0.32    0.37    5.14 v _0619_/Y (sky130_fd_sc_hd__nand3b_2)
     1    0.03                           _0343_ (net)
                  0.32    0.00    5.14 v _0620_/D (sky130_fd_sc_hd__and4_2)
                  0.07    0.42    5.56 v _0620_/X (sky130_fd_sc_hd__and4_2)
     1    0.02                           _0344_ (net)
                  0.07    0.00    5.57 v _0621_/B2 (sky130_fd_sc_hd__o22a_2)
                  0.20    0.36    5.92 v _0621_/X (sky130_fd_sc_hd__o22a_2)
     1    0.07                           data_out[2] (net)
                  0.21    0.02    5.95 v data_out[2] (out)
                                  5.95   data arrival time

                  0.15   10.00   10.00   clock clk (rise edge)
                          0.00   10.00   clock network delay (ideal)
                         -0.25    9.75   clock uncertainty
                          0.00    9.75   clock reconvergence pessimism
                         -2.00    7.75   output external delay
                                  7.75   data required time
-----------------------------------------------------------------------------
                                  7.75   data required time
                                 -5.95   data arrival time
-----------------------------------------------------------------------------
                                  1.80   slack (MET)




===========================================================================
report_checks --slack_max -0.01
============================================================================
======================= Typical Corner ===================================

No paths found.


===========================================================================
 report_check_types -max_slew -max_cap -max_fanout -violators
============================================================================
======================= Typical Corner ===================================

max slew

Pin                                    Limit    Slew   Slack
------------------------------------------------------------
_0619_/C                                0.75    1.36   -0.61 (VIOLATED)
_0595_/C                                0.75    1.36   -0.61 (VIOLATED)
_0682_/C                                0.75    1.36   -0.61 (VIOLATED)
_0606_/C                                0.75    1.36   -0.61 (VIOLATED)
_0693_/C                                0.75    1.36   -0.61 (VIOLATED)
_0633_/C                                0.75    1.36   -0.61 (VIOLATED)
_0670_/C                                0.75    1.36   -0.61 (VIOLATED)
_0704_/C                                0.75    1.36   -0.61 (VIOLATED)
_0659_/C                                0.75    1.36   -0.61 (VIOLATED)
_0646_/C                                0.75    1.35   -0.60 (VIOLATED)
_0594_/X                                0.75    1.35   -0.60 (VIOLATED)
_0885_/A2                               0.75    1.35   -0.60 (VIOLATED)
_0882_/B                                0.75    1.35   -0.60 (VIOLATED)
_0903_/B                                0.75    1.35   -0.60 (VIOLATED)
_1033_/A                                0.75    1.35   -0.60 (VIOLATED)
_1036_/A1                               0.75    1.35   -0.60 (VIOLATED)
_0906_/A2                               0.75    1.35   -0.60 (VIOLATED)
_0881_/Y                                0.75    1.35   -0.60 (VIOLATED)
_0707_/S0                               0.75    1.27   -0.52 (VIOLATED)
_0685_/S0                               0.75    1.27   -0.52 (VIOLATED)
_0673_/S0                               0.75    1.27   -0.52 (VIOLATED)
_0751_/S0                               0.75    1.27   -0.52 (VIOLATED)
_0729_/S0                               0.75    1.27   -0.52 (VIOLATED)
_0696_/S0                               0.75    1.27   -0.52 (VIOLATED)
_0740_/S0                               0.75    1.27   -0.52 (VIOLATED)
_0662_/S0                               0.75    1.27   -0.52 (VIOLATED)
_0650_/S0                               0.75    1.27   -0.52 (VIOLATED)
_0718_/S0                               0.75    1.27   -0.52 (VIOLATED)
_0649_/X                                0.75    1.27   -0.52 (VIOLATED)
_0599_/S0                               0.75    1.27   -0.52 (VIOLATED)
_0663_/S0                               0.75    1.27   -0.52 (VIOLATED)
_0651_/S0                               0.75    1.27   -0.52 (VIOLATED)
_0572_/S0                               0.75    1.27   -0.52 (VIOLATED)
_0638_/S0                               0.75    1.27   -0.52 (VIOLATED)
_0686_/S0                               0.75    1.27   -0.52 (VIOLATED)
_0674_/S0                               0.75    1.27   -0.52 (VIOLATED)
_0610_/S0                               0.75    1.27   -0.52 (VIOLATED)
_0762_/S0                               0.75    1.27   -0.52 (VIOLATED)
_0623_/S0                               0.75    1.27   -0.52 (VIOLATED)
_0569_/X                                0.75    1.27   -0.52 (VIOLATED)
_0719_/S0                               0.75    1.27   -0.52 (VIOLATED)
_0730_/S0                               0.75    1.27   -0.52 (VIOLATED)
_0741_/S0                               0.75    1.27   -0.52 (VIOLATED)
_0629_/A                                0.75    1.27   -0.52 (VIOLATED)
_0752_/S0                               0.75    1.27   -0.52 (VIOLATED)
_0697_/S0                               0.75    1.27   -0.52 (VIOLATED)
_0584_/A                                0.75    1.27   -0.52 (VIOLATED)
_0763_/S0                               0.75    1.27   -0.52 (VIOLATED)
_0708_/S0                               0.75    1.27   -0.52 (VIOLATED)
_0587_/A                                0.75    1.26   -0.51 (VIOLATED)
_0583_/X                                0.75    1.26   -0.51 (VIOLATED)
_0598_/S0                               0.75    1.25   -0.50 (VIOLATED)
_0622_/S0                               0.75    1.25   -0.50 (VIOLATED)
_0765_/S0                               0.75    1.25   -0.50 (VIOLATED)
_0568_/S0                               0.75    1.25   -0.50 (VIOLATED)
_1055_/B                                0.75    1.25   -0.50 (VIOLATED)
_0743_/S0                               0.75    1.25   -0.50 (VIOLATED)
_0636_/S0                               0.75    1.25   -0.50 (VIOLATED)
_0609_/S0                               0.75    1.25   -0.50 (VIOLATED)
_0732_/S0                               0.75    1.25   -0.50 (VIOLATED)
_0754_/S0                               0.75    1.25   -0.50 (VIOLATED)
_0565_/X                                0.75    1.25   -0.50 (VIOLATED)
_0653_/S0                               0.75    1.25   -0.50 (VIOLATED)
_0626_/S0                               0.75    1.25   -0.50 (VIOLATED)
_0721_/S0                               0.75    1.25   -0.50 (VIOLATED)
_0640_/S0                               0.75    1.25   -0.50 (VIOLATED)
_0665_/S0                               0.75    1.25   -0.50 (VIOLATED)
_0676_/S0                               0.75    1.25   -0.50 (VIOLATED)
_0699_/S0                               0.75    1.25   -0.50 (VIOLATED)
_0688_/S0                               0.75    1.25   -0.50 (VIOLATED)
_0613_/S0                               0.75    1.25   -0.50 (VIOLATED)
_0710_/S0                               0.75    1.25   -0.50 (VIOLATED)
_0612_/X                                0.75    1.25   -0.50 (VIOLATED)
_0619_/B                                0.75    1.25   -0.50 (VIOLATED)
_0682_/B                                0.75    1.25   -0.50 (VIOLATED)
_0646_/B                                0.75    1.25   -0.50 (VIOLATED)
_0633_/B                                0.75    1.25   -0.50 (VIOLATED)
_0670_/B                                0.75    1.25   -0.50 (VIOLATED)
_0606_/B                                0.75    1.25   -0.50 (VIOLATED)
_0693_/B                                0.75    1.25   -0.50 (VIOLATED)
_0595_/B                                0.75    1.25   -0.50 (VIOLATED)
_0704_/B                                0.75    1.25   -0.50 (VIOLATED)
_0593_/X                                0.75    1.25   -0.50 (VIOLATED)
_0659_/B                                0.75    1.25   -0.50 (VIOLATED)
_0817_/A                                0.75    1.23   -0.48 (VIOLATED)
_0836_/B_N                              0.75    1.23   -0.48 (VIOLATED)
_1036_/B1                               0.75    1.23   -0.48 (VIOLATED)
_1058_/B1                               0.75    1.23   -0.48 (VIOLATED)
_0780_/A                                0.75    1.23   -0.48 (VIOLATED)
_0881_/C                                0.75    1.23   -0.48 (VIOLATED)
_1100_/B1                               0.75    1.23   -0.48 (VIOLATED)
_1079_/B1                               0.75    1.23   -0.48 (VIOLATED)
_1122_/B1                               0.75    1.23   -0.48 (VIOLATED)
_0779_/X                                0.75    1.23   -0.48 (VIOLATED)
_0814_/C                                0.75    1.23   -0.48 (VIOLATED)
_0930_/B1                               0.75    1.20   -0.45 (VIOLATED)
_0994_/B1                               0.75    1.20   -0.45 (VIOLATED)
_0906_/B1                               0.75    1.20   -0.45 (VIOLATED)
_0951_/B1                               0.75    1.20   -0.45 (VIOLATED)
_0973_/B1                               0.75    1.20   -0.45 (VIOLATED)
_0841_/B1                               0.75    1.20   -0.45 (VIOLATED)
_1015_/B1                               0.75    1.20   -0.45 (VIOLATED)
_0885_/B1                               0.75    1.20   -0.45 (VIOLATED)
_0781_/B1                               0.75    1.20   -0.45 (VIOLATED)
_0863_/B1                               0.75    1.20   -0.45 (VIOLATED)
_0780_/X                                0.75    1.20   -0.45 (VIOLATED)
_0781_/A2                               0.75    1.16   -0.41 (VIOLATED)
_1122_/A2                               0.75    1.16   -0.41 (VIOLATED)
_1058_/A3                               0.75    1.16   -0.41 (VIOLATED)
_0776_/B                                0.75    1.16   -0.41 (VIOLATED)
_0775_/Y                                0.75    1.16   -0.41 (VIOLATED)
_1055_/C                                0.75    1.16   -0.41 (VIOLATED)
_1119_/B                                0.75    1.16   -0.41 (VIOLATED)
_0851_/A1                               0.75    1.14   -0.39 (VIOLATED)
_0828_/A1                               0.75    1.14   -0.39 (VIOLATED)
_0940_/A1                               0.75    1.14   -0.39 (VIOLATED)
_0799_/A1                               0.75    1.14   -0.39 (VIOLATED)
_0895_/A1                               0.75    1.14   -0.39 (VIOLATED)
_0916_/A1                               0.75    1.14   -0.39 (VIOLATED)
_0873_/A1                               0.75    1.14   -0.39 (VIOLATED)
_0961_/A1                               0.75    1.14   -0.39 (VIOLATED)
_0983_/A1                               0.75    1.14   -0.39 (VIOLATED)
_1004_/A1                               0.75    1.14   -0.39 (VIOLATED)
_0798_/X                                0.75    1.14   -0.39 (VIOLATED)
_0852_/A2                               0.75    1.11   -0.36 (VIOLATED)
_0850_/A2                               0.75    1.11   -0.36 (VIOLATED)
_0846_/A2                               0.75    1.11   -0.36 (VIOLATED)
_0847_/A2                               0.75    1.11   -0.36 (VIOLATED)
_0845_/A2                               0.75    1.11   -0.36 (VIOLATED)
_0848_/A2                               0.75    1.11   -0.36 (VIOLATED)
_0843_/A2                               0.75    1.11   -0.36 (VIOLATED)
_0849_/A2                               0.75    1.11   -0.36 (VIOLATED)
_0851_/A2                               0.75    1.11   -0.36 (VIOLATED)
_0844_/A2                               0.75    1.11   -0.36 (VIOLATED)
_0840_/X                                0.75    1.11   -0.36 (VIOLATED)
_0601_/S1                               0.75    1.09   -0.34 (VIOLATED)
_0818_/A1                               0.75    1.09   -0.34 (VIOLATED)
_0737_/C                                0.75    1.09   -0.34 (VIOLATED)
_0748_/C                                0.75    1.09   -0.34 (VIOLATED)
_0580_/S1                               0.75    1.09   -0.34 (VIOLATED)
_0770_/C                                0.75    1.09   -0.34 (VIOLATED)
_0759_/C                                0.75    1.09   -0.34 (VIOLATED)
_0613_/S1                               0.75    1.09   -0.34 (VIOLATED)
_0715_/C                                0.75    1.09   -0.34 (VIOLATED)
_0726_/C                                0.75    1.09   -0.34 (VIOLATED)
_0579_/X                                0.75    1.09   -0.34 (VIOLATED)
_0639_/S                                0.75    1.09   -0.34 (VIOLATED)
_0575_/S                                0.75    1.09   -0.34 (VIOLATED)
_0675_/S                                0.75    1.09   -0.34 (VIOLATED)
_0624_/S                                0.75    1.09   -0.34 (VIOLATED)
_0687_/S                                0.75    1.09   -0.34 (VIOLATED)
_0664_/S                                0.75    1.09   -0.34 (VIOLATED)
_0600_/S                                0.75    1.09   -0.34 (VIOLATED)
_0652_/S                                0.75    1.09   -0.34 (VIOLATED)
_0611_/S                                0.75    1.09   -0.34 (VIOLATED)
_0698_/S                                0.75    1.09   -0.34 (VIOLATED)
_0574_/X                                0.75    1.09   -0.34 (VIOLATED)
_0849_/A1                               0.75    1.07   -0.32 (VIOLATED)
_0893_/A1                               0.75    1.07   -0.32 (VIOLATED)
_0914_/A1                               0.75    1.07   -0.32 (VIOLATED)
_0938_/A1                               0.75    1.07   -0.32 (VIOLATED)
_0959_/A1                               0.75    1.07   -0.32 (VIOLATED)
_0795_/A1                               0.75    1.07   -0.32 (VIOLATED)
_0826_/A1                               0.75    1.07   -0.32 (VIOLATED)
_0981_/A1                               0.75    1.07   -0.32 (VIOLATED)
_0871_/A1                               0.75    1.07   -0.32 (VIOLATED)
_1002_/A1                               0.75    1.07   -0.32 (VIOLATED)
_0794_/X                                0.75    1.07   -0.32 (VIOLATED)
_0718_/S1                               0.75    1.06   -0.31 (VIOLATED)
_0623_/S1                               0.75    1.06   -0.31 (VIOLATED)
_0762_/S1                               0.75    1.06   -0.31 (VIOLATED)
_0740_/S1                               0.75    1.06   -0.31 (VIOLATED)
_0599_/S1                               0.75    1.06   -0.31 (VIOLATED)
_0610_/S1                               0.75    1.06   -0.31 (VIOLATED)
_0707_/S1                               0.75    1.06   -0.31 (VIOLATED)
_0572_/S1                               0.75    1.06   -0.31 (VIOLATED)
_0571_/X                                0.75    1.06   -0.31 (VIOLATED)
_0729_/S1                               0.75    1.06   -0.31 (VIOLATED)
_0751_/S1                               0.75    1.06   -0.31 (VIOLATED)
_0844_/A1                               0.75    1.06   -0.31 (VIOLATED)
_0866_/A1                               0.75    1.06   -0.31 (VIOLATED)
_0976_/A1                               0.75    1.06   -0.31 (VIOLATED)
_0954_/A1                               0.75    1.06   -0.31 (VIOLATED)
_0821_/A1                               0.75    1.06   -0.31 (VIOLATED)
_0909_/A1                               0.75    1.06   -0.31 (VIOLATED)
_0888_/A1                               0.75    1.06   -0.31 (VIOLATED)
_0785_/A1                               0.75    1.06   -0.31 (VIOLATED)
_0933_/A1                               0.75    1.06   -0.31 (VIOLATED)
_0997_/A1                               0.75    1.06   -0.31 (VIOLATED)
_0784_/X                                0.75    1.06   -0.31 (VIOLATED)
_0868_/A2                               0.75    1.06   -0.31 (VIOLATED)
_0873_/A2                               0.75    1.06   -0.31 (VIOLATED)
_0870_/A2                               0.75    1.06   -0.31 (VIOLATED)
_0874_/A2                               0.75    1.06   -0.31 (VIOLATED)
_0866_/A2                               0.75    1.06   -0.31 (VIOLATED)
_0872_/A2                               0.75    1.06   -0.31 (VIOLATED)
_0867_/A2                               0.75    1.06   -0.31 (VIOLATED)
_0865_/A2                               0.75    1.06   -0.31 (VIOLATED)
_0871_/A2                               0.75    1.06   -0.31 (VIOLATED)
_0869_/A2                               0.75    1.06   -0.31 (VIOLATED)
_0862_/X                                0.75    1.06   -0.31 (VIOLATED)
_0833_/A2                               0.75    1.06   -0.31 (VIOLATED)
_0832_/A2                               0.75    1.06   -0.31 (VIOLATED)
_0834_/A2                               0.75    1.06   -0.31 (VIOLATED)
_0835_/A2                               0.75    1.06   -0.31 (VIOLATED)
_0830_/A2                               0.75    1.06   -0.31 (VIOLATED)
_0816_/A                                0.75    1.06   -0.31 (VIOLATED)
_0815_/Y                                0.75    1.06   -0.31 (VIOLATED)
_0831_/A2                               0.75    1.06   -0.31 (VIOLATED)
_0719_/S1                               0.75    1.04   -0.29 (VIOLATED)
_0730_/S1                               0.75    1.04   -0.29 (VIOLATED)
_0741_/S1                               0.75    1.04   -0.29 (VIOLATED)
_0697_/S1                               0.75    1.04   -0.29 (VIOLATED)
_0651_/S1                               0.75    1.04   -0.29 (VIOLATED)
_0686_/S1                               0.75    1.04   -0.29 (VIOLATED)
_0638_/S1                               0.75    1.04   -0.29 (VIOLATED)
_0663_/S1                               0.75    1.04   -0.29 (VIOLATED)
_0708_/S1                               0.75    1.04   -0.29 (VIOLATED)
_0674_/S1                               0.75    1.04   -0.29 (VIOLATED)
_0637_/X                                0.75    1.04   -0.29 (VIOLATED)
_1106_/B1                               0.75    1.04   -0.29 (VIOLATED)
_1105_/B1                               0.75    1.04   -0.29 (VIOLATED)
_1104_/B1                               0.75    1.04   -0.29 (VIOLATED)
_1102_/B1                               0.75    1.04   -0.29 (VIOLATED)
_1109_/B1                               0.75    1.04   -0.29 (VIOLATED)
_1107_/B1                               0.75    1.04   -0.29 (VIOLATED)
_1108_/B1                               0.75    1.04   -0.29 (VIOLATED)
_1111_/B1                               0.75    1.04   -0.29 (VIOLATED)
_1110_/B1                               0.75    1.04   -0.29 (VIOLATED)
_1103_/B1                               0.75    1.04   -0.29 (VIOLATED)
_1101_/X                                0.75    1.04   -0.29 (VIOLATED)
_1106_/A2                               0.75    1.04   -0.29 (VIOLATED)
_1104_/A2                               0.75    1.04   -0.29 (VIOLATED)
_1105_/A2                               0.75    1.04   -0.29 (VIOLATED)
_1111_/A2                               0.75    1.04   -0.29 (VIOLATED)
_1110_/A2                               0.75    1.04   -0.29 (VIOLATED)
_1103_/A2                               0.75    1.04   -0.29 (VIOLATED)
_1102_/A2                               0.75    1.04   -0.29 (VIOLATED)
_1107_/A2                               0.75    1.04   -0.29 (VIOLATED)
_1108_/A2                               0.75    1.04   -0.29 (VIOLATED)
_1109_/A2                               0.75    1.04   -0.29 (VIOLATED)
_1099_/X                                0.75    1.04   -0.29 (VIOLATED)
_0914_/A2                               0.75    1.03   -0.28 (VIOLATED)
_0909_/A2                               0.75    1.03   -0.28 (VIOLATED)
_0908_/A2                               0.75    1.03   -0.28 (VIOLATED)
_0911_/A2                               0.75    1.03   -0.28 (VIOLATED)
_0917_/A2                               0.75    1.03   -0.28 (VIOLATED)
_0916_/A2                               0.75    1.03   -0.28 (VIOLATED)
_0915_/A2                               0.75    1.03   -0.28 (VIOLATED)
_0912_/A2                               0.75    1.03   -0.28 (VIOLATED)
_0913_/A2                               0.75    1.03   -0.28 (VIOLATED)
_0905_/X                                0.75    1.03   -0.28 (VIOLATED)
_0910_/A2                               0.75    1.03   -0.28 (VIOLATED)
_0843_/B1                               0.75    1.03   -0.28 (VIOLATED)
_0849_/B1                               0.75    1.03   -0.28 (VIOLATED)
_0848_/B1                               0.75    1.03   -0.28 (VIOLATED)
_0845_/B1                               0.75    1.03   -0.28 (VIOLATED)
_0847_/B1                               0.75    1.03   -0.28 (VIOLATED)
_0846_/B1                               0.75    1.03   -0.28 (VIOLATED)
_0844_/B1                               0.75    1.03   -0.28 (VIOLATED)
_0851_/B1                               0.75    1.03   -0.28 (VIOLATED)
_0850_/B1                               0.75    1.03   -0.28 (VIOLATED)
_0842_/X                                0.75    1.03   -0.28 (VIOLATED)
_0852_/B1                               0.75    1.03   -0.28 (VIOLATED)
_0940_/A2                               0.75    1.03   -0.28 (VIOLATED)
_0941_/A2                               0.75    1.03   -0.28 (VIOLATED)
_0934_/A2                               0.75    1.03   -0.28 (VIOLATED)
_0939_/A2                               0.75    1.03   -0.28 (VIOLATED)
_0935_/A2                               0.75    1.03   -0.28 (VIOLATED)
_0936_/A2                               0.75    1.03   -0.28 (VIOLATED)
_0933_/A2                               0.75    1.02   -0.27 (VIOLATED)
_0932_/A2                               0.75    1.02   -0.27 (VIOLATED)
_0937_/A2                               0.75    1.02   -0.27 (VIOLATED)
_0938_/A2                               0.75    1.02   -0.27 (VIOLATED)
_0929_/X                                0.75    1.02   -0.27 (VIOLATED)
_0831_/A1                               0.75    1.02   -0.27 (VIOLATED)
_0876_/A1                               0.75    1.02   -0.27 (VIOLATED)
_0854_/A1                               0.75    1.02   -0.27 (VIOLATED)
_0805_/A1                               0.75    1.02   -0.27 (VIOLATED)
_1007_/A1                               0.75    1.02   -0.27 (VIOLATED)
_0943_/A1                               0.75    1.02   -0.27 (VIOLATED)
_0919_/A1                               0.75    1.02   -0.27 (VIOLATED)
_0898_/A1                               0.75    1.02   -0.27 (VIOLATED)
_0964_/A1                               0.75    1.02   -0.27 (VIOLATED)
_0804_/X                                0.75    1.02   -0.27 (VIOLATED)
_0986_/A1                               0.75    1.02   -0.27 (VIOLATED)
_0887_/A2                               0.75    1.02   -0.27 (VIOLATED)
_0892_/A2                               0.75    1.02   -0.27 (VIOLATED)
_0890_/A2                               0.75    1.02   -0.27 (VIOLATED)
_0889_/A2                               0.75    1.02   -0.27 (VIOLATED)
_0891_/A2                               0.75    1.02   -0.27 (VIOLATED)
_0893_/A2                               0.75    1.02   -0.27 (VIOLATED)
_0894_/A2                               0.75    1.02   -0.27 (VIOLATED)
_0888_/A2                               0.75    1.02   -0.27 (VIOLATED)
_0896_/A2                               0.75    1.02   -0.27 (VIOLATED)
_0895_/A2                               0.75    1.02   -0.27 (VIOLATED)
_0884_/X                                0.75    1.02   -0.27 (VIOLATED)
_0764_/S                                0.75    1.01   -0.26 (VIOLATED)
_0720_/S                                0.75    1.01   -0.26 (VIOLATED)
_0709_/S                                0.75    1.01   -0.26 (VIOLATED)
_0615_/B1                               0.75    1.01   -0.26 (VIOLATED)
_0742_/S                                0.75    1.01   -0.26 (VIOLATED)
_0586_/B1                               0.75    1.01   -0.26 (VIOLATED)
_0603_/B1                               0.75    1.01   -0.26 (VIOLATED)
_0753_/S                                0.75    1.01   -0.26 (VIOLATED)
_0731_/S                                0.75    1.01   -0.26 (VIOLATED)
_0585_/X                                0.75    1.01   -0.26 (VIOLATED)
_0630_/B1                               0.75    1.01   -0.26 (VIOLATED)
_0937_/B1                               0.75    1.01   -0.26 (VIOLATED)
_0938_/B1                               0.75    1.01   -0.26 (VIOLATED)
_0936_/B1                               0.75    1.01   -0.26 (VIOLATED)
_0940_/B1                               0.75    1.01   -0.26 (VIOLATED)
_0941_/B1                               0.75    1.01   -0.26 (VIOLATED)
_0935_/B1                               0.75    1.01   -0.26 (VIOLATED)
_0843_/A1                               0.75    1.01   -0.26 (VIOLATED)
_0865_/A1                               0.75    1.01   -0.26 (VIOLATED)
_0996_/A1                               0.75    1.01   -0.26 (VIOLATED)
_0887_/A1                               0.75    1.01   -0.26 (VIOLATED)
_0939_/B1                               0.75    1.01   -0.26 (VIOLATED)
_0975_/A1                               0.75    1.01   -0.26 (VIOLATED)
_0908_/A1                               0.75    1.01   -0.26 (VIOLATED)
_0934_/B1                               0.75    1.01   -0.26 (VIOLATED)
_0932_/B1                               0.75    1.01   -0.26 (VIOLATED)
_0933_/B1                               0.75    1.01   -0.26 (VIOLATED)
_0931_/X                                0.75    1.01   -0.26 (VIOLATED)
_0953_/A1                               0.75    1.01   -0.26 (VIOLATED)
_0820_/A1                               0.75    1.01   -0.26 (VIOLATED)
_0783_/A1                               0.75    1.01   -0.26 (VIOLATED)
_0773_/X                                0.75    1.01   -0.26 (VIOLATED)
_0932_/A1                               0.75    1.01   -0.26 (VIOLATED)
_0799_/A2                               0.75    1.01   -0.26 (VIOLATED)
_0783_/A2                               0.75    1.01   -0.26 (VIOLATED)
_0801_/A2                               0.75    1.01   -0.26 (VIOLATED)
_0795_/A2                               0.75    1.01   -0.26 (VIOLATED)
_0789_/A2                               0.75    1.01   -0.26 (VIOLATED)
_0793_/A2                               0.75    1.01   -0.26 (VIOLATED)
_0797_/A2                               0.75    1.01   -0.26 (VIOLATED)
_0785_/A2                               0.75    1.01   -0.26 (VIOLATED)
_0787_/A2                               0.75    1.01   -0.26 (VIOLATED)
_0791_/A2                               0.75    1.01   -0.26 (VIOLATED)
_0778_/X                                0.75    1.01   -0.26 (VIOLATED)
_0914_/B1                               0.75    1.00   -0.25 (VIOLATED)
_0909_/B1                               0.75    1.00   -0.25 (VIOLATED)
_0908_/B1                               0.75    1.00   -0.25 (VIOLATED)
_0916_/B1                               0.75    1.00   -0.25 (VIOLATED)
_0915_/B1                               0.75    1.00   -0.25 (VIOLATED)
_0913_/B1                               0.75    1.00   -0.25 (VIOLATED)
_0910_/B1                               0.75    1.00   -0.25 (VIOLATED)
_0917_/B1                               0.75    1.00   -0.25 (VIOLATED)
_0907_/X                                0.75    1.00   -0.25 (VIOLATED)
_0911_/B1                               0.75    1.00   -0.25 (VIOLATED)
_0912_/B1                               0.75    1.00   -0.25 (VIOLATED)
_0608_/A1                               0.75    0.99   -0.24 (VIOLATED)
_0648_/A1                               0.75    0.99   -0.24 (VIOLATED)
_0597_/A1                               0.75    0.99   -0.24 (VIOLATED)
_0621_/A1                               0.75    0.99   -0.24 (VIOLATED)
_0706_/A1                               0.75    0.99   -0.24 (VIOLATED)
_0684_/A1                               0.75    0.99   -0.24 (VIOLATED)
_0661_/A1                               0.75    0.99   -0.24 (VIOLATED)
_0695_/A1                               0.75    0.99   -0.24 (VIOLATED)
_0635_/A1                               0.75    0.99   -0.24 (VIOLATED)
_0672_/A1                               0.75    0.99   -0.24 (VIOLATED)
_0563_/X                                0.75    0.99   -0.24 (VIOLATED)
_0701_/A1                               0.75    0.99   -0.24 (VIOLATED)
_0679_/A1                               0.75    0.99   -0.24 (VIOLATED)
_0745_/A1                               0.75    0.99   -0.24 (VIOLATED)
_0723_/A1                               0.75    0.99   -0.24 (VIOLATED)
_0690_/A1                               0.75    0.99   -0.24 (VIOLATED)
_0815_/A                                0.75    0.99   -0.24 (VIOLATED)
_0756_/A1                               0.75    0.99   -0.24 (VIOLATED)
_0734_/A1                               0.75    0.99   -0.24 (VIOLATED)
_0767_/A1                               0.75    0.99   -0.24 (VIOLATED)
_0712_/A1                               0.75    0.99   -0.24 (VIOLATED)
_0678_/X                                0.75    0.99   -0.24 (VIOLATED)
_0887_/B1                               0.75    0.99   -0.24 (VIOLATED)
_0892_/B1                               0.75    0.99   -0.24 (VIOLATED)
_0890_/B1                               0.75    0.99   -0.24 (VIOLATED)
_0888_/B1                               0.75    0.99   -0.24 (VIOLATED)
_0896_/B1                               0.75    0.99   -0.24 (VIOLATED)
_0895_/B1                               0.75    0.99   -0.24 (VIOLATED)
_0893_/B1                               0.75    0.99   -0.24 (VIOLATED)
_0886_/X                                0.75    0.99   -0.24 (VIOLATED)
_0889_/B1                               0.75    0.99   -0.24 (VIOLATED)
_0891_/B1                               0.75    0.99   -0.24 (VIOLATED)
_0894_/B1                               0.75    0.99   -0.24 (VIOLATED)
_0873_/B1                               0.75    0.97   -0.22 (VIOLATED)
_0870_/B1                               0.75    0.97   -0.22 (VIOLATED)
_0874_/B1                               0.75    0.97   -0.22 (VIOLATED)
_0866_/B1                               0.75    0.97   -0.22 (VIOLATED)
_0868_/B1                               0.75    0.97   -0.22 (VIOLATED)
_0872_/B1                               0.75    0.97   -0.22 (VIOLATED)
_0867_/B1                               0.75    0.97   -0.22 (VIOLATED)
_0871_/B1                               0.75    0.97   -0.22 (VIOLATED)
_0865_/B1                               0.75    0.97   -0.22 (VIOLATED)
_0869_/B1                               0.75    0.97   -0.22 (VIOLATED)
_0864_/X                                0.75    0.97   -0.22 (VIOLATED)
_0650_/S1                               0.75    0.97   -0.22 (VIOLATED)
_0662_/S1                               0.75    0.97   -0.22 (VIOLATED)
_0685_/S1                               0.75    0.97   -0.22 (VIOLATED)
_0673_/S1                               0.75    0.97   -0.22 (VIOLATED)
_0636_/S1                               0.75    0.97   -0.22 (VIOLATED)
_0609_/S1                               0.75    0.97   -0.22 (VIOLATED)
_0598_/S1                               0.75    0.97   -0.22 (VIOLATED)
_0622_/S1                               0.75    0.97   -0.22 (VIOLATED)
_0567_/X                                0.75    0.97   -0.22 (VIOLATED)
_0568_/S1                               0.75    0.97   -0.22 (VIOLATED)
_0696_/S1                               0.75    0.97   -0.22 (VIOLATED)
_1020_/A2                               0.75    0.97   -0.22 (VIOLATED)
_1024_/A2                               0.75    0.97   -0.22 (VIOLATED)
_1026_/A2                               0.75    0.97   -0.22 (VIOLATED)
_1039_/A2                               0.75    0.97   -0.22 (VIOLATED)
_1045_/A2                               0.75    0.97   -0.22 (VIOLATED)
_1042_/A2                               0.75    0.97   -0.22 (VIOLATED)
_1044_/A2                               0.75    0.97   -0.22 (VIOLATED)
_1046_/A2                               0.75    0.97   -0.22 (VIOLATED)
_1018_/A2                               0.75    0.97   -0.22 (VIOLATED)
_1041_/A2                               0.75    0.97   -0.22 (VIOLATED)
_1038_/A2                               0.75    0.97   -0.22 (VIOLATED)
_1047_/A2                               0.75    0.97   -0.22 (VIOLATED)
_1043_/A2                               0.75    0.97   -0.22 (VIOLATED)
_1040_/A2                               0.75    0.97   -0.22 (VIOLATED)
_1035_/X                                0.75    0.97   -0.22 (VIOLATED)
_1021_/A2                               0.75    0.97   -0.22 (VIOLATED)
_1025_/A2                               0.75    0.97   -0.22 (VIOLATED)
_1022_/A2                               0.75    0.97   -0.22 (VIOLATED)
_1019_/A2                               0.75    0.97   -0.22 (VIOLATED)
_1017_/A2                               0.75    0.97   -0.22 (VIOLATED)
_1014_/X                                0.75    0.97   -0.22 (VIOLATED)
_1023_/A2                               0.75    0.97   -0.22 (VIOLATED)
_0999_/B1                               0.75    0.96   -0.21 (VIOLATED)
_0998_/B1                               0.75    0.96   -0.21 (VIOLATED)
_0996_/B1                               0.75    0.96   -0.21 (VIOLATED)
_0997_/B1                               0.75    0.96   -0.21 (VIOLATED)
_1001_/B1                               0.75    0.96   -0.21 (VIOLATED)
_1002_/B1                               0.75    0.96   -0.21 (VIOLATED)
_1004_/B1                               0.75    0.96   -0.21 (VIOLATED)
_1000_/B1                               0.75    0.96   -0.21 (VIOLATED)
_1003_/B1                               0.75    0.96   -0.21 (VIOLATED)
_1005_/B1                               0.75    0.96   -0.21 (VIOLATED)
_0995_/X                                0.75    0.96   -0.21 (VIOLATED)
_0655_/A1                               0.75    0.96   -0.21 (VIOLATED)
_0603_/A1                               0.75    0.96   -0.21 (VIOLATED)
_0765_/S1                               0.75    0.96   -0.21 (VIOLATED)
_0643_/A1                               0.75    0.96   -0.21 (VIOLATED)
_0667_/A1                               0.75    0.96   -0.21 (VIOLATED)
_0743_/S1                               0.75    0.96   -0.21 (VIOLATED)
_0586_/A1                               0.75    0.96   -0.21 (VIOLATED)
_0630_/A1                               0.75    0.96   -0.21 (VIOLATED)
_0754_/S1                               0.75    0.96   -0.21 (VIOLATED)
_0615_/A1                               0.75    0.96   -0.21 (VIOLATED)
_0582_/X                                0.75    0.96   -0.21 (VIOLATED)
_1125_/A2                               0.75    0.95   -0.20 (VIOLATED)
_1129_/A2                               0.75    0.95   -0.20 (VIOLATED)
_1124_/A2                               0.75    0.95   -0.20 (VIOLATED)
_1130_/A2                               0.75    0.95   -0.20 (VIOLATED)
_1133_/A2                               0.75    0.95   -0.20 (VIOLATED)
_1128_/A2                               0.75    0.95   -0.20 (VIOLATED)
_1126_/A2                               0.75    0.95   -0.20 (VIOLATED)
_1127_/A2                               0.75    0.95   -0.20 (VIOLATED)
_1132_/A2                               0.75    0.95   -0.20 (VIOLATED)
_1121_/X                                0.75    0.95   -0.20 (VIOLATED)
_1131_/A2                               0.75    0.95   -0.20 (VIOLATED)
_1125_/B1                               0.75    0.95   -0.20 (VIOLATED)
_1132_/B1                               0.75    0.95   -0.20 (VIOLATED)
_1131_/B1                               0.75    0.95   -0.20 (VIOLATED)
_1133_/B1                               0.75    0.95   -0.20 (VIOLATED)
_1126_/B1                               0.75    0.95   -0.20 (VIOLATED)
_1127_/B1                               0.75    0.95   -0.20 (VIOLATED)
_1129_/B1                               0.75    0.95   -0.20 (VIOLATED)
_1124_/B1                               0.75    0.95   -0.20 (VIOLATED)
_1130_/B1                               0.75    0.95   -0.20 (VIOLATED)
_1128_/B1                               0.75    0.95   -0.20 (VIOLATED)
_1123_/X                                0.75    0.95   -0.20 (VIOLATED)
_1082_/B1                               0.75    0.95   -0.20 (VIOLATED)
_1083_/B1                               0.75    0.95   -0.20 (VIOLATED)
_1087_/B1                               0.75    0.95   -0.20 (VIOLATED)
_1086_/B1                               0.75    0.95   -0.20 (VIOLATED)
_1088_/B1                               0.75    0.95   -0.20 (VIOLATED)
_1085_/B1                               0.75    0.95   -0.20 (VIOLATED)
_1090_/B1                               0.75    0.95   -0.20 (VIOLATED)
_1089_/B1                               0.75    0.95   -0.20 (VIOLATED)
_1084_/B1                               0.75    0.95   -0.20 (VIOLATED)
_1081_/B1                               0.75    0.95   -0.20 (VIOLATED)
_1080_/X                                0.75    0.95   -0.20 (VIOLATED)
_0799_/B1                               0.75    0.94   -0.19 (VIOLATED)
_0801_/B1                               0.75    0.94   -0.19 (VIOLATED)
_0785_/B1                               0.75    0.94   -0.19 (VIOLATED)
_0787_/B1                               0.75    0.94   -0.19 (VIOLATED)
_0795_/B1                               0.75    0.94   -0.19 (VIOLATED)
_0783_/B1                               0.75    0.94   -0.19 (VIOLATED)
_0791_/B1                               0.75    0.94   -0.19 (VIOLATED)
_0793_/B1                               0.75    0.94   -0.19 (VIOLATED)
_0797_/B1                               0.75    0.94   -0.19 (VIOLATED)
_0789_/B1                               0.75    0.94   -0.19 (VIOLATED)
_0782_/X                                0.75    0.94   -0.19 (VIOLATED)
_1021_/B1                               0.75    0.94   -0.19 (VIOLATED)
_1025_/B1                               0.75    0.94   -0.19 (VIOLATED)
_1019_/B1                               0.75    0.94   -0.19 (VIOLATED)
_1020_/B1                               0.75    0.94   -0.19 (VIOLATED)
_1024_/B1                               0.75    0.94   -0.19 (VIOLATED)
_1026_/B1                               0.75    0.94   -0.19 (VIOLATED)
_1023_/B1                               0.75    0.94   -0.19 (VIOLATED)
_1017_/B1                               0.75    0.94   -0.19 (VIOLATED)
_1022_/B1                               0.75    0.94   -0.19 (VIOLATED)
_1016_/X                                0.75    0.94   -0.19 (VIOLATED)
_1018_/B1                               0.75    0.94   -0.19 (VIOLATED)
_0678_/A                                0.75    0.94   -0.19 (VIOLATED)
_0594_/A                                0.75    0.94   -0.19 (VIOLATED)
_0579_/A                                0.75    0.94   -0.19 (VIOLATED)
_0758_/A                                0.75    0.94   -0.19 (VIOLATED)
_0769_/A                                0.75    0.94   -0.19 (VIOLATED)
_0625_/A                                0.75    0.94   -0.19 (VIOLATED)
_0582_/A                                0.75    0.94   -0.19 (VIOLATED)
_0736_/A                                0.75    0.94   -0.19 (VIOLATED)
_0567_/A                                0.75    0.94   -0.19 (VIOLATED)
_0747_/A                                0.75    0.94   -0.19 (VIOLATED)
_0566_/X                                0.75    0.94   -0.19 (VIOLATED)
_0655_/A2                               0.75    0.94   -0.19 (VIOLATED)
_0712_/A2                               0.75    0.94   -0.19 (VIOLATED)
_0643_/A2                               0.75    0.94   -0.19 (VIOLATED)
_0734_/A2                               0.75    0.94   -0.19 (VIOLATED)
_0667_/A2                               0.75    0.94   -0.19 (VIOLATED)
_0723_/A2                               0.75    0.94   -0.19 (VIOLATED)
_0630_/A2                               0.75    0.94   -0.19 (VIOLATED)
_0690_/A2                               0.75    0.94   -0.19 (VIOLATED)
_0679_/A2                               0.75    0.94   -0.19 (VIOLATED)
_0701_/A2                               0.75    0.94   -0.19 (VIOLATED)
_0629_/X                                0.75    0.94   -0.19 (VIOLATED)
_1058_/A2                               0.75    0.94   -0.19 (VIOLATED)
_0589_/A                                0.75    0.94   -0.19 (VIOLATED)
_0745_/A2                               0.75    0.94   -0.19 (VIOLATED)
_0604_/A                                0.75    0.94   -0.19 (VIOLATED)
_0644_/A                                0.75    0.94   -0.19 (VIOLATED)
_0631_/A                                0.75    0.94   -0.19 (VIOLATED)
_0815_/B                                0.75    0.94   -0.19 (VIOLATED)
_0756_/A2                               0.75    0.94   -0.19 (VIOLATED)
_0587_/X                                0.75    0.94   -0.19 (VIOLATED)
_0616_/A                                0.75    0.94   -0.19 (VIOLATED)
_0767_/A2                               0.75    0.94   -0.19 (VIOLATED)
_0565_/A                                0.75    0.94   -0.19 (VIOLATED)
_0569_/A                                0.75    0.94   -0.19 (VIOLATED)
_0649_/A                                0.75    0.94   -0.19 (VIOLATED)
_1043_/B1                               0.75    0.94   -0.19 (VIOLATED)
_0591_/A                                0.75    0.94   -0.19 (VIOLATED)
_1040_/B1                               0.75    0.94   -0.19 (VIOLATED)
_1047_/B1                               0.75    0.94   -0.19 (VIOLATED)
_1046_/B1                               0.75    0.94   -0.19 (VIOLATED)
_1045_/B1                               0.75    0.94   -0.19 (VIOLATED)
_1042_/B1                               0.75    0.94   -0.19 (VIOLATED)
_0656_/A                                0.75    0.94   -0.19 (VIOLATED)
_0612_/A                                0.75    0.94   -0.19 (VIOLATED)
_1038_/B1                               0.75    0.94   -0.19 (VIOLATED)
_1039_/B1                               0.75    0.94   -0.19 (VIOLATED)
_1041_/B1                               0.75    0.94   -0.19 (VIOLATED)
_1037_/X                                0.75    0.94   -0.19 (VIOLATED)
_1044_/B1                               0.75    0.94   -0.19 (VIOLATED)
_0774_/A_N                              0.75    0.94   -0.19 (VIOLATED)
_0881_/B                                0.75    0.94   -0.19 (VIOLATED)
_0564_/X                                0.75    0.94   -0.19 (VIOLATED)
_0578_/A                                0.75    0.94   -0.19 (VIOLATED)
_1118_/B                                0.75    0.94   -0.19 (VIOLATED)
_0984_/A2                               0.75    0.94   -0.19 (VIOLATED)
_0983_/A2                               0.75    0.94   -0.19 (VIOLATED)
_0981_/A2                               0.75    0.94   -0.19 (VIOLATED)
_0977_/A2                               0.75    0.94   -0.19 (VIOLATED)
_0982_/A2                               0.75    0.94   -0.19 (VIOLATED)
_0979_/A2                               0.75    0.94   -0.19 (VIOLATED)
_0978_/A2                               0.75    0.94   -0.19 (VIOLATED)
_0975_/A2                               0.75    0.94   -0.19 (VIOLATED)
_0980_/A2                               0.75    0.94   -0.19 (VIOLATED)
_0972_/X                                0.75    0.94   -0.19 (VIOLATED)
_0976_/A2                               0.75    0.94   -0.19 (VIOLATED)
_0797_/A1                               0.75    0.93   -0.18 (VIOLATED)
_0939_/A1                               0.75    0.93   -0.18 (VIOLATED)
_0982_/A1                               0.75    0.93   -0.18 (VIOLATED)
_0872_/A1                               0.75    0.93   -0.18 (VIOLATED)
_1003_/A1                               0.75    0.93   -0.18 (VIOLATED)
_0850_/A1                               0.75    0.93   -0.18 (VIOLATED)
_0894_/A1                               0.75    0.93   -0.18 (VIOLATED)
_0915_/A1                               0.75    0.93   -0.18 (VIOLATED)
_0960_/A1                               0.75    0.93   -0.18 (VIOLATED)
_0827_/A1                               0.75    0.93   -0.18 (VIOLATED)
_0796_/X                                0.75    0.93   -0.18 (VIOLATED)
_0814_/B                                0.75    0.93   -0.18 (VIOLATED)
_0574_/A                                0.75    0.93   -0.18 (VIOLATED)
_0576_/A                                0.75    0.93   -0.18 (VIOLATED)
_0642_/A                                0.75    0.93   -0.18 (VIOLATED)
_0837_/B_N                              0.75    0.93   -0.18 (VIOLATED)
_0775_/B                                0.75    0.93   -0.18 (VIOLATED)
_0756_/B1                               0.75    0.93   -0.18 (VIOLATED)
_0585_/A                                0.75    0.93   -0.18 (VIOLATED)
_0859_/A                                0.75    0.93   -0.18 (VIOLATED)
_0573_/X                                0.75    0.93   -0.18 (VIOLATED)
_0767_/B1                               0.75    0.93   -0.18 (VIOLATED)
_0603_/A2                               0.75    0.93   -0.18 (VIOLATED)
_0818_/A2                               0.75    0.93   -0.18 (VIOLATED)
_0737_/B                                0.75    0.93   -0.18 (VIOLATED)
_0748_/B                                0.75    0.93   -0.18 (VIOLATED)
_0770_/B                                0.75    0.93   -0.18 (VIOLATED)
_0759_/B                                0.75    0.93   -0.18 (VIOLATED)
_0586_/A2                               0.75    0.93   -0.18 (VIOLATED)
_0715_/B                                0.75    0.93   -0.18 (VIOLATED)
_0615_/A2                               0.75    0.93   -0.18 (VIOLATED)
_0726_/B                                0.75    0.93   -0.18 (VIOLATED)
_0584_/X                                0.75    0.93   -0.18 (VIOLATED)
_0984_/B1                               0.75    0.93   -0.18 (VIOLATED)
_0983_/B1                               0.75    0.93   -0.18 (VIOLATED)
_0981_/B1                               0.75    0.93   -0.18 (VIOLATED)
_0977_/B1                               0.75    0.93   -0.18 (VIOLATED)
_0982_/B1                               0.75    0.93   -0.18 (VIOLATED)
_0979_/B1                               0.75    0.93   -0.18 (VIOLATED)
_0978_/B1                               0.75    0.93   -0.18 (VIOLATED)
_0975_/B1                               0.75    0.93   -0.18 (VIOLATED)
_0980_/B1                               0.75    0.93   -0.18 (VIOLATED)
_0974_/X                                0.75    0.93   -0.18 (VIOLATED)
_0976_/B1                               0.75    0.93   -0.18 (VIOLATED)
_0961_/B1                               0.75    0.93   -0.18 (VIOLATED)
_0960_/B1                               0.75    0.93   -0.18 (VIOLATED)
_0959_/B1                               0.75    0.93   -0.18 (VIOLATED)
_0962_/B1                               0.75    0.93   -0.18 (VIOLATED)
_0956_/B1                               0.75    0.93   -0.18 (VIOLATED)
_0957_/B1                               0.75    0.93   -0.18 (VIOLATED)
_0953_/B1                               0.75    0.93   -0.18 (VIOLATED)
_0958_/B1                               0.75    0.93   -0.18 (VIOLATED)
_0954_/B1                               0.75    0.93   -0.18 (VIOLATED)
_0955_/B1                               0.75    0.93   -0.18 (VIOLATED)
_0952_/X                                0.75    0.93   -0.18 (VIOLATED)
_0826_/B1                               0.75    0.92   -0.17 (VIOLATED)
_0827_/B1                               0.75    0.92   -0.17 (VIOLATED)
_0822_/B1                               0.75    0.92   -0.17 (VIOLATED)
_0821_/B1                               0.75    0.92   -0.17 (VIOLATED)
_0823_/B1                               0.75    0.92   -0.17 (VIOLATED)
_0824_/B1                               0.75    0.92   -0.17 (VIOLATED)
_0825_/B1                               0.75    0.92   -0.17 (VIOLATED)
_0829_/B1                               0.75    0.92   -0.17 (VIOLATED)
_0828_/B1                               0.75    0.92   -0.17 (VIOLATED)
_0820_/B1                               0.75    0.92   -0.17 (VIOLATED)
_0819_/X                                0.75    0.92   -0.17 (VIOLATED)
_0813_/A1                               0.75    0.92   -0.17 (VIOLATED)
_0923_/A1                               0.75    0.92   -0.17 (VIOLATED)
_0990_/A1                               0.75    0.92   -0.17 (VIOLATED)
_1011_/A1                               0.75    0.92   -0.17 (VIOLATED)
_0880_/A1                               0.75    0.92   -0.17 (VIOLATED)
_0902_/A1                               0.75    0.92   -0.17 (VIOLATED)
_0968_/A1                               0.75    0.92   -0.17 (VIOLATED)
_0835_/A1                               0.75    0.92   -0.17 (VIOLATED)
_0858_/A1                               0.75    0.92   -0.17 (VIOLATED)
_0947_/A1                               0.75    0.92   -0.17 (VIOLATED)
_0812_/X                                0.75    0.92   -0.17 (VIOLATED)
_0984_/A1                               0.75    0.91   -0.16 (VIOLATED)
_0962_/A1                               0.75    0.91   -0.16 (VIOLATED)
_0801_/A1                               0.75    0.91   -0.16 (VIOLATED)
_0896_/A1                               0.75    0.91   -0.16 (VIOLATED)
_0852_/A1                               0.75    0.91   -0.16 (VIOLATED)
_0874_/A1                               0.75    0.91   -0.16 (VIOLATED)
_1005_/A1                               0.75    0.91   -0.16 (VIOLATED)
_0917_/A1                               0.75    0.91   -0.16 (VIOLATED)
_0800_/X                                0.75    0.91   -0.16 (VIOLATED)
_0829_/A1                               0.75    0.91   -0.16 (VIOLATED)
_0941_/A1                               0.75    0.91   -0.16 (VIOLATED)
_0653_/S1                               0.75    0.91   -0.16 (VIOLATED)
_0626_/S1                               0.75    0.91   -0.16 (VIOLATED)
_0721_/S1                               0.75    0.91   -0.16 (VIOLATED)
_0640_/S1                               0.75    0.91   -0.16 (VIOLATED)
_0665_/S1                               0.75    0.91   -0.16 (VIOLATED)
_0676_/S1                               0.75    0.91   -0.16 (VIOLATED)
_0699_/S1                               0.75    0.91   -0.16 (VIOLATED)
_0710_/S1                               0.75    0.91   -0.16 (VIOLATED)
_0732_/S1                               0.75    0.91   -0.16 (VIOLATED)
_0625_/X                                0.75    0.91   -0.16 (VIOLATED)
_0688_/S1                               0.75    0.91   -0.16 (VIOLATED)
_0954_/A2                               0.75    0.89   -0.14 (VIOLATED)
_0958_/A2                               0.75    0.89   -0.14 (VIOLATED)
_0955_/A2                               0.75    0.89   -0.14 (VIOLATED)
_0957_/A2                               0.75    0.89   -0.14 (VIOLATED)
_0953_/A2                               0.75    0.89   -0.14 (VIOLATED)
_0956_/A2                               0.75    0.89   -0.14 (VIOLATED)
_0959_/A2                               0.75    0.89   -0.14 (VIOLATED)
_0962_/A2                               0.75    0.89   -0.14 (VIOLATED)
_0950_/X                                0.75    0.89   -0.14 (VIOLATED)
_0960_/A2                               0.75    0.89   -0.14 (VIOLATED)
_0961_/A2                               0.75    0.89   -0.14 (VIOLATED)
_0955_/A1                               0.75    0.89   -0.14 (VIOLATED)
_0998_/A1                               0.75    0.89   -0.14 (VIOLATED)
_0787_/A1                               0.75    0.89   -0.14 (VIOLATED)
_0845_/A1                               0.75    0.89   -0.14 (VIOLATED)
_0867_/A1                               0.75    0.89   -0.14 (VIOLATED)
_0889_/A1                               0.75    0.89   -0.14 (VIOLATED)
_0934_/A1                               0.75    0.89   -0.14 (VIOLATED)
_0910_/A1                               0.75    0.89   -0.14 (VIOLATED)
_0977_/A1                               0.75    0.89   -0.14 (VIOLATED)
_0786_/X                                0.75    0.89   -0.14 (VIOLATED)
_0822_/A1                               0.75    0.89   -0.14 (VIOLATED)
_0848_/A1                               0.75    0.89   -0.14 (VIOLATED)
_0937_/A1                               0.75    0.89   -0.14 (VIOLATED)
_0825_/A1                               0.75    0.89   -0.14 (VIOLATED)
_0892_/A1                               0.75    0.89   -0.14 (VIOLATED)
_0980_/A1                               0.75    0.89   -0.14 (VIOLATED)
_0793_/A1                               0.75    0.89   -0.14 (VIOLATED)
_1001_/A1                               0.75    0.89   -0.14 (VIOLATED)
_0958_/A1                               0.75    0.89   -0.14 (VIOLATED)
_0792_/X                                0.75    0.89   -0.14 (VIOLATED)
_0870_/A1                               0.75    0.89   -0.14 (VIOLATED)
_0913_/A1                               0.75    0.89   -0.14 (VIOLATED)
_0690_/B1                               0.75    0.89   -0.14 (VIOLATED)
_0679_/B1                               0.75    0.89   -0.14 (VIOLATED)
_0701_/B1                               0.75    0.89   -0.14 (VIOLATED)
_0745_/B1                               0.75    0.89   -0.14 (VIOLATED)
_0723_/B1                               0.75    0.89   -0.14 (VIOLATED)
_0655_/B1                               0.75    0.89   -0.14 (VIOLATED)
_0712_/B1                               0.75    0.89   -0.14 (VIOLATED)
_0642_/X                                0.75    0.89   -0.14 (VIOLATED)
_0643_/B1                               0.75    0.89   -0.14 (VIOLATED)
_0667_/B1                               0.75    0.89   -0.14 (VIOLATED)
_0734_/B1                               0.75    0.89   -0.14 (VIOLATED)
_0997_/A2                               0.75    0.89   -0.14 (VIOLATED)
_0996_/A2                               0.75    0.89   -0.14 (VIOLATED)
_0999_/A2                               0.75    0.89   -0.14 (VIOLATED)
_1002_/A2                               0.75    0.89   -0.14 (VIOLATED)
_0998_/A2                               0.75    0.89   -0.14 (VIOLATED)
_1004_/A2                               0.75    0.89   -0.14 (VIOLATED)
_1005_/A2                               0.75    0.89   -0.14 (VIOLATED)
_1001_/A2                               0.75    0.89   -0.14 (VIOLATED)
_1000_/A2                               0.75    0.89   -0.14 (VIOLATED)
_0993_/X                                0.75    0.89   -0.14 (VIOLATED)
_1003_/A2                               0.75    0.89   -0.14 (VIOLATED)
_0681_/A                                0.75    0.88   -0.13 (VIOLATED)
_0618_/A                                0.75    0.88   -0.13 (VIOLATED)
_0669_/A                                0.75    0.88   -0.13 (VIOLATED)
_0725_/A                                0.75    0.88   -0.13 (VIOLATED)
_0703_/A                                0.75    0.88   -0.13 (VIOLATED)
_0714_/A                                0.75    0.88   -0.13 (VIOLATED)
_0645_/A                                0.75    0.88   -0.13 (VIOLATED)
_0632_/A                                0.75    0.88   -0.13 (VIOLATED)
_0658_/A                                0.75    0.88   -0.13 (VIOLATED)
_0617_/X                                0.75    0.88   -0.13 (VIOLATED)
_0692_/A                                0.75    0.88   -0.13 (VIOLATED)
_0828_/A2                               0.75    0.87   -0.12 (VIOLATED)
_0829_/A2                               0.75    0.87   -0.12 (VIOLATED)
_0825_/A2                               0.75    0.87   -0.12 (VIOLATED)
_0824_/A2                               0.75    0.87   -0.12 (VIOLATED)
_0823_/A2                               0.75    0.87   -0.12 (VIOLATED)
_0821_/A2                               0.75    0.87   -0.12 (VIOLATED)
_0820_/A2                               0.75    0.87   -0.12 (VIOLATED)
_0826_/A2                               0.75    0.87   -0.12 (VIOLATED)
_0827_/A2                               0.75    0.87   -0.12 (VIOLATED)
_0822_/A2                               0.75    0.87   -0.12 (VIOLATED)
_0816_/X                                0.75    0.87   -0.12 (VIOLATED)
_0900_/A1                               0.75    0.87   -0.12 (VIOLATED)
_0921_/A1                               0.75    0.87   -0.12 (VIOLATED)
_0966_/A1                               0.75    0.87   -0.12 (VIOLATED)
_0809_/A1                               0.75    0.87   -0.12 (VIOLATED)
_0856_/A1                               0.75    0.87   -0.12 (VIOLATED)
_0945_/A1                               0.75    0.87   -0.12 (VIOLATED)
_0833_/A1                               0.75    0.87   -0.12 (VIOLATED)
_0988_/A1                               0.75    0.87   -0.12 (VIOLATED)
_0878_/A1                               0.75    0.87   -0.12 (VIOLATED)
_1009_/A1                               0.75    0.87   -0.12 (VIOLATED)
_0808_/X                                0.75    0.87   -0.12 (VIOLATED)
_0605_/C_N                              0.75    0.87   -0.12 (VIOLATED)
_0768_/A                                0.75    0.87   -0.12 (VIOLATED)
_0681_/C_N                              0.75    0.87   -0.12 (VIOLATED)
_0618_/C_N                              0.75    0.87   -0.12 (VIOLATED)
_0645_/C_N                              0.75    0.87   -0.12 (VIOLATED)
_0592_/C_N                              0.75    0.87   -0.12 (VIOLATED)
_0692_/C_N                              0.75    0.87   -0.12 (VIOLATED)
_0669_/C_N                              0.75    0.87   -0.12 (VIOLATED)
_0658_/C_N                              0.75    0.87   -0.12 (VIOLATED)
_0632_/C_N                              0.75    0.87   -0.12 (VIOLATED)
_0591_/X                                0.75    0.87   -0.12 (VIOLATED)
_0763_/S1                               0.75    0.87   -0.12 (VIOLATED)
_0668_/C_N                              0.75    0.87   -0.12 (VIOLATED)
_0631_/C_N                              0.75    0.87   -0.12 (VIOLATED)
_0644_/C_N                              0.75    0.87   -0.12 (VIOLATED)
_0752_/S1                               0.75    0.87   -0.12 (VIOLATED)
_0680_/C_N                              0.75    0.87   -0.12 (VIOLATED)
_0589_/C_N                              0.75    0.87   -0.12 (VIOLATED)
_0657_/C_N                              0.75    0.87   -0.12 (VIOLATED)
_0616_/C_N                              0.75    0.87   -0.12 (VIOLATED)
_0588_/X                                0.75    0.87   -0.12 (VIOLATED)
_0604_/C_N                              0.75    0.87   -0.12 (VIOLATED)
_0750_/A1                               0.75    0.85   -0.10 (VIOLATED)
_0581_/B1_N                             0.75    0.85   -0.10 (VIOLATED)
_0614_/B1_N                             0.75    0.85   -0.10 (VIOLATED)
_0602_/B1_N                             0.75    0.85   -0.10 (VIOLATED)
_0728_/A1                               0.75    0.85   -0.10 (VIOLATED)
_0772_/A1                               0.75    0.85   -0.10 (VIOLATED)
_0717_/A1                               0.75    0.85   -0.10 (VIOLATED)
_0739_/A1                               0.75    0.85   -0.10 (VIOLATED)
_0761_/A1                               0.75    0.85   -0.10 (VIOLATED)
_0562_/X                                0.75    0.85   -0.10 (VIOLATED)
_0563_/A                                0.75    0.85   -0.10 (VIOLATED)
_0890_/A1                               0.75    0.85   -0.10 (VIOLATED)
_0789_/A1                               0.75    0.85   -0.10 (VIOLATED)
_0868_/A1                               0.75    0.85   -0.10 (VIOLATED)
_0978_/A1                               0.75    0.85   -0.10 (VIOLATED)
_0935_/A1                               0.75    0.85   -0.10 (VIOLATED)
_0823_/A1                               0.75    0.85   -0.10 (VIOLATED)
_0999_/A1                               0.75    0.85   -0.10 (VIOLATED)
_0911_/A1                               0.75    0.85   -0.10 (VIOLATED)
_0788_/X                                0.75    0.85   -0.10 (VIOLATED)
_0846_/A1                               0.75    0.85   -0.10 (VIOLATED)
_0956_/A1                               0.75    0.85   -0.10 (VIOLATED)
_1048_/B1                               0.75    0.85   -0.10 (VIOLATED)
_1053_/B1                               0.75    0.85   -0.10 (VIOLATED)
_1049_/B1                               0.75    0.85   -0.10 (VIOLATED)
_1052_/B1                               0.75    0.85   -0.10 (VIOLATED)
_1051_/B1                               0.75    0.85   -0.10 (VIOLATED)
_1037_/A                                0.75    0.85   -0.10 (VIOLATED)
_1050_/B1                               0.75    0.85   -0.10 (VIOLATED)
_1036_/Y                                0.75    0.85   -0.10 (VIOLATED)
_0758_/C_N                              0.75    0.84   -0.09 (VIOLATED)
_0769_/C_N                              0.75    0.84   -0.09 (VIOLATED)
_0736_/C_N                              0.75    0.84   -0.09 (VIOLATED)
_0714_/C_N                              0.75    0.84   -0.09 (VIOLATED)
_0593_/A                                0.75    0.84   -0.09 (VIOLATED)
_0601_/S0                               0.75    0.84   -0.09 (VIOLATED)
_0725_/C_N                              0.75    0.84   -0.09 (VIOLATED)
_0580_/S0                               0.75    0.84   -0.09 (VIOLATED)
_0703_/C_N                              0.75    0.84   -0.09 (VIOLATED)
_0747_/C_N                              0.75    0.84   -0.09 (VIOLATED)
_0578_/X                                0.75    0.84   -0.09 (VIOLATED)
_1087_/A2                               0.75    0.84   -0.09 (VIOLATED)
_1086_/A2                               0.75    0.84   -0.09 (VIOLATED)
_1088_/A2                               0.75    0.84   -0.09 (VIOLATED)
_1090_/A2                               0.75    0.84   -0.09 (VIOLATED)
_1084_/A2                               0.75    0.84   -0.09 (VIOLATED)
_1089_/A2                               0.75    0.84   -0.09 (VIOLATED)
_1085_/A2                               0.75    0.84   -0.09 (VIOLATED)
_1083_/A2                               0.75    0.84   -0.09 (VIOLATED)
_1082_/A2                               0.75    0.84   -0.09 (VIOLATED)
_1078_/X                                0.75    0.84   -0.09 (VIOLATED)
_1081_/A2                               0.75    0.84   -0.09 (VIOLATED)
_0901_/A1                               0.75    0.83   -0.08 (VIOLATED)
_1010_/A1                               0.75    0.83   -0.08 (VIOLATED)
_0879_/A1                               0.75    0.83   -0.08 (VIOLATED)
_0857_/A1                               0.75    0.83   -0.08 (VIOLATED)
_0946_/A1                               0.75    0.83   -0.08 (VIOLATED)
_0834_/A1                               0.75    0.83   -0.08 (VIOLATED)
_0811_/A1                               0.75    0.83   -0.08 (VIOLATED)
_0967_/A1                               0.75    0.83   -0.08 (VIOLATED)
_0810_/X                                0.75    0.83   -0.08 (VIOLATED)
_0922_/A1                               0.75    0.83   -0.08 (VIOLATED)
_0989_/A1                               0.75    0.83   -0.08 (VIOLATED)
_0666_/A1                               0.75    0.83   -0.08 (VIOLATED)
_0602_/A1                               0.75    0.83   -0.08 (VIOLATED)
_0700_/A1                               0.75    0.83   -0.08 (VIOLATED)
_0641_/A1                               0.75    0.83   -0.08 (VIOLATED)
_0654_/A1                               0.75    0.83   -0.08 (VIOLATED)
_0689_/A1                               0.75    0.83   -0.08 (VIOLATED)
_0628_/A1                               0.75    0.83   -0.08 (VIOLATED)
_0577_/X                                0.75    0.83   -0.08 (VIOLATED)
_0581_/A1                               0.75    0.83   -0.08 (VIOLATED)
_0614_/A1                               0.75    0.83   -0.08 (VIOLATED)
_0677_/A1                               0.75    0.83   -0.08 (VIOLATED)
_0847_/A1                               0.75    0.83   -0.08 (VIOLATED)
_0791_/A1                               0.75    0.83   -0.08 (VIOLATED)
_1000_/A1                               0.75    0.83   -0.08 (VIOLATED)
_0891_/A1                               0.75    0.83   -0.08 (VIOLATED)
_0936_/A1                               0.75    0.83   -0.08 (VIOLATED)
_0957_/A1                               0.75    0.83   -0.08 (VIOLATED)
_0912_/A1                               0.75    0.83   -0.08 (VIOLATED)
_0869_/A1                               0.75    0.83   -0.08 (VIOLATED)
_0979_/A1                               0.75    0.83   -0.08 (VIOLATED)
_0824_/A1                               0.75    0.83   -0.08 (VIOLATED)
_0790_/X                                0.75    0.83   -0.08 (VIOLATED)
_1071_/B1                               0.75    0.83   -0.08 (VIOLATED)
_1073_/B1                               0.75    0.83   -0.08 (VIOLATED)
_1075_/B1                               0.75    0.83   -0.08 (VIOLATED)
_1074_/B1                               0.75    0.83   -0.08 (VIOLATED)
_1072_/B1                               0.75    0.83   -0.08 (VIOLATED)
_1059_/A                                0.75    0.83   -0.08 (VIOLATED)
_1058_/Y                                0.75    0.83   -0.08 (VIOLATED)
_1070_/B1                               0.75    0.83   -0.08 (VIOLATED)
_0855_/A1                               0.75    0.81   -0.06 (VIOLATED)
_0899_/A1                               0.75    0.81   -0.06 (VIOLATED)
_0920_/A1                               0.75    0.81   -0.06 (VIOLATED)
_0807_/A1                               0.75    0.81   -0.06 (VIOLATED)
_0877_/A1                               0.75    0.81   -0.06 (VIOLATED)
_0965_/A1                               0.75    0.81   -0.06 (VIOLATED)
_1008_/A1                               0.75    0.81   -0.06 (VIOLATED)
_0944_/A1                               0.75    0.81   -0.06 (VIOLATED)
_0832_/A1                               0.75    0.81   -0.06 (VIOLATED)
_0806_/X                                0.75    0.81   -0.06 (VIOLATED)
_0987_/A1                               0.75    0.81   -0.06 (VIOLATED)
_0902_/A2                               0.75    0.79   -0.04 (VIOLATED)
_0901_/A2                               0.75    0.79   -0.04 (VIOLATED)
_0899_/A2                               0.75    0.79   -0.04 (VIOLATED)
_0897_/A2                               0.75    0.79   -0.04 (VIOLATED)
_0900_/A2                               0.75    0.79   -0.04 (VIOLATED)
_0884_/A                                0.75    0.79   -0.04 (VIOLATED)
_0898_/A2                               0.75    0.79   -0.04 (VIOLATED)
_0883_/X                                0.75    0.79   -0.04 (VIOLATED)
_0902_/B1                               0.75    0.79   -0.04 (VIOLATED)
_0901_/B1                               0.75    0.79   -0.04 (VIOLATED)
_0899_/B1                               0.75    0.79   -0.04 (VIOLATED)
_0900_/B1                               0.75    0.79   -0.04 (VIOLATED)
_0897_/B1                               0.75    0.79   -0.04 (VIOLATED)
_0886_/A                                0.75    0.79   -0.04 (VIOLATED)
_0898_/B1                               0.75    0.79   -0.04 (VIOLATED)
_0885_/Y                                0.75    0.79   -0.04 (VIOLATED)
_1054_/A                                0.75    0.78   -0.03 (VIOLATED)
_0571_/A                                0.75    0.78   -0.03 (VIOLATED)
_1118_/A                                0.75    0.78   -0.03 (VIOLATED)
_0588_/A                                0.75    0.78   -0.03 (VIOLATED)
_0590_/A                                0.75    0.78   -0.03 (VIOLATED)
_0774_/B                                0.75    0.78   -0.03 (VIOLATED)
_0881_/A                                0.75    0.78   -0.03 (VIOLATED)
_0617_/A                                0.75    0.78   -0.03 (VIOLATED)
_0637_/A                                0.75    0.78   -0.03 (VIOLATED)
_0836_/A_N                              0.75    0.78   -0.03 (VIOLATED)
_0570_/X                                0.75    0.78   -0.03 (VIOLATED)
_0724_/A                                0.75    0.78   -0.03 (VIOLATED)
_0702_/A                                0.75    0.78   -0.03 (VIOLATED)
_0735_/A                                0.75    0.78   -0.03 (VIOLATED)
_0657_/A                                0.75    0.78   -0.03 (VIOLATED)
_0746_/A                                0.75    0.78   -0.03 (VIOLATED)
_0691_/A                                0.75    0.78   -0.03 (VIOLATED)
_0680_/A                                0.75    0.78   -0.03 (VIOLATED)
_0757_/A                                0.75    0.78   -0.03 (VIOLATED)
_0713_/A                                0.75    0.78   -0.03 (VIOLATED)
_0668_/A                                0.75    0.78   -0.03 (VIOLATED)
_0656_/X                                0.75    0.78   -0.03 (VIOLATED)
_0880_/A2                               0.75    0.78   -0.03 (VIOLATED)
_0879_/A2                               0.75    0.78   -0.03 (VIOLATED)
_0875_/A2                               0.75    0.78   -0.03 (VIOLATED)
_0876_/A2                               0.75    0.78   -0.03 (VIOLATED)
_0877_/A2                               0.75    0.78   -0.03 (VIOLATED)
_0862_/A                                0.75    0.78   -0.03 (VIOLATED)
_0878_/A2                               0.75    0.78   -0.03 (VIOLATED)
_0861_/X                                0.75    0.78   -0.03 (VIOLATED)
_1053_/A2                               0.75    0.78   -0.03 (VIOLATED)
_1048_/A2                               0.75    0.78   -0.03 (VIOLATED)
_1050_/A2                               0.75    0.78   -0.03 (VIOLATED)
_1049_/A2                               0.75    0.78   -0.03 (VIOLATED)
_1035_/A                                0.75    0.78   -0.03 (VIOLATED)
_1051_/A2                               0.75    0.78   -0.03 (VIOLATED)
_1052_/A2                               0.75    0.78   -0.03 (VIOLATED)
_1034_/X                                0.75    0.78   -0.03 (VIOLATED)
_0967_/B1                               0.75    0.78   -0.03 (VIOLATED)
_0968_/B1                               0.75    0.78   -0.03 (VIOLATED)
_0965_/B1                               0.75    0.78   -0.03 (VIOLATED)
_0964_/B1                               0.75    0.78   -0.03 (VIOLATED)
_0963_/B1                               0.75    0.78   -0.03 (VIOLATED)
_0952_/A                                0.75    0.78   -0.03 (VIOLATED)
_0966_/B1                               0.75    0.78   -0.03 (VIOLATED)
_0951_/Y                                0.75    0.78   -0.03 (VIOLATED)
_1063_/B1                               0.75    0.77   -0.02 (VIOLATED)
_1068_/B1                               0.75    0.77   -0.02 (VIOLATED)
_1061_/B1                               0.75    0.77   -0.02 (VIOLATED)
_1067_/B1                               0.75    0.77   -0.02 (VIOLATED)
_1060_/B1                               0.75    0.77   -0.02 (VIOLATED)
_1064_/B1                               0.75    0.77   -0.02 (VIOLATED)
_1062_/B1                               0.75    0.77   -0.02 (VIOLATED)
_1065_/B1                               0.75    0.77   -0.02 (VIOLATED)
_1066_/B1                               0.75    0.77   -0.02 (VIOLATED)
_1069_/B1                               0.75    0.77   -0.02 (VIOLATED)
_1059_/X                                0.75    0.77   -0.02 (VIOLATED)
_1009_/A2                               0.75    0.77   -0.02 (VIOLATED)
_1007_/A2                               0.75    0.77   -0.02 (VIOLATED)
_1008_/A2                               0.75    0.77   -0.02 (VIOLATED)
_1011_/A2                               0.75    0.77   -0.02 (VIOLATED)
_1006_/A2                               0.75    0.77   -0.02 (VIOLATED)
_0993_/A                                0.75    0.77   -0.02 (VIOLATED)
_1010_/A2                               0.75    0.77   -0.02 (VIOLATED)
_0992_/X                                0.75    0.77   -0.02 (VIOLATED)
_0722_/B1_N                             0.75    0.76   -0.01 (VIOLATED)
_0666_/B1_N                             0.75    0.76   -0.01 (VIOLATED)
_0641_/B1_N                             0.75    0.76   -0.01 (VIOLATED)
_0700_/B1_N                             0.75    0.76   -0.01 (VIOLATED)
_0711_/B1_N                             0.75    0.76   -0.01 (VIOLATED)
_0628_/B1_N                             0.75    0.76   -0.01 (VIOLATED)
_0677_/B1_N                             0.75    0.76   -0.01 (VIOLATED)
_0654_/B1_N                             0.75    0.76   -0.01 (VIOLATED)
_0689_/B1_N                             0.75    0.76   -0.01 (VIOLATED)
_0627_/X                                0.75    0.76   -0.01 (VIOLATED)
_0733_/B1_N                             0.75    0.76   -0.01 (VIOLATED)
_1015_/A1                               0.75    0.76   -0.01 (VIOLATED)
_0903_/A                                0.75    0.76   -0.01 (VIOLATED)
_0991_/A                                0.75    0.76   -0.01 (VIOLATED)
_0863_/A2                               0.75    0.76   -0.01 (VIOLATED)
_1012_/A                                0.75    0.76   -0.01 (VIOLATED)
_0860_/B                                0.75    0.76   -0.01 (VIOLATED)
_0994_/A1                               0.75    0.76   -0.01 (VIOLATED)
_0906_/A1                               0.75    0.76   -0.01 (VIOLATED)
_0859_/Y                                0.75    0.76   -0.01 (VIOLATED)
_1137_/B1                               0.75    0.75   -0.00 (VIOLATED)
_1138_/B1                               0.75    0.75   -0.00 (VIOLATED)
_1134_/B1                               0.75    0.75   -0.00 (VIOLATED)
_1139_/B1                               0.75    0.75   -0.00 (VIOLATED)
_1136_/B1                               0.75    0.75   -0.00 (VIOLATED)
_1123_/A                                0.75    0.75   -0.00 (VIOLATED)
_1135_/B1                               0.75    0.75   -0.00 (VIOLATED)
_1122_/Y                                0.75    0.75   -0.00 (VIOLATED)



===========================================================================
report_parasitic_annotation -report_unannotated
============================================================================
Found 869 unannotated drivers.
 address[0]
 address[10]
 address[11]
 address[12]
 address[13]
 address[14]
 address[15]
 address[1]
 address[2]
 address[3]
 address[4]
 address[5]
 address[6]
 address[7]
 address[8]
 address[9]
 clk
 data_in[0]
 data_in[10]
 data_in[11]
 data_in[12]
 data_in[13]
 data_in[14]
 data_in[15]
 data_in[1]
 data_in[2]
 data_in[3]
 data_in[4]
 data_in[5]
 data_in[6]
 data_in[7]
 data_in[8]
 data_in[9]
 rst
 we
 _0562_/X
 _0563_/X
 _0564_/X
 _0565_/X
 _0566_/X
 _0567_/X
 _0568_/X
 _0569_/X
 _0570_/X
 _0571_/X
 _0572_/X
 _0573_/X
 _0574_/X
 _0575_/X
 _0576_/Y
 _0577_/X
 _0578_/X
 _0579_/X
 _0580_/X
 _0581_/X
 _0582_/X
 _0583_/X
 _0584_/X
 _0585_/X
 _0586_/X
 _0587_/X
 _0588_/X
 _0589_/X
 _0590_/X
 _0591_/X
 _0592_/X
 _0593_/X
 _0594_/X
 _0595_/Y
 _0596_/X
 _0597_/X
 _0598_/X
 _0599_/X
 _0600_/X
 _0601_/X
 _0602_/X
 _0603_/X
 _0604_/X
 _0605_/X
 _0606_/Y
 _0607_/X
 _0608_/X
 _0609_/X
 _0610_/X
 _0611_/X
 _0612_/X
 _0613_/X
 _0614_/X
 _0615_/X
 _0616_/X
 _0617_/X
 _0618_/X
 _0619_/Y
 _0620_/X
 _0621_/X
 _0622_/X
 _0623_/X
 _0624_/X
 _0625_/X
 _0626_/X
 _0627_/X
 _0628_/X
 _0629_/X
 _0630_/X
 _0631_/X
 _0632_/X
 _0633_/Y
 _0634_/X
 _0635_/X
 _0636_/X
 _0637_/X
 _0638_/X
 _0639_/X
 _0640_/X
 _0641_/X
 _0642_/X
 _0643_/X
 _0644_/X
 _0645_/X
 _0646_/Y
 _0647_/X
 _0648_/X
 _0649_/X
 _0650_/X
 _0651_/X
 _0652_/X
 _0653_/X
 _0654_/X
 _0655_/X
 _0656_/X
 _0657_/X
 _0658_/X
 _0659_/Y
 _0660_/X
 _0661_/X
 _0662_/X
 _0663_/X
 _0664_/X
 _0665_/X
 _0666_/X
 _0667_/X
 _0668_/X
 _0669_/X
 _0670_/Y
 _0671_/X
 _0672_/X
 _0673_/X
 _0674_/X
 _0675_/X
 _0676_/X
 _0677_/X
 _0678_/X
 _0679_/X
 _0680_/X
 _0681_/X
 _0682_/Y
 _0683_/X
 _0684_/X
 _0685_/X
 _0686_/X
 _0687_/X
 _0688_/X
 _0689_/X
 _0690_/X
 _0691_/X
 _0692_/X
 _0693_/Y
 _0694_/X
 _0695_/X
 _0696_/X
 _0697_/X
 _0698_/X
 _0699_/X
 _0700_/X
 _0701_/X
 _0702_/X
 _0703_/X
 _0704_/Y
 _0705_/X
 _0706_/X
 _0707_/X
 _0708_/X
 _0709_/X
 _0710_/X
 _0711_/X
 _0712_/X
 _0713_/X
 _0714_/X
 _0715_/Y
 _0716_/X
 _0717_/X
 _0718_/X
 _0719_/X
 _0720_/X
 _0721_/X
 _0722_/X
 _0723_/X
 _0724_/X
 _0725_/X
 _0726_/Y
 _0727_/X
 _0728_/X
 _0729_/X
 _0730_/X
 _0731_/X
 _0732_/X
 _0733_/X
 _0734_/X
 _0735_/X
 _0736_/X
 _0737_/Y
 _0738_/X
 _0739_/X
 _0740_/X
 _0741_/X
 _0742_/X
 _0743_/X
 _0744_/X
 _0745_/X
 _0746_/X
 _0747_/X
 _0748_/Y
 _0749_/X
 _0750_/X
 _0751_/X
 _0752_/X
 _0753_/X
 _0754_/X
 _0755_/X
 _0756_/X
 _0757_/X
 _0758_/X
 _0759_/Y
 _0760_/X
 _0761_/X
 _0762_/X
 _0763_/X
 _0764_/X
 _0765_/X
 _0766_/X
 _0767_/X
 _0768_/X
 _0769_/X
 _0770_/Y
 _0771_/X
 _0772_/X
 _0773_/X
 _0774_/X
 _0775_/Y
 _0776_/X
 _0777_/X
 _0778_/X
 _0779_/X
 _0780_/X
 _0781_/Y
 _0782_/X
 _0783_/X
 _0784_/X
 _0785_/X
 _0786_/X
 _0787_/X
 _0788_/X
 _0789_/X
 _0790_/X
 _0791_/X
 _0792_/X
 _0793_/X
 _0794_/X
 _0795_/X
 _0796_/X
 _0797_/X
 _0798_/X
 _0799_/X
 _0800_/X
 _0801_/X
 _0802_/X
 _0803_/X
 _0804_/X
 _0805_/X
 _0806_/X
 _0807_/X
 _0808_/X
 _0809_/X
 _0810_/X
 _0811_/X
 _0812_/X
 _0813_/X
 _0814_/X
 _0815_/Y
 _0816_/X
 _0817_/Y
 _0818_/X
 _0819_/X
 _0820_/X
 _0821_/X
 _0822_/X
 _0823_/X
 _0824_/X
 _0825_/X
 _0826_/X
 _0827_/X
 _0828_/X
 _0829_/X
 _0830_/X
 _0831_/X
 _0832_/X
 _0833_/X
 _0834_/X
 _0835_/X
 _0836_/X
 _0837_/Y
 _0838_/X
 _0839_/X
 _0840_/X
 _0841_/Y
 _0842_/X
 _0843_/X
 _0844_/X
 _0845_/X
 _0846_/X
 _0847_/X
 _0848_/X
 _0849_/X
 _0850_/X
 _0851_/X
 _0852_/X
 _0853_/X
 _0854_/X
 _0855_/X
 _0856_/X
 _0857_/X
 _0858_/X
 _0859_/Y
 _0860_/X
 _0861_/X
 _0862_/X
 _0863_/Y
 _0864_/X
 _0865_/X
 _0866_/X
 _0867_/X
 _0868_/X
 _0869_/X
 _0870_/X
 _0871_/X
 _0872_/X
 _0873_/X
 _0874_/X
 _0875_/X
 _0876_/X
 _0877_/X
 _0878_/X
 _0879_/X
 _0880_/X
 _0881_/Y
 _0882_/X
 _0883_/X
 _0884_/X
 _0885_/Y
 _0886_/X
 _0887_/X
 _0888_/X
 _0889_/X
 _0890_/X
 _0891_/X
 _0892_/X
 _0893_/X
 _0894_/X
 _0895_/X
 _0896_/X
 _0897_/X
 _0898_/X
 _0899_/X
 _0900_/X
 _0901_/X
 _0902_/X
 _0903_/X
 _0904_/X
 _0905_/X
 _0906_/Y
 _0907_/X
 _0908_/X
 _0909_/X
 _0910_/X
 _0911_/X
 _0912_/X
 _0913_/X
 _0914_/X
 _0915_/X
 _0916_/X
 _0917_/X
 _0918_/X
 _0919_/X
 _0920_/X
 _0921_/X
 _0922_/X
 _0923_/X
 _0924_/X
 _0925_/X
 _0926_/X
 _0927_/X
 _0928_/X
 _0929_/X
 _0930_/Y
 _0931_/X
 _0932_/X
 _0933_/X
 _0934_/X
 _0935_/X
 _0936_/X
 _0937_/X
 _0938_/X
 _0939_/X
 _0940_/X
 _0941_/X
 _0942_/X
 _0943_/X
 _0944_/X
 _0945_/X
 _0946_/X
 _0947_/X
 _0948_/X
 _0949_/X
 _0950_/X
 _0951_/Y
 _0952_/X
 _0953_/X
 _0954_/X
 _0955_/X
 _0956_/X
 _0957_/X
 _0958_/X
 _0959_/X
 _0960_/X
 _0961_/X
 _0962_/X
 _0963_/X
 _0964_/X
 _0965_/X
 _0966_/X
 _0967_/X
 _0968_/X
 _0969_/X
 _0970_/X
 _0971_/X
 _0972_/X
 _0973_/Y
 _0974_/X
 _0975_/X
 _0976_/X
 _0977_/X
 _0978_/X
 _0979_/X
 _0980_/X
 _0981_/X
 _0982_/X
 _0983_/X
 _0984_/X
 _0985_/X
 _0986_/X
 _0987_/X
 _0988_/X
 _0989_/X
 _0990_/X
 _0991_/X
 _0992_/X
 _0993_/X
 _0994_/Y
 _0995_/X
 _0996_/X
 _0997_/X
 _0998_/X
 _0999_/X
 _1000_/X
 _1001_/X
 _1002_/X
 _1003_/X
 _1004_/X
 _1005_/X
 _1006_/X
 _1007_/X
 _1008_/X
 _1009_/X
 _1010_/X
 _1011_/X
 _1012_/X
 _1013_/X
 _1014_/X
 _1015_/Y
 _1016_/X
 _1017_/X
 _1018_/X
 _1019_/X
 _1020_/X
 _1021_/X
 _1022_/X
 _1023_/X
 _1024_/X
 _1025_/X
 _1026_/X
 _1027_/X
 _1028_/X
 _1029_/X
 _1030_/X
 _1031_/X
 _1032_/X
 _1033_/X
 _1034_/X
 _1035_/X
 _1036_/Y
 _1037_/X
 _1038_/X
 _1039_/X
 _1040_/X
 _1041_/X
 _1042_/X
 _1043_/X
 _1044_/X
 _1045_/X
 _1046_/X
 _1047_/X
 _1048_/X
 _1049_/X
 _1050_/X
 _1051_/X
 _1052_/X
 _1053_/X
 _1054_/Y
 _1055_/X
 _1056_/X
 _1057_/X
 _1058_/Y
 _1059_/X
 _1060_/X
 _1061_/X
 _1062_/X
 _1063_/X
 _1064_/X
 _1065_/X
 _1066_/X
 _1067_/X
 _1068_/X
 _1069_/X
 _1070_/X
 _1071_/X
 _1072_/X
 _1073_/X
 _1074_/X
 _1075_/X
 _1076_/X
 _1077_/X
 _1078_/X
 _1079_/Y
 _1080_/X
 _1081_/X
 _1082_/X
 _1083_/X
 _1084_/X
 _1085_/X
 _1086_/X
 _1087_/X
 _1088_/X
 _1089_/X
 _1090_/X
 _1091_/X
 _1092_/X
 _1093_/X
 _1094_/X
 _1095_/X
 _1096_/X
 _1097_/X
 _1098_/X
 _1099_/X
 _1100_/Y
 _1101_/X
 _1102_/X
 _1103_/X
 _1104_/X
 _1105_/X
 _1106_/X
 _1107_/X
 _1108_/X
 _1109_/X
 _1110_/X
 _1111_/X
 _1112_/X
 _1113_/X
 _1114_/X
 _1115_/X
 _1116_/X
 _1117_/X
 _1118_/X
 _1119_/X
 _1120_/X
 _1121_/X
 _1122_/Y
 _1123_/X
 _1124_/X
 _1125_/X
 _1126_/X
 _1127_/X
 _1128_/X
 _1129_/X
 _1130_/X
 _1131_/X
 _1132_/X
 _1133_/X
 _1134_/X
 _1135_/X
 _1136_/X
 _1137_/X
 _1138_/X
 _1139_/X
 _1140_/Q
 _1141_/Q
 _1142_/Q
 _1143_/Q
 _1144_/Q
 _1145_/Q
 _1146_/Q
 _1147_/Q
 _1148_/Q
 _1149_/Q
 _1150_/Q
 _1151_/Q
 _1152_/Q
 _1153_/Q
 _1154_/Q
 _1155_/Q
 _1156_/Q
 _1157_/Q
 _1158_/Q
 _1159_/Q
 _1160_/Q
 _1161_/Q
 _1162_/Q
 _1163_/Q
 _1164_/Q
 _1165_/Q
 _1166_/Q
 _1167_/Q
 _1168_/Q
 _1169_/Q
 _1170_/Q
 _1171_/Q
 _1172_/Q
 _1173_/Q
 _1174_/Q
 _1175_/Q
 _1176_/Q
 _1177_/Q
 _1178_/Q
 _1179_/Q
 _1180_/Q
 _1181_/Q
 _1182_/Q
 _1183_/Q
 _1184_/Q
 _1185_/Q
 _1186_/Q
 _1187_/Q
 _1188_/Q
 _1189_/Q
 _1190_/Q
 _1191_/Q
 _1192_/Q
 _1193_/Q
 _1194_/Q
 _1195_/Q
 _1196_/Q
 _1197_/Q
 _1198_/Q
 _1199_/Q
 _1200_/Q
 _1201_/Q
 _1202_/Q
 _1203_/Q
 _1204_/Q
 _1205_/Q
 _1206_/Q
 _1207_/Q
 _1208_/Q
 _1209_/Q
 _1210_/Q
 _1211_/Q
 _1212_/Q
 _1213_/Q
 _1214_/Q
 _1215_/Q
 _1216_/Q
 _1217_/Q
 _1218_/Q
 _1219_/Q
 _1220_/Q
 _1221_/Q
 _1222_/Q
 _1223_/Q
 _1224_/Q
 _1225_/Q
 _1226_/Q
 _1227_/Q
 _1228_/Q
 _1229_/Q
 _1230_/Q
 _1231_/Q
 _1232_/Q
 _1233_/Q
 _1234_/Q
 _1235_/Q
 _1236_/Q
 _1237_/Q
 _1238_/Q
 _1239_/Q
 _1240_/Q
 _1241_/Q
 _1242_/Q
 _1243_/Q
 _1244_/Q
 _1245_/Q
 _1246_/Q
 _1247_/Q
 _1248_/Q
 _1249_/Q
 _1250_/Q
 _1251_/Q
 _1252_/Q
 _1253_/Q
 _1254_/Q
 _1255_/Q
 _1256_/Q
 _1257_/Q
 _1258_/Q
 _1259_/Q
 _1260_/Q
 _1261_/Q
 _1262_/Q
 _1263_/Q
 _1264_/Q
 _1265_/Q
 _1266_/Q
 _1267_/Q
 _1268_/Q
 _1269_/Q
 _1270_/Q
 _1271_/Q
 _1272_/Q
 _1273_/Q
 _1274_/Q
 _1275_/Q
 _1276_/Q
 _1277_/Q
 _1278_/Q
 _1279_/Q
 _1280_/Q
 _1281_/Q
 _1282_/Q
 _1283_/Q
 _1284_/Q
 _1285_/Q
 _1286_/Q
 _1287_/Q
 _1288_/Q
 _1289_/Q
 _1290_/Q
 _1291_/Q
 _1292_/Q
 _1293_/Q
 _1294_/Q
 _1295_/Q
 _1296_/Q
 _1297_/Q
 _1298_/Q
 _1299_/Q
 _1300_/Q
 _1301_/Q
 _1302_/Q
 _1303_/Q
 _1304_/Q
 _1305_/Q
 _1306_/Q
 _1307_/Q
 _1308_/Q
 _1309_/Q
 _1310_/Q
 _1311_/Q
 _1312_/Q
 _1313_/Q
 _1314_/Q
 _1315_/Q
 _1316_/Q
 _1317_/Q
 _1318_/Q
 _1319_/Q
 _1320_/Q
 _1321_/Q
 _1322_/Q
 _1323_/Q
 _1324_/Q
 _1325_/Q
 _1326_/Q
 _1327_/Q
 _1328_/Q
 _1329_/Q
 _1330_/Q
 _1331_/Q
 _1332_/Q
 _1333_/Q
 _1334_/Q
 _1335_/Q
 _1336_/Q
 _1337_/Q
 _1338_/Q
 _1339_/Q
 _1340_/Q
 _1341_/Q
 _1342_/Q
 _1343_/Q
 _1344_/Q
 _1345_/Q
 _1346_/Q
 _1347_/Q
 _1348_/Q
 _1349_/Q
 _1350_/Q
 _1351_/Q
 _1352_/Q
 _1353_/Q
 _1354_/Q
 _1355_/Q
 _1356_/Q
 _1357_/Q
 _1358_/Q
 _1359_/Q
 _1360_/Q
 _1361_/Q
 _1362_/Q
 _1363_/Q
 _1364_/Q
 _1365_/Q
 _1366_/Q
 _1367_/Q
 _1368_/Q
 _1369_/Q
 _1370_/Q
 _1371_/Q
 _1372_/Q
 _1373_/Q
 _1374_/Q
 _1375_/Q
 _1376_/Q
 _1377_/Q
 _1378_/Q
 _1379_/Q
 _1380_/Q
 _1381_/Q
 _1382_/Q
 _1383_/Q
 _1384_/Q
 _1385_/Q
 _1386_/Q
 _1387_/Q
 _1388_/Q
 _1389_/Q
 _1390_/Q
 _1391_/Q
 _1392_/Q
 _1393_/Q
 _1394_/Q
 _1395_/Q
Found 0 partially unannotated drivers.

===========================================================================
max slew violation count 994
max fanout violation count 0
max cap violation count 0
============================================================================

===========================================================================
check_setup -verbose -unconstrained_endpoints -multiple_clock -no_clock -no_input_delay -loops -generated_clocks
===========================================================================
