
===========================================================================
report_checks -path_delay max (Setup)
============================================================================
======================= Typical Corner ===================================

Startpoint: _096_ (rising edge-triggered flip-flop clocked by clk)
Endpoint: _111_ (rising edge-triggered flip-flop clocked by clk)
Path Group: clk
Path Type: max

Fanout     Cap    Slew   Delay    Time   Description
-----------------------------------------------------------------------------
                          0.00    0.00   clock clk (rise edge)
                          0.00    0.00   clock source latency
                  0.28    0.21    0.21 ^ clk (in)
     1    0.06                           clk (net)
                  0.28    0.00    0.21 ^ clkbuf_0_clk/A (sky130_fd_sc_hd__clkbuf_16)
                  0.07    0.23    0.44 ^ clkbuf_0_clk/X (sky130_fd_sc_hd__clkbuf_16)
     2    0.04                           clknet_0_clk (net)
                  0.07    0.00    0.44 ^ clkbuf_1_0__f_clk/A (sky130_fd_sc_hd__clkbuf_16)
                  0.11    0.19    0.63 ^ clkbuf_1_0__f_clk/X (sky130_fd_sc_hd__clkbuf_16)
     9    0.09                           clknet_1_0__leaf_clk (net)
                  0.11    0.01    0.64 ^ _096_/CLK (sky130_fd_sc_hd__dfxtp_2)
                  1.08    1.09    1.73 ^ _096_/Q (sky130_fd_sc_hd__dfxtp_2)
     7    0.22                           pc_out[0] (net)
                  1.08    0.01    1.74 ^ _055_/A (sky130_fd_sc_hd__and4_2)
                  0.36    0.69    2.43 ^ _055_/X (sky130_fd_sc_hd__and4_2)
     1    0.07                           _020_ (net)
                  0.36    0.02    2.45 ^ _056_/A (sky130_fd_sc_hd__buf_1)
                  1.97    1.52    3.97 ^ _056_/X (sky130_fd_sc_hd__buf_1)
     7    0.17                           _021_ (net)
                  1.97    0.03    4.00 ^ _065_/D (sky130_fd_sc_hd__and4_2)
                  0.24    0.61    4.61 ^ _065_/X (sky130_fd_sc_hd__and4_2)
     1    0.04                           _027_ (net)
                  0.24    0.01    4.62 ^ _066_/A (sky130_fd_sc_hd__buf_1)
                  1.66    1.28    5.90 ^ _066_/X (sky130_fd_sc_hd__buf_1)
     6    0.15                           _028_ (net)
                  1.66    0.03    5.93 ^ _073_/D (sky130_fd_sc_hd__and4_2)
                  0.61    0.88    6.81 ^ _073_/X (sky130_fd_sc_hd__and4_2)
     5    0.12                           _032_ (net)
                  0.61    0.01    6.82 ^ _079_/C (sky130_fd_sc_hd__and3_2)
                  0.24    0.45    7.27 ^ _079_/X (sky130_fd_sc_hd__and3_2)
     1    0.04                           _036_ (net)
                  0.24    0.01    7.28 ^ _080_/A (sky130_fd_sc_hd__buf_1)
                  1.80    1.39    8.68 ^ _080_/X (sky130_fd_sc_hd__buf_1)
     9    0.16                           _037_ (net)
                  1.81    0.02    8.70 ^ _092_/C (sky130_fd_sc_hd__nand4_2)
                  0.47    0.56    9.26 v _092_/Y (sky130_fd_sc_hd__nand4_2)
     1    0.04                           _045_ (net)
                  0.47    0.00    9.26 v _094_/B (sky130_fd_sc_hd__and3b_2)
                  0.24    0.58    9.84 v _094_/X (sky130_fd_sc_hd__and3b_2)
     1    0.09                           _047_ (net)
                  0.24    0.04    9.88 v _095_/A (sky130_fd_sc_hd__buf_1)
                  0.24    0.34   10.22 v _095_/X (sky130_fd_sc_hd__buf_1)
     1    0.04                           _015_ (net)
                  0.24    0.01   10.22 v _111_/D (sky130_fd_sc_hd__dfxtp_2)
                                 10.22   data arrival time

                         10.00   10.00   clock clk (rise edge)
                          0.00   10.00   clock source latency
                  0.28    0.19   10.19 ^ clk (in)
     1    0.06                           clk (net)
                  0.28    0.00   10.19 ^ clkbuf_0_clk/A (sky130_fd_sc_hd__clkbuf_16)
                  0.07    0.21   10.40 ^ clkbuf_0_clk/X (sky130_fd_sc_hd__clkbuf_16)
     2    0.04                           clknet_0_clk (net)
                  0.07    0.00   10.40 ^ clkbuf_1_1__f_clk/A (sky130_fd_sc_hd__clkbuf_16)
                  0.10    0.17   10.57 ^ clkbuf_1_1__f_clk/X (sky130_fd_sc_hd__clkbuf_16)
     7    0.09                           clknet_1_1__leaf_clk (net)
                  0.10    0.00   10.58 ^ _111_/CLK (sky130_fd_sc_hd__dfxtp_2)
                         -0.25   10.33   clock uncertainty
                          0.04   10.37   clock reconvergence pessimism
                         -0.18   10.19   library setup time
                                 10.19   data required time
-----------------------------------------------------------------------------
                                 10.19   data required time
                                -10.22   data arrival time
-----------------------------------------------------------------------------
                                 -0.04   slack (VIOLATED)


Startpoint: _096_ (rising edge-triggered flip-flop clocked by clk)
Endpoint: _109_ (rising edge-triggered flip-flop clocked by clk)
Path Group: clk
Path Type: max

Fanout     Cap    Slew   Delay    Time   Description
-----------------------------------------------------------------------------
                          0.00    0.00   clock clk (rise edge)
                          0.00    0.00   clock source latency
                  0.28    0.21    0.21 ^ clk (in)
     1    0.06                           clk (net)
                  0.28    0.00    0.21 ^ clkbuf_0_clk/A (sky130_fd_sc_hd__clkbuf_16)
                  0.07    0.23    0.44 ^ clkbuf_0_clk/X (sky130_fd_sc_hd__clkbuf_16)
     2    0.04                           clknet_0_clk (net)
                  0.07    0.00    0.44 ^ clkbuf_1_0__f_clk/A (sky130_fd_sc_hd__clkbuf_16)
                  0.11    0.19    0.63 ^ clkbuf_1_0__f_clk/X (sky130_fd_sc_hd__clkbuf_16)
     9    0.09                           clknet_1_0__leaf_clk (net)
                  0.11    0.01    0.64 ^ _096_/CLK (sky130_fd_sc_hd__dfxtp_2)
                  1.08    1.09    1.73 ^ _096_/Q (sky130_fd_sc_hd__dfxtp_2)
     7    0.22                           pc_out[0] (net)
                  1.08    0.01    1.74 ^ _055_/A (sky130_fd_sc_hd__and4_2)
                  0.36    0.69    2.43 ^ _055_/X (sky130_fd_sc_hd__and4_2)
     1    0.07                           _020_ (net)
                  0.36    0.02    2.45 ^ _056_/A (sky130_fd_sc_hd__buf_1)
                  1.97    1.52    3.97 ^ _056_/X (sky130_fd_sc_hd__buf_1)
     7    0.17                           _021_ (net)
                  1.97    0.03    4.00 ^ _065_/D (sky130_fd_sc_hd__and4_2)
                  0.24    0.61    4.61 ^ _065_/X (sky130_fd_sc_hd__and4_2)
     1    0.04                           _027_ (net)
                  0.24    0.01    4.62 ^ _066_/A (sky130_fd_sc_hd__buf_1)
                  1.66    1.28    5.90 ^ _066_/X (sky130_fd_sc_hd__buf_1)
     6    0.15                           _028_ (net)
                  1.66    0.03    5.93 ^ _073_/D (sky130_fd_sc_hd__and4_2)
                  0.61    0.88    6.81 ^ _073_/X (sky130_fd_sc_hd__and4_2)
     5    0.12                           _032_ (net)
                  0.61    0.01    6.82 ^ _079_/C (sky130_fd_sc_hd__and3_2)
                  0.24    0.45    7.27 ^ _079_/X (sky130_fd_sc_hd__and3_2)
     1    0.04                           _036_ (net)
                  0.24    0.01    7.28 ^ _080_/A (sky130_fd_sc_hd__buf_1)
                  1.80    1.39    8.68 ^ _080_/X (sky130_fd_sc_hd__buf_1)
     9    0.16                           _037_ (net)
                  1.80    0.01    8.68 ^ _085_/B (sky130_fd_sc_hd__nand2_2)
                  0.42    0.50    9.19 v _085_/Y (sky130_fd_sc_hd__nand2_2)
     1    0.05                           _040_ (net)
                  0.42    0.01    9.20 v _087_/A2 (sky130_fd_sc_hd__a221oi_2)
                  0.75    0.81   10.01 ^ _087_/Y (sky130_fd_sc_hd__a221oi_2)
     1    0.04                           _013_ (net)
                  0.75    0.01   10.02 ^ _109_/D (sky130_fd_sc_hd__dfxtp_2)
                                 10.02   data arrival time

                         10.00   10.00   clock clk (rise edge)
                          0.00   10.00   clock source latency
                  0.28    0.19   10.19 ^ clk (in)
     1    0.06                           clk (net)
                  0.28    0.00   10.19 ^ clkbuf_0_clk/A (sky130_fd_sc_hd__clkbuf_16)
                  0.07    0.21   10.40 ^ clkbuf_0_clk/X (sky130_fd_sc_hd__clkbuf_16)
     2    0.04                           clknet_0_clk (net)
                  0.07    0.00   10.40 ^ clkbuf_1_0__f_clk/A (sky130_fd_sc_hd__clkbuf_16)
                  0.11    0.18   10.57 ^ clkbuf_1_0__f_clk/X (sky130_fd_sc_hd__clkbuf_16)
     9    0.09                           clknet_1_0__leaf_clk (net)
                  0.11    0.00   10.58 ^ _109_/CLK (sky130_fd_sc_hd__dfxtp_2)
                         -0.25   10.33   clock uncertainty
                          0.06   10.39   clock reconvergence pessimism
                         -0.17   10.21   library setup time
                                 10.21   data required time
-----------------------------------------------------------------------------
                                 10.21   data required time
                                -10.02   data arrival time
-----------------------------------------------------------------------------
                                  0.19   slack (MET)


Startpoint: _096_ (rising edge-triggered flip-flop clocked by clk)
Endpoint: _110_ (rising edge-triggered flip-flop clocked by clk)
Path Group: clk
Path Type: max

Fanout     Cap    Slew   Delay    Time   Description
-----------------------------------------------------------------------------
                          0.00    0.00   clock clk (rise edge)
                          0.00    0.00   clock source latency
                  0.28    0.21    0.21 ^ clk (in)
     1    0.06                           clk (net)
                  0.28    0.00    0.21 ^ clkbuf_0_clk/A (sky130_fd_sc_hd__clkbuf_16)
                  0.07    0.23    0.44 ^ clkbuf_0_clk/X (sky130_fd_sc_hd__clkbuf_16)
     2    0.04                           clknet_0_clk (net)
                  0.07    0.00    0.44 ^ clkbuf_1_0__f_clk/A (sky130_fd_sc_hd__clkbuf_16)
                  0.11    0.19    0.63 ^ clkbuf_1_0__f_clk/X (sky130_fd_sc_hd__clkbuf_16)
     9    0.09                           clknet_1_0__leaf_clk (net)
                  0.11    0.01    0.64 ^ _096_/CLK (sky130_fd_sc_hd__dfxtp_2)
                  1.08    1.09    1.73 ^ _096_/Q (sky130_fd_sc_hd__dfxtp_2)
     7    0.22                           pc_out[0] (net)
                  1.08    0.01    1.74 ^ _055_/A (sky130_fd_sc_hd__and4_2)
                  0.36    0.69    2.43 ^ _055_/X (sky130_fd_sc_hd__and4_2)
     1    0.07                           _020_ (net)
                  0.36    0.02    2.45 ^ _056_/A (sky130_fd_sc_hd__buf_1)
                  1.97    1.52    3.97 ^ _056_/X (sky130_fd_sc_hd__buf_1)
     7    0.17                           _021_ (net)
                  1.97    0.03    4.00 ^ _065_/D (sky130_fd_sc_hd__and4_2)
                  0.24    0.61    4.61 ^ _065_/X (sky130_fd_sc_hd__and4_2)
     1    0.04                           _027_ (net)
                  0.24    0.01    4.62 ^ _066_/A (sky130_fd_sc_hd__buf_1)
                  1.66    1.28    5.90 ^ _066_/X (sky130_fd_sc_hd__buf_1)
     6    0.15                           _028_ (net)
                  1.66    0.03    5.93 ^ _073_/D (sky130_fd_sc_hd__and4_2)
                  0.61    0.88    6.81 ^ _073_/X (sky130_fd_sc_hd__and4_2)
     5    0.12                           _032_ (net)
                  0.61    0.01    6.82 ^ _079_/C (sky130_fd_sc_hd__and3_2)
                  0.24    0.45    7.27 ^ _079_/X (sky130_fd_sc_hd__and3_2)
     1    0.04                           _036_ (net)
                  0.24    0.01    7.28 ^ _080_/A (sky130_fd_sc_hd__buf_1)
                  1.80    1.39    8.68 ^ _080_/X (sky130_fd_sc_hd__buf_1)
     9    0.16                           _037_ (net)
                  1.81    0.04    8.71 ^ _088_/A2 (sky130_fd_sc_hd__a31o_2)
                  0.33    0.57    9.29 ^ _088_/X (sky130_fd_sc_hd__a31o_2)
     1    0.06                           _042_ (net)
                  0.33    0.01    9.30 ^ _090_/A_N (sky130_fd_sc_hd__and2b_2)
                  0.20    0.43    9.73 v _090_/X (sky130_fd_sc_hd__and2b_2)
     1    0.08                           _044_ (net)
                  0.21    0.03    9.76 v _091_/A (sky130_fd_sc_hd__buf_1)
                  0.17    0.27   10.03 v _091_/X (sky130_fd_sc_hd__buf_1)
     1    0.03                           _014_ (net)
                  0.17    0.00   10.04 v _110_/D (sky130_fd_sc_hd__dfxtp_2)
                                 10.04   data arrival time

                         10.00   10.00   clock clk (rise edge)
                          0.00   10.00   clock source latency
                  0.28    0.19   10.19 ^ clk (in)
     1    0.06                           clk (net)
                  0.28    0.00   10.19 ^ clkbuf_0_clk/A (sky130_fd_sc_hd__clkbuf_16)
                  0.07    0.21   10.40 ^ clkbuf_0_clk/X (sky130_fd_sc_hd__clkbuf_16)
     2    0.04                           clknet_0_clk (net)
                  0.07    0.00   10.40 ^ clkbuf_1_0__f_clk/A (sky130_fd_sc_hd__clkbuf_16)
                  0.11    0.18   10.57 ^ clkbuf_1_0__f_clk/X (sky130_fd_sc_hd__clkbuf_16)
     9    0.09                           clknet_1_0__leaf_clk (net)
                  0.11    0.01   10.58 ^ _110_/CLK (sky130_fd_sc_hd__dfxtp_2)
                         -0.25   10.33   clock uncertainty
                          0.06   10.39   clock reconvergence pessimism
                         -0.15   10.24   library setup time
                                 10.24   data required time
-----------------------------------------------------------------------------
                                 10.24   data required time
                                -10.04   data arrival time
-----------------------------------------------------------------------------
                                  0.20   slack (MET)


Startpoint: _096_ (rising edge-triggered flip-flop clocked by clk)
Endpoint: _108_ (rising edge-triggered flip-flop clocked by clk)
Path Group: clk
Path Type: max

Fanout     Cap    Slew   Delay    Time   Description
-----------------------------------------------------------------------------
                          0.00    0.00   clock clk (rise edge)
                          0.00    0.00   clock source latency
                  0.28    0.21    0.21 ^ clk (in)
     1    0.06                           clk (net)
                  0.28    0.00    0.21 ^ clkbuf_0_clk/A (sky130_fd_sc_hd__clkbuf_16)
                  0.07    0.23    0.44 ^ clkbuf_0_clk/X (sky130_fd_sc_hd__clkbuf_16)
     2    0.04                           clknet_0_clk (net)
                  0.07    0.00    0.44 ^ clkbuf_1_0__f_clk/A (sky130_fd_sc_hd__clkbuf_16)
                  0.11    0.19    0.63 ^ clkbuf_1_0__f_clk/X (sky130_fd_sc_hd__clkbuf_16)
     9    0.09                           clknet_1_0__leaf_clk (net)
                  0.11    0.01    0.64 ^ _096_/CLK (sky130_fd_sc_hd__dfxtp_2)
                  1.08    1.09    1.73 ^ _096_/Q (sky130_fd_sc_hd__dfxtp_2)
     7    0.22                           pc_out[0] (net)
                  1.08    0.01    1.74 ^ _055_/A (sky130_fd_sc_hd__and4_2)
                  0.36    0.69    2.43 ^ _055_/X (sky130_fd_sc_hd__and4_2)
     1    0.07                           _020_ (net)
                  0.36    0.02    2.45 ^ _056_/A (sky130_fd_sc_hd__buf_1)
                  1.97    1.52    3.97 ^ _056_/X (sky130_fd_sc_hd__buf_1)
     7    0.17                           _021_ (net)
                  1.97    0.03    4.00 ^ _065_/D (sky130_fd_sc_hd__and4_2)
                  0.24    0.61    4.61 ^ _065_/X (sky130_fd_sc_hd__and4_2)
     1    0.04                           _027_ (net)
                  0.24    0.01    4.62 ^ _066_/A (sky130_fd_sc_hd__buf_1)
                  1.66    1.28    5.90 ^ _066_/X (sky130_fd_sc_hd__buf_1)
     6    0.15                           _028_ (net)
                  1.66    0.03    5.93 ^ _073_/D (sky130_fd_sc_hd__and4_2)
                  0.61    0.88    6.81 ^ _073_/X (sky130_fd_sc_hd__and4_2)
     5    0.12                           _032_ (net)
                  0.61    0.01    6.82 ^ _079_/C (sky130_fd_sc_hd__and3_2)
                  0.24    0.45    7.27 ^ _079_/X (sky130_fd_sc_hd__and3_2)
     1    0.04                           _036_ (net)
                  0.24    0.01    7.28 ^ _080_/A (sky130_fd_sc_hd__buf_1)
                  1.80    1.39    8.68 ^ _080_/X (sky130_fd_sc_hd__buf_1)
     9    0.16                           _037_ (net)
                  1.80    0.01    8.68 ^ _082_/A2 (sky130_fd_sc_hd__a21oi_2)
                  0.57    0.70    9.39 v _082_/Y (sky130_fd_sc_hd__a21oi_2)
     1    0.10                           _038_ (net)
                  0.57    0.03    9.42 v _083_/B1 (sky130_fd_sc_hd__o21a_2)
                  0.15    0.44    9.87 v _083_/X (sky130_fd_sc_hd__o21a_2)
     1    0.05                           _012_ (net)
                  0.15    0.01    9.88 v _108_/D (sky130_fd_sc_hd__dfxtp_2)
                                  9.88   data arrival time

                         10.00   10.00   clock clk (rise edge)
                          0.00   10.00   clock source latency
                  0.28    0.19   10.19 ^ clk (in)
     1    0.06                           clk (net)
                  0.28    0.00   10.19 ^ clkbuf_0_clk/A (sky130_fd_sc_hd__clkbuf_16)
                  0.07    0.21   10.40 ^ clkbuf_0_clk/X (sky130_fd_sc_hd__clkbuf_16)
     2    0.04                           clknet_0_clk (net)
                  0.07    0.00   10.40 ^ clkbuf_1_1__f_clk/A (sky130_fd_sc_hd__clkbuf_16)
                  0.10    0.17   10.57 ^ clkbuf_1_1__f_clk/X (sky130_fd_sc_hd__clkbuf_16)
     7    0.09                           clknet_1_1__leaf_clk (net)
                  0.10    0.00   10.57 ^ _108_/CLK (sky130_fd_sc_hd__dfxtp_2)
                         -0.25   10.32   clock uncertainty
                          0.04   10.37   clock reconvergence pessimism
                         -0.15   10.22   library setup time
                                 10.22   data required time
-----------------------------------------------------------------------------
                                 10.22   data required time
                                 -9.88   data arrival time
-----------------------------------------------------------------------------
                                  0.34   slack (MET)


Startpoint: _096_ (rising edge-triggered flip-flop clocked by clk)
Endpoint: _107_ (rising edge-triggered flip-flop clocked by clk)
Path Group: clk
Path Type: max

Fanout     Cap    Slew   Delay    Time   Description
-----------------------------------------------------------------------------
                          0.00    0.00   clock clk (rise edge)
                          0.00    0.00   clock source latency
                  0.28    0.21    0.21 ^ clk (in)
     1    0.06                           clk (net)
                  0.28    0.00    0.21 ^ clkbuf_0_clk/A (sky130_fd_sc_hd__clkbuf_16)
                  0.07    0.23    0.44 ^ clkbuf_0_clk/X (sky130_fd_sc_hd__clkbuf_16)
     2    0.04                           clknet_0_clk (net)
                  0.07    0.00    0.44 ^ clkbuf_1_0__f_clk/A (sky130_fd_sc_hd__clkbuf_16)
                  0.11    0.19    0.63 ^ clkbuf_1_0__f_clk/X (sky130_fd_sc_hd__clkbuf_16)
     9    0.09                           clknet_1_0__leaf_clk (net)
                  0.11    0.01    0.64 ^ _096_/CLK (sky130_fd_sc_hd__dfxtp_2)
                  1.08    1.09    1.73 ^ _096_/Q (sky130_fd_sc_hd__dfxtp_2)
     7    0.22                           pc_out[0] (net)
                  1.08    0.01    1.74 ^ _055_/A (sky130_fd_sc_hd__and4_2)
                  0.36    0.69    2.43 ^ _055_/X (sky130_fd_sc_hd__and4_2)
     1    0.07                           _020_ (net)
                  0.36    0.02    2.45 ^ _056_/A (sky130_fd_sc_hd__buf_1)
                  1.97    1.52    3.97 ^ _056_/X (sky130_fd_sc_hd__buf_1)
     7    0.17                           _021_ (net)
                  1.97    0.03    4.00 ^ _065_/D (sky130_fd_sc_hd__and4_2)
                  0.24    0.61    4.61 ^ _065_/X (sky130_fd_sc_hd__and4_2)
     1    0.04                           _027_ (net)
                  0.24    0.01    4.62 ^ _066_/A (sky130_fd_sc_hd__buf_1)
                  1.66    1.28    5.90 ^ _066_/X (sky130_fd_sc_hd__buf_1)
     6    0.15                           _028_ (net)
                  1.66    0.03    5.93 ^ _073_/D (sky130_fd_sc_hd__and4_2)
                  0.61    0.88    6.81 ^ _073_/X (sky130_fd_sc_hd__and4_2)
     5    0.12                           _032_ (net)
                  0.61    0.01    6.82 ^ _079_/C (sky130_fd_sc_hd__and3_2)
                  0.24    0.45    7.27 ^ _079_/X (sky130_fd_sc_hd__and3_2)
     1    0.04                           _036_ (net)
                  0.24    0.01    7.28 ^ _080_/A (sky130_fd_sc_hd__buf_1)
                  1.80    1.39    8.68 ^ _080_/X (sky130_fd_sc_hd__buf_1)
     9    0.16                           _037_ (net)
                  1.81    0.05    8.73 ^ _081_/C (sky130_fd_sc_hd__nor3_2)
                  0.41    0.31    9.04 v _081_/Y (sky130_fd_sc_hd__nor3_2)
     1    0.03                           _011_ (net)
                  0.41    0.00    9.04 v _107_/D (sky130_fd_sc_hd__dfxtp_2)
                                  9.04   data arrival time

                         10.00   10.00   clock clk (rise edge)
                          0.00   10.00   clock source latency
                  0.28    0.19   10.19 ^ clk (in)
     1    0.06                           clk (net)
                  0.28    0.00   10.19 ^ clkbuf_0_clk/A (sky130_fd_sc_hd__clkbuf_16)
                  0.07    0.21   10.40 ^ clkbuf_0_clk/X (sky130_fd_sc_hd__clkbuf_16)
     2    0.04                           clknet_0_clk (net)
                  0.07    0.00   10.40 ^ clkbuf_1_0__f_clk/A (sky130_fd_sc_hd__clkbuf_16)
                  0.11    0.18   10.57 ^ clkbuf_1_0__f_clk/X (sky130_fd_sc_hd__clkbuf_16)
     9    0.09                           clknet_1_0__leaf_clk (net)
                  0.11    0.00   10.58 ^ _107_/CLK (sky130_fd_sc_hd__dfxtp_2)
                         -0.25   10.33   clock uncertainty
                          0.06   10.39   clock reconvergence pessimism
                         -0.26   10.13   library setup time
                                 10.13   data required time
-----------------------------------------------------------------------------
                                 10.13   data required time
                                 -9.04   data arrival time
-----------------------------------------------------------------------------
                                  1.09   slack (MET)


Startpoint: _096_ (rising edge-triggered flip-flop clocked by clk)
Endpoint: _106_ (rising edge-triggered flip-flop clocked by clk)
Path Group: clk
Path Type: max

Fanout     Cap    Slew   Delay    Time   Description
-----------------------------------------------------------------------------
                          0.00    0.00   clock clk (rise edge)
                          0.00    0.00   clock source latency
                  0.28    0.21    0.21 ^ clk (in)
     1    0.06                           clk (net)
                  0.28    0.00    0.21 ^ clkbuf_0_clk/A (sky130_fd_sc_hd__clkbuf_16)
                  0.07    0.23    0.44 ^ clkbuf_0_clk/X (sky130_fd_sc_hd__clkbuf_16)
     2    0.04                           clknet_0_clk (net)
                  0.07    0.00    0.44 ^ clkbuf_1_0__f_clk/A (sky130_fd_sc_hd__clkbuf_16)
                  0.11    0.19    0.63 ^ clkbuf_1_0__f_clk/X (sky130_fd_sc_hd__clkbuf_16)
     9    0.09                           clknet_1_0__leaf_clk (net)
                  0.11    0.01    0.64 ^ _096_/CLK (sky130_fd_sc_hd__dfxtp_2)
                  1.08    1.09    1.73 ^ _096_/Q (sky130_fd_sc_hd__dfxtp_2)
     7    0.22                           pc_out[0] (net)
                  1.08    0.01    1.74 ^ _055_/A (sky130_fd_sc_hd__and4_2)
                  0.36    0.69    2.43 ^ _055_/X (sky130_fd_sc_hd__and4_2)
     1    0.07                           _020_ (net)
                  0.36    0.02    2.45 ^ _056_/A (sky130_fd_sc_hd__buf_1)
                  1.97    1.52    3.97 ^ _056_/X (sky130_fd_sc_hd__buf_1)
     7    0.17                           _021_ (net)
                  1.97    0.03    4.00 ^ _065_/D (sky130_fd_sc_hd__and4_2)
                  0.24    0.61    4.61 ^ _065_/X (sky130_fd_sc_hd__and4_2)
     1    0.04                           _027_ (net)
                  0.24    0.01    4.62 ^ _066_/A (sky130_fd_sc_hd__buf_1)
                  1.66    1.28    5.90 ^ _066_/X (sky130_fd_sc_hd__buf_1)
     6    0.15                           _028_ (net)
                  1.66    0.03    5.93 ^ _073_/D (sky130_fd_sc_hd__and4_2)
                  0.61    0.88    6.81 ^ _073_/X (sky130_fd_sc_hd__and4_2)
     5    0.12                           _032_ (net)
                  0.61    0.01    6.82 ^ _076_/A2 (sky130_fd_sc_hd__a21oi_2)
                  0.40    0.24    7.06 v _076_/Y (sky130_fd_sc_hd__a21oi_2)
     1    0.03                           _034_ (net)
                  0.40    0.00    7.07 v _077_/B1 (sky130_fd_sc_hd__o21a_2)
                  0.14    0.38    7.45 v _077_/X (sky130_fd_sc_hd__o21a_2)
     1    0.05                           _010_ (net)
                  0.14    0.01    7.46 v _106_/D (sky130_fd_sc_hd__dfxtp_2)
                                  7.46   data arrival time

                         10.00   10.00   clock clk (rise edge)
                          0.00   10.00   clock source latency
                  0.28    0.19   10.19 ^ clk (in)
     1    0.06                           clk (net)
                  0.28    0.00   10.19 ^ clkbuf_0_clk/A (sky130_fd_sc_hd__clkbuf_16)
                  0.07    0.21   10.40 ^ clkbuf_0_clk/X (sky130_fd_sc_hd__clkbuf_16)
     2    0.04                           clknet_0_clk (net)
                  0.07    0.00   10.40 ^ clkbuf_1_1__f_clk/A (sky130_fd_sc_hd__clkbuf_16)
                  0.10    0.17   10.57 ^ clkbuf_1_1__f_clk/X (sky130_fd_sc_hd__clkbuf_16)
     7    0.09                           clknet_1_1__leaf_clk (net)
                  0.10    0.00   10.58 ^ _106_/CLK (sky130_fd_sc_hd__dfxtp_2)
                         -0.25   10.33   clock uncertainty
                          0.04   10.37   clock reconvergence pessimism
                         -0.14   10.23   library setup time
                                 10.23   data required time
-----------------------------------------------------------------------------
                                 10.23   data required time
                                 -7.46   data arrival time
-----------------------------------------------------------------------------
                                  2.77   slack (MET)


Startpoint: _096_ (rising edge-triggered flip-flop clocked by clk)
Endpoint: _105_ (rising edge-triggered flip-flop clocked by clk)
Path Group: clk
Path Type: max

Fanout     Cap    Slew   Delay    Time   Description
-----------------------------------------------------------------------------
                          0.00    0.00   clock clk (rise edge)
                          0.00    0.00   clock source latency
                  0.28    0.21    0.21 ^ clk (in)
     1    0.06                           clk (net)
                  0.28    0.00    0.21 ^ clkbuf_0_clk/A (sky130_fd_sc_hd__clkbuf_16)
                  0.07    0.23    0.44 ^ clkbuf_0_clk/X (sky130_fd_sc_hd__clkbuf_16)
     2    0.04                           clknet_0_clk (net)
                  0.07    0.00    0.44 ^ clkbuf_1_0__f_clk/A (sky130_fd_sc_hd__clkbuf_16)
                  0.11    0.19    0.63 ^ clkbuf_1_0__f_clk/X (sky130_fd_sc_hd__clkbuf_16)
     9    0.09                           clknet_1_0__leaf_clk (net)
                  0.11    0.01    0.64 ^ _096_/CLK (sky130_fd_sc_hd__dfxtp_2)
                  1.08    1.09    1.73 ^ _096_/Q (sky130_fd_sc_hd__dfxtp_2)
     7    0.22                           pc_out[0] (net)
                  1.08    0.01    1.74 ^ _055_/A (sky130_fd_sc_hd__and4_2)
                  0.36    0.69    2.43 ^ _055_/X (sky130_fd_sc_hd__and4_2)
     1    0.07                           _020_ (net)
                  0.36    0.02    2.45 ^ _056_/A (sky130_fd_sc_hd__buf_1)
                  1.97    1.52    3.97 ^ _056_/X (sky130_fd_sc_hd__buf_1)
     7    0.17                           _021_ (net)
                  1.97    0.03    4.00 ^ _065_/D (sky130_fd_sc_hd__and4_2)
                  0.24    0.61    4.61 ^ _065_/X (sky130_fd_sc_hd__and4_2)
     1    0.04                           _027_ (net)
                  0.24    0.01    4.62 ^ _066_/A (sky130_fd_sc_hd__buf_1)
                  1.66    1.28    5.90 ^ _066_/X (sky130_fd_sc_hd__buf_1)
     6    0.15                           _028_ (net)
                  1.66    0.03    5.93 ^ _073_/D (sky130_fd_sc_hd__and4_2)
                  0.61    0.88    6.81 ^ _073_/X (sky130_fd_sc_hd__and4_2)
     5    0.12                           _032_ (net)
                  0.61    0.01    6.82 ^ _074_/B (sky130_fd_sc_hd__nor2_2)
                  0.22    0.24    7.06 v _074_/Y (sky130_fd_sc_hd__nor2_2)
     1    0.04                           _033_ (net)
                  0.22    0.01    7.07 v _075_/B1 (sky130_fd_sc_hd__o21a_2)
                  0.11    0.28    7.35 v _075_/X (sky130_fd_sc_hd__o21a_2)
     1    0.04                           _009_ (net)
                  0.11    0.01    7.36 v _105_/D (sky130_fd_sc_hd__dfxtp_2)
                                  7.36   data arrival time

                         10.00   10.00   clock clk (rise edge)
                          0.00   10.00   clock source latency
                  0.28    0.19   10.19 ^ clk (in)
     1    0.06                           clk (net)
                  0.28    0.00   10.19 ^ clkbuf_0_clk/A (sky130_fd_sc_hd__clkbuf_16)
                  0.07    0.21   10.40 ^ clkbuf_0_clk/X (sky130_fd_sc_hd__clkbuf_16)
     2    0.04                           clknet_0_clk (net)
                  0.07    0.00   10.40 ^ clkbuf_1_0__f_clk/A (sky130_fd_sc_hd__clkbuf_16)
                  0.11    0.18   10.57 ^ clkbuf_1_0__f_clk/X (sky130_fd_sc_hd__clkbuf_16)
     9    0.09                           clknet_1_0__leaf_clk (net)
                  0.11    0.00   10.58 ^ _105_/CLK (sky130_fd_sc_hd__dfxtp_2)
                         -0.25   10.33   clock uncertainty
                          0.06   10.39   clock reconvergence pessimism
                         -0.13   10.26   library setup time
                                 10.26   data required time
-----------------------------------------------------------------------------
                                 10.26   data required time
                                 -7.36   data arrival time
-----------------------------------------------------------------------------
                                  2.91   slack (MET)


Startpoint: _096_ (rising edge-triggered flip-flop clocked by clk)
Endpoint: _104_ (rising edge-triggered flip-flop clocked by clk)
Path Group: clk
Path Type: max

Fanout     Cap    Slew   Delay    Time   Description
-----------------------------------------------------------------------------
                          0.00    0.00   clock clk (rise edge)
                          0.00    0.00   clock source latency
                  0.28    0.21    0.21 ^ clk (in)
     1    0.06                           clk (net)
                  0.28    0.00    0.21 ^ clkbuf_0_clk/A (sky130_fd_sc_hd__clkbuf_16)
                  0.07    0.23    0.44 ^ clkbuf_0_clk/X (sky130_fd_sc_hd__clkbuf_16)
     2    0.04                           clknet_0_clk (net)
                  0.07    0.00    0.44 ^ clkbuf_1_0__f_clk/A (sky130_fd_sc_hd__clkbuf_16)
                  0.11    0.19    0.63 ^ clkbuf_1_0__f_clk/X (sky130_fd_sc_hd__clkbuf_16)
     9    0.09                           clknet_1_0__leaf_clk (net)
                  0.11    0.01    0.64 ^ _096_/CLK (sky130_fd_sc_hd__dfxtp_2)
                  1.08    1.09    1.73 ^ _096_/Q (sky130_fd_sc_hd__dfxtp_2)
     7    0.22                           pc_out[0] (net)
                  1.08    0.01    1.74 ^ _055_/A (sky130_fd_sc_hd__and4_2)
                  0.36    0.69    2.43 ^ _055_/X (sky130_fd_sc_hd__and4_2)
     1    0.07                           _020_ (net)
                  0.36    0.02    2.45 ^ _056_/A (sky130_fd_sc_hd__buf_1)
                  1.97    1.52    3.97 ^ _056_/X (sky130_fd_sc_hd__buf_1)
     7    0.17                           _021_ (net)
                  1.97    0.03    4.00 ^ _065_/D (sky130_fd_sc_hd__and4_2)
                  0.24    0.61    4.61 ^ _065_/X (sky130_fd_sc_hd__and4_2)
     1    0.04                           _027_ (net)
                  0.24    0.01    4.62 ^ _066_/A (sky130_fd_sc_hd__buf_1)
                  1.66    1.28    5.90 ^ _066_/X (sky130_fd_sc_hd__buf_1)
     6    0.15                           _028_ (net)
                  1.66    0.06    5.96 ^ _070_/A2 (sky130_fd_sc_hd__a21oi_2)
                  0.35    0.41    6.37 v _070_/Y (sky130_fd_sc_hd__a21oi_2)
     1    0.04                           _030_ (net)
                  0.35    0.01    6.37 v _072_/B (sky130_fd_sc_hd__nor3_2)
                  0.71    0.69    7.07 ^ _072_/Y (sky130_fd_sc_hd__nor3_2)
     1    0.04                           _008_ (net)
                  0.71    0.01    7.07 ^ _104_/D (sky130_fd_sc_hd__dfxtp_2)
                                  7.07   data arrival time

                         10.00   10.00   clock clk (rise edge)
                          0.00   10.00   clock source latency
                  0.28    0.19   10.19 ^ clk (in)
     1    0.06                           clk (net)
                  0.28    0.00   10.19 ^ clkbuf_0_clk/A (sky130_fd_sc_hd__clkbuf_16)
                  0.07    0.21   10.40 ^ clkbuf_0_clk/X (sky130_fd_sc_hd__clkbuf_16)
     2    0.04                           clknet_0_clk (net)
                  0.07    0.00   10.40 ^ clkbuf_1_0__f_clk/A (sky130_fd_sc_hd__clkbuf_16)
                  0.11    0.18   10.57 ^ clkbuf_1_0__f_clk/X (sky130_fd_sc_hd__clkbuf_16)
     9    0.09                           clknet_1_0__leaf_clk (net)
                  0.11    0.00   10.58 ^ _104_/CLK (sky130_fd_sc_hd__dfxtp_2)
                         -0.25   10.33   clock uncertainty
                          0.06   10.39   clock reconvergence pessimism
                         -0.17   10.22   library setup time
                                 10.22   data required time
-----------------------------------------------------------------------------
                                 10.22   data required time
                                 -7.07   data arrival time
-----------------------------------------------------------------------------
                                  3.14   slack (MET)


Startpoint: _096_ (rising edge-triggered flip-flop clocked by clk)
Endpoint: _103_ (rising edge-triggered flip-flop clocked by clk)
Path Group: clk
Path Type: max

Fanout     Cap    Slew   Delay    Time   Description
-----------------------------------------------------------------------------
                          0.00    0.00   clock clk (rise edge)
                          0.00    0.00   clock source latency
                  0.28    0.21    0.21 ^ clk (in)
     1    0.06                           clk (net)
                  0.28    0.00    0.21 ^ clkbuf_0_clk/A (sky130_fd_sc_hd__clkbuf_16)
                  0.07    0.23    0.44 ^ clkbuf_0_clk/X (sky130_fd_sc_hd__clkbuf_16)
     2    0.04                           clknet_0_clk (net)
                  0.07    0.00    0.44 ^ clkbuf_1_0__f_clk/A (sky130_fd_sc_hd__clkbuf_16)
                  0.11    0.19    0.63 ^ clkbuf_1_0__f_clk/X (sky130_fd_sc_hd__clkbuf_16)
     9    0.09                           clknet_1_0__leaf_clk (net)
                  0.11    0.01    0.64 ^ _096_/CLK (sky130_fd_sc_hd__dfxtp_2)
                  1.08    1.09    1.73 ^ _096_/Q (sky130_fd_sc_hd__dfxtp_2)
     7    0.22                           pc_out[0] (net)
                  1.08    0.01    1.74 ^ _055_/A (sky130_fd_sc_hd__and4_2)
                  0.36    0.69    2.43 ^ _055_/X (sky130_fd_sc_hd__and4_2)
     1    0.07                           _020_ (net)
                  0.36    0.02    2.45 ^ _056_/A (sky130_fd_sc_hd__buf_1)
                  1.97    1.52    3.97 ^ _056_/X (sky130_fd_sc_hd__buf_1)
     7    0.17                           _021_ (net)
                  1.97    0.03    4.00 ^ _065_/D (sky130_fd_sc_hd__and4_2)
                  0.24    0.61    4.61 ^ _065_/X (sky130_fd_sc_hd__and4_2)
     1    0.04                           _027_ (net)
                  0.24    0.01    4.62 ^ _066_/A (sky130_fd_sc_hd__buf_1)
                  1.66    1.28    5.90 ^ _066_/X (sky130_fd_sc_hd__buf_1)
     6    0.15                           _028_ (net)
                  1.66    0.00    5.90 ^ _068_/A2 (sky130_fd_sc_hd__a21oi_2)
                  0.57    0.57    6.47 v _068_/Y (sky130_fd_sc_hd__a21oi_2)
     1    0.07                           _029_ (net)
                  0.57    0.02    6.50 v _069_/B1 (sky130_fd_sc_hd__o21a_2)
                  0.12    0.42    6.92 v _069_/X (sky130_fd_sc_hd__o21a_2)
     1    0.04                           _007_ (net)
                  0.13    0.01    6.93 v _103_/D (sky130_fd_sc_hd__dfxtp_2)
                                  6.93   data arrival time

                         10.00   10.00   clock clk (rise edge)
                          0.00   10.00   clock source latency
                  0.28    0.19   10.19 ^ clk (in)
     1    0.06                           clk (net)
                  0.28    0.00   10.19 ^ clkbuf_0_clk/A (sky130_fd_sc_hd__clkbuf_16)
                  0.07    0.21   10.40 ^ clkbuf_0_clk/X (sky130_fd_sc_hd__clkbuf_16)
     2    0.04                           clknet_0_clk (net)
                  0.07    0.00   10.40 ^ clkbuf_1_0__f_clk/A (sky130_fd_sc_hd__clkbuf_16)
                  0.11    0.18   10.57 ^ clkbuf_1_0__f_clk/X (sky130_fd_sc_hd__clkbuf_16)
     9    0.09                           clknet_1_0__leaf_clk (net)
                  0.11    0.01   10.58 ^ _103_/CLK (sky130_fd_sc_hd__dfxtp_2)
                         -0.25   10.33   clock uncertainty
                          0.06   10.39   clock reconvergence pessimism
                         -0.13   10.26   library setup time
                                 10.26   data required time
-----------------------------------------------------------------------------
                                 10.26   data required time
                                 -6.93   data arrival time
-----------------------------------------------------------------------------
                                  3.33   slack (MET)


Startpoint: _096_ (rising edge-triggered flip-flop clocked by clk)
Endpoint: _102_ (rising edge-triggered flip-flop clocked by clk)
Path Group: clk
Path Type: max

Fanout     Cap    Slew   Delay    Time   Description
-----------------------------------------------------------------------------
                          0.00    0.00   clock clk (rise edge)
                          0.00    0.00   clock source latency
                  0.28    0.21    0.21 ^ clk (in)
     1    0.06                           clk (net)
                  0.28    0.00    0.21 ^ clkbuf_0_clk/A (sky130_fd_sc_hd__clkbuf_16)
                  0.07    0.23    0.44 ^ clkbuf_0_clk/X (sky130_fd_sc_hd__clkbuf_16)
     2    0.04                           clknet_0_clk (net)
                  0.07    0.00    0.44 ^ clkbuf_1_0__f_clk/A (sky130_fd_sc_hd__clkbuf_16)
                  0.11    0.19    0.63 ^ clkbuf_1_0__f_clk/X (sky130_fd_sc_hd__clkbuf_16)
     9    0.09                           clknet_1_0__leaf_clk (net)
                  0.11    0.01    0.64 ^ _096_/CLK (sky130_fd_sc_hd__dfxtp_2)
                  1.08    1.09    1.73 ^ _096_/Q (sky130_fd_sc_hd__dfxtp_2)
     7    0.22                           pc_out[0] (net)
                  1.08    0.01    1.74 ^ _055_/A (sky130_fd_sc_hd__and4_2)
                  0.36    0.69    2.43 ^ _055_/X (sky130_fd_sc_hd__and4_2)
     1    0.07                           _020_ (net)
                  0.36    0.02    2.45 ^ _056_/A (sky130_fd_sc_hd__buf_1)
                  1.97    1.52    3.97 ^ _056_/X (sky130_fd_sc_hd__buf_1)
     7    0.17                           _021_ (net)
                  1.97    0.03    4.00 ^ _065_/D (sky130_fd_sc_hd__and4_2)
                  0.24    0.61    4.61 ^ _065_/X (sky130_fd_sc_hd__and4_2)
     1    0.04                           _027_ (net)
                  0.24    0.01    4.62 ^ _066_/A (sky130_fd_sc_hd__buf_1)
                  1.66    1.28    5.90 ^ _066_/X (sky130_fd_sc_hd__buf_1)
     6    0.15                           _028_ (net)
                  1.66    0.03    5.94 ^ _067_/C (sky130_fd_sc_hd__nor3_2)
                  0.37    0.22    6.15 v _067_/Y (sky130_fd_sc_hd__nor3_2)
     1    0.02                           _006_ (net)
                  0.37    0.00    6.15 v _102_/D (sky130_fd_sc_hd__dfxtp_2)
                                  6.15   data arrival time

                         10.00   10.00   clock clk (rise edge)
                          0.00   10.00   clock source latency
                  0.28    0.19   10.19 ^ clk (in)
     1    0.06                           clk (net)
                  0.28    0.00   10.19 ^ clkbuf_0_clk/A (sky130_fd_sc_hd__clkbuf_16)
                  0.07    0.21   10.40 ^ clkbuf_0_clk/X (sky130_fd_sc_hd__clkbuf_16)
     2    0.04                           clknet_0_clk (net)
                  0.07    0.00   10.40 ^ clkbuf_1_1__f_clk/A (sky130_fd_sc_hd__clkbuf_16)
                  0.10    0.17   10.57 ^ clkbuf_1_1__f_clk/X (sky130_fd_sc_hd__clkbuf_16)
     7    0.09                           clknet_1_1__leaf_clk (net)
                  0.10    0.00   10.57 ^ _102_/CLK (sky130_fd_sc_hd__dfxtp_2)
                         -0.25   10.32   clock uncertainty
                          0.04   10.37   clock reconvergence pessimism
                         -0.24   10.13   library setup time
                                 10.13   data required time
-----------------------------------------------------------------------------
                                 10.13   data required time
                                 -6.15   data arrival time
-----------------------------------------------------------------------------
                                  3.97   slack (MET)


Startpoint: rst (input port clocked by clk)
Endpoint: _098_ (rising edge-triggered flip-flop clocked by clk)
Path Group: clk
Path Type: max

Fanout     Cap    Slew   Delay    Time   Description
-----------------------------------------------------------------------------
                          0.00    0.00   clock clk (rise edge)
                          0.00    0.00   clock network delay (propagated)
                          2.00    2.00 ^ input external delay
                  0.75    0.57    2.57 ^ rst (in)
     7    0.17                           rst (net)
                  0.76    0.00    2.57 ^ _048_/A (sky130_fd_sc_hd__buf_1)
                  2.31    1.78    4.36 ^ _048_/X (sky130_fd_sc_hd__buf_1)
    10    0.20                           _016_ (net)
                  2.31    0.00    4.36 ^ _054_/A (sky130_fd_sc_hd__nor3_2)
                  0.52    0.54    4.90 v _054_/Y (sky130_fd_sc_hd__nor3_2)
     1    0.06                           _002_ (net)
                  0.52    0.02    4.92 v _098_/D (sky130_fd_sc_hd__dfxtp_2)
                                  4.92   data arrival time

                         10.00   10.00   clock clk (rise edge)
                          0.00   10.00   clock source latency
                  0.28    0.19   10.19 ^ clk (in)
     1    0.06                           clk (net)
                  0.28    0.00   10.19 ^ clkbuf_0_clk/A (sky130_fd_sc_hd__clkbuf_16)
                  0.07    0.21   10.40 ^ clkbuf_0_clk/X (sky130_fd_sc_hd__clkbuf_16)
     2    0.04                           clknet_0_clk (net)
                  0.07    0.00   10.40 ^ clkbuf_1_0__f_clk/A (sky130_fd_sc_hd__clkbuf_16)
                  0.11    0.18   10.57 ^ clkbuf_1_0__f_clk/X (sky130_fd_sc_hd__clkbuf_16)
     9    0.09                           clknet_1_0__leaf_clk (net)
                  0.11    0.00   10.58 ^ _098_/CLK (sky130_fd_sc_hd__dfxtp_2)
                         -0.25   10.33   clock uncertainty
                          0.00   10.33   clock reconvergence pessimism
                         -0.30   10.03   library setup time
                                 10.03   data required time
-----------------------------------------------------------------------------
                                 10.03   data required time
                                 -4.92   data arrival time
-----------------------------------------------------------------------------
                                  5.11   slack (MET)


Startpoint: rst (input port clocked by clk)
Endpoint: _100_ (rising edge-triggered flip-flop clocked by clk)
Path Group: clk
Path Type: max

Fanout     Cap    Slew   Delay    Time   Description
-----------------------------------------------------------------------------
                          0.00    0.00   clock clk (rise edge)
                          0.00    0.00   clock network delay (propagated)
                          2.00    2.00 ^ input external delay
                  0.75    0.57    2.57 ^ rst (in)
     7    0.17                           rst (net)
                  0.76    0.00    2.57 ^ _048_/A (sky130_fd_sc_hd__buf_1)
                  2.31    1.78    4.36 ^ _048_/X (sky130_fd_sc_hd__buf_1)
    10    0.20                           _016_ (net)
                  2.31    0.04    4.40 ^ _059_/B1 (sky130_fd_sc_hd__a21oi_2)
                  0.39    0.23    4.63 v _059_/Y (sky130_fd_sc_hd__a21oi_2)
     1    0.02                           _023_ (net)
                  0.39    0.00    4.63 v _060_/B1 (sky130_fd_sc_hd__o21a_2)
                  0.15    0.37    5.01 v _060_/X (sky130_fd_sc_hd__o21a_2)
     1    0.05                           _004_ (net)
                  0.15    0.01    5.02 v _100_/D (sky130_fd_sc_hd__dfxtp_2)
                                  5.02   data arrival time

                         10.00   10.00   clock clk (rise edge)
                          0.00   10.00   clock source latency
                  0.28    0.19   10.19 ^ clk (in)
     1    0.06                           clk (net)
                  0.28    0.00   10.19 ^ clkbuf_0_clk/A (sky130_fd_sc_hd__clkbuf_16)
                  0.07    0.21   10.40 ^ clkbuf_0_clk/X (sky130_fd_sc_hd__clkbuf_16)
     2    0.04                           clknet_0_clk (net)
                  0.07    0.00   10.40 ^ clkbuf_1_0__f_clk/A (sky130_fd_sc_hd__clkbuf_16)
                  0.11    0.18   10.57 ^ clkbuf_1_0__f_clk/X (sky130_fd_sc_hd__clkbuf_16)
     9    0.09                           clknet_1_0__leaf_clk (net)
                  0.11    0.00   10.58 ^ _100_/CLK (sky130_fd_sc_hd__dfxtp_2)
                         -0.25   10.33   clock uncertainty
                          0.00   10.33   clock reconvergence pessimism
                         -0.14   10.18   library setup time
                                 10.18   data required time
-----------------------------------------------------------------------------
                                 10.18   data required time
                                 -5.02   data arrival time
-----------------------------------------------------------------------------
                                  5.16   slack (MET)


Startpoint: rst (input port clocked by clk)
Endpoint: _097_ (rising edge-triggered flip-flop clocked by clk)
Path Group: clk
Path Type: max

Fanout     Cap    Slew   Delay    Time   Description
-----------------------------------------------------------------------------
                          0.00    0.00   clock clk (rise edge)
                          0.00    0.00   clock network delay (propagated)
                          2.00    2.00 ^ input external delay
                  0.75    0.57    2.57 ^ rst (in)
     7    0.17                           rst (net)
                  0.76    0.00    2.57 ^ _048_/A (sky130_fd_sc_hd__buf_1)
                  2.31    1.78    4.36 ^ _048_/X (sky130_fd_sc_hd__buf_1)
    10    0.20                           _016_ (net)
                  2.31    0.01    4.37 ^ _050_/B1 (sky130_fd_sc_hd__a21oi_2)
                  0.38    0.21    4.58 v _050_/Y (sky130_fd_sc_hd__a21oi_2)
     1    0.02                           _017_ (net)
                  0.38    0.00    4.58 v _051_/B1 (sky130_fd_sc_hd__o21a_2)
                  0.07    0.31    4.89 v _051_/X (sky130_fd_sc_hd__o21a_2)
     1    0.02                           _001_ (net)
                  0.07    0.00    4.89 v _097_/D (sky130_fd_sc_hd__dfxtp_2)
                                  4.89   data arrival time

                         10.00   10.00   clock clk (rise edge)
                          0.00   10.00   clock source latency
                  0.28    0.19   10.19 ^ clk (in)
     1    0.06                           clk (net)
                  0.28    0.00   10.19 ^ clkbuf_0_clk/A (sky130_fd_sc_hd__clkbuf_16)
                  0.07    0.21   10.40 ^ clkbuf_0_clk/X (sky130_fd_sc_hd__clkbuf_16)
     2    0.04                           clknet_0_clk (net)
                  0.07    0.00   10.40 ^ clkbuf_1_1__f_clk/A (sky130_fd_sc_hd__clkbuf_16)
                  0.10    0.17   10.57 ^ clkbuf_1_1__f_clk/X (sky130_fd_sc_hd__clkbuf_16)
     7    0.09                           clknet_1_1__leaf_clk (net)
                  0.10    0.00   10.57 ^ _097_/CLK (sky130_fd_sc_hd__dfxtp_2)
                         -0.25   10.32   clock uncertainty
                          0.00   10.32   clock reconvergence pessimism
                         -0.11   10.21   library setup time
                                 10.21   data required time
-----------------------------------------------------------------------------
                                 10.21   data required time
                                 -4.89   data arrival time
-----------------------------------------------------------------------------
                                  5.32   slack (MET)


Startpoint: rst (input port clocked by clk)
Endpoint: _096_ (rising edge-triggered flip-flop clocked by clk)
Path Group: clk
Path Type: max

Fanout     Cap    Slew   Delay    Time   Description
-----------------------------------------------------------------------------
                          0.00    0.00   clock clk (rise edge)
                          0.00    0.00   clock network delay (propagated)
                          2.00    2.00 ^ input external delay
                  0.75    0.57    2.57 ^ rst (in)
     7    0.17                           rst (net)
                  0.76    0.00    2.57 ^ _048_/A (sky130_fd_sc_hd__buf_1)
                  2.31    1.78    4.36 ^ _048_/X (sky130_fd_sc_hd__buf_1)
    10    0.20                           _016_ (net)
                  2.31    0.04    4.40 ^ _049_/B (sky130_fd_sc_hd__nor2_2)
                  0.37    0.22    4.61 v _049_/Y (sky130_fd_sc_hd__nor2_2)
     1    0.02                           _000_ (net)
                  0.37    0.00    4.61 v _096_/D (sky130_fd_sc_hd__dfxtp_2)
                                  4.61   data arrival time

                         10.00   10.00   clock clk (rise edge)
                          0.00   10.00   clock source latency
                  0.28    0.19   10.19 ^ clk (in)
     1    0.06                           clk (net)
                  0.28    0.00   10.19 ^ clkbuf_0_clk/A (sky130_fd_sc_hd__clkbuf_16)
                  0.07    0.21   10.40 ^ clkbuf_0_clk/X (sky130_fd_sc_hd__clkbuf_16)
     2    0.04                           clknet_0_clk (net)
                  0.07    0.00   10.40 ^ clkbuf_1_0__f_clk/A (sky130_fd_sc_hd__clkbuf_16)
                  0.11    0.18   10.57 ^ clkbuf_1_0__f_clk/X (sky130_fd_sc_hd__clkbuf_16)
     9    0.09                           clknet_1_0__leaf_clk (net)
                  0.11    0.01   10.58 ^ _096_/CLK (sky130_fd_sc_hd__dfxtp_2)
                         -0.25   10.33   clock uncertainty
                          0.00   10.33   clock reconvergence pessimism
                         -0.24   10.09   library setup time
                                 10.09   data required time
-----------------------------------------------------------------------------
                                 10.09   data required time
                                 -4.61   data arrival time
-----------------------------------------------------------------------------
                                  5.48   slack (MET)


Startpoint: _096_ (rising edge-triggered flip-flop clocked by clk)
Endpoint: _099_ (rising edge-triggered flip-flop clocked by clk)
Path Group: clk
Path Type: max

Fanout     Cap    Slew   Delay    Time   Description
-----------------------------------------------------------------------------
                          0.00    0.00   clock clk (rise edge)
                          0.00    0.00   clock source latency
                  0.28    0.21    0.21 ^ clk (in)
     1    0.06                           clk (net)
                  0.28    0.00    0.21 ^ clkbuf_0_clk/A (sky130_fd_sc_hd__clkbuf_16)
                  0.07    0.23    0.44 ^ clkbuf_0_clk/X (sky130_fd_sc_hd__clkbuf_16)
     2    0.04                           clknet_0_clk (net)
                  0.07    0.00    0.44 ^ clkbuf_1_0__f_clk/A (sky130_fd_sc_hd__clkbuf_16)
                  0.11    0.19    0.63 ^ clkbuf_1_0__f_clk/X (sky130_fd_sc_hd__clkbuf_16)
     9    0.09                           clknet_1_0__leaf_clk (net)
                  0.11    0.01    0.64 ^ _096_/CLK (sky130_fd_sc_hd__dfxtp_2)
                  1.08    1.09    1.73 ^ _096_/Q (sky130_fd_sc_hd__dfxtp_2)
     7    0.22                           pc_out[0] (net)
                  1.08    0.01    1.74 ^ _055_/A (sky130_fd_sc_hd__and4_2)
                  0.36    0.69    2.43 ^ _055_/X (sky130_fd_sc_hd__and4_2)
     1    0.07                           _020_ (net)
                  0.36    0.02    2.45 ^ _056_/A (sky130_fd_sc_hd__buf_1)
                  1.97    1.52    3.97 ^ _056_/X (sky130_fd_sc_hd__buf_1)
     7    0.17                           _021_ (net)
                  1.97    0.01    3.98 ^ _057_/B (sky130_fd_sc_hd__nor2_2)
                  0.48    0.44    4.42 v _057_/Y (sky130_fd_sc_hd__nor2_2)
     1    0.05                           _022_ (net)
                  0.48    0.01    4.43 v _058_/B1 (sky130_fd_sc_hd__o21a_2)
                  0.07    0.34    4.77 v _058_/X (sky130_fd_sc_hd__o21a_2)
     1    0.02                           _003_ (net)
                  0.07    0.00    4.77 v _099_/D (sky130_fd_sc_hd__dfxtp_2)
                                  4.77   data arrival time

                         10.00   10.00   clock clk (rise edge)
                          0.00   10.00   clock source latency
                  0.28    0.19   10.19 ^ clk (in)
     1    0.06                           clk (net)
                  0.28    0.00   10.19 ^ clkbuf_0_clk/A (sky130_fd_sc_hd__clkbuf_16)
                  0.07    0.21   10.40 ^ clkbuf_0_clk/X (sky130_fd_sc_hd__clkbuf_16)
     2    0.04                           clknet_0_clk (net)
                  0.07    0.00   10.40 ^ clkbuf_1_1__f_clk/A (sky130_fd_sc_hd__clkbuf_16)
                  0.10    0.17   10.57 ^ clkbuf_1_1__f_clk/X (sky130_fd_sc_hd__clkbuf_16)
     7    0.09                           clknet_1_1__leaf_clk (net)
                  0.10    0.00   10.57 ^ _099_/CLK (sky130_fd_sc_hd__dfxtp_2)
                         -0.25   10.32   clock uncertainty
                          0.04   10.37   clock reconvergence pessimism
                         -0.11   10.25   library setup time
                                 10.25   data required time
-----------------------------------------------------------------------------
                                 10.25   data required time
                                 -4.77   data arrival time
-----------------------------------------------------------------------------
                                  5.48   slack (MET)


Startpoint: _096_ (rising edge-triggered flip-flop clocked by clk)
Endpoint: _101_ (rising edge-triggered flip-flop clocked by clk)
Path Group: clk
Path Type: max

Fanout     Cap    Slew   Delay    Time   Description
-----------------------------------------------------------------------------
                          0.00    0.00   clock clk (rise edge)
                          0.00    0.00   clock source latency
                  0.28    0.21    0.21 ^ clk (in)
     1    0.06                           clk (net)
                  0.28    0.00    0.21 ^ clkbuf_0_clk/A (sky130_fd_sc_hd__clkbuf_16)
                  0.07    0.23    0.44 ^ clkbuf_0_clk/X (sky130_fd_sc_hd__clkbuf_16)
     2    0.04                           clknet_0_clk (net)
                  0.07    0.00    0.44 ^ clkbuf_1_0__f_clk/A (sky130_fd_sc_hd__clkbuf_16)
                  0.11    0.19    0.63 ^ clkbuf_1_0__f_clk/X (sky130_fd_sc_hd__clkbuf_16)
     9    0.09                           clknet_1_0__leaf_clk (net)
                  0.11    0.01    0.64 ^ _096_/CLK (sky130_fd_sc_hd__dfxtp_2)
                  1.08    1.09    1.73 ^ _096_/Q (sky130_fd_sc_hd__dfxtp_2)
     7    0.22                           pc_out[0] (net)
                  1.08    0.01    1.74 ^ _055_/A (sky130_fd_sc_hd__and4_2)
                  0.36    0.69    2.43 ^ _055_/X (sky130_fd_sc_hd__and4_2)
     1    0.07                           _020_ (net)
                  0.36    0.02    2.45 ^ _056_/A (sky130_fd_sc_hd__buf_1)
                  1.97    1.52    3.97 ^ _056_/X (sky130_fd_sc_hd__buf_1)
     7    0.17                           _021_ (net)
                  1.97    0.03    4.00 ^ _061_/A2 (sky130_fd_sc_hd__a21oi_2)
                  0.30    0.30    4.29 v _061_/Y (sky130_fd_sc_hd__a21oi_2)
     1    0.02                           _024_ (net)
                  0.30    0.00    4.30 v _063_/A (sky130_fd_sc_hd__nor2_2)
                  0.12    0.23    4.53 ^ _063_/Y (sky130_fd_sc_hd__nor2_2)
     1    0.01                           _005_ (net)
                  0.12    0.00    4.53 ^ _101_/D (sky130_fd_sc_hd__dfxtp_2)
                                  4.53   data arrival time

                         10.00   10.00   clock clk (rise edge)
                          0.00   10.00   clock source latency
                  0.28    0.19   10.19 ^ clk (in)
     1    0.06                           clk (net)
                  0.28    0.00   10.19 ^ clkbuf_0_clk/A (sky130_fd_sc_hd__clkbuf_16)
                  0.07    0.21   10.40 ^ clkbuf_0_clk/X (sky130_fd_sc_hd__clkbuf_16)
     2    0.04                           clknet_0_clk (net)
                  0.07    0.00   10.40 ^ clkbuf_1_1__f_clk/A (sky130_fd_sc_hd__clkbuf_16)
                  0.10    0.17   10.57 ^ clkbuf_1_1__f_clk/X (sky130_fd_sc_hd__clkbuf_16)
     7    0.09                           clknet_1_1__leaf_clk (net)
                  0.10    0.00   10.57 ^ _101_/CLK (sky130_fd_sc_hd__dfxtp_2)
                         -0.25   10.32   clock uncertainty
                          0.04   10.37   clock reconvergence pessimism
                         -0.07   10.30   library setup time
                                 10.30   data required time
-----------------------------------------------------------------------------
                                 10.30   data required time
                                 -4.53   data arrival time
-----------------------------------------------------------------------------
                                  5.77   slack (MET)


Startpoint: _096_ (rising edge-triggered flip-flop clocked by clk)
Endpoint: pc_out[0] (output port clocked by clk)
Path Group: clk
Path Type: max

Fanout     Cap    Slew   Delay    Time   Description
-----------------------------------------------------------------------------
                          0.00    0.00   clock clk (rise edge)
                          0.00    0.00   clock source latency
                  0.28    0.21    0.21 ^ clk (in)
     1    0.06                           clk (net)
                  0.28    0.00    0.21 ^ clkbuf_0_clk/A (sky130_fd_sc_hd__clkbuf_16)
                  0.07    0.23    0.44 ^ clkbuf_0_clk/X (sky130_fd_sc_hd__clkbuf_16)
     2    0.04                           clknet_0_clk (net)
                  0.07    0.00    0.44 ^ clkbuf_1_0__f_clk/A (sky130_fd_sc_hd__clkbuf_16)
                  0.11    0.19    0.63 ^ clkbuf_1_0__f_clk/X (sky130_fd_sc_hd__clkbuf_16)
     9    0.09                           clknet_1_0__leaf_clk (net)
                  0.11    0.01    0.64 ^ _096_/CLK (sky130_fd_sc_hd__dfxtp_2)
                  1.08    1.09    1.73 ^ _096_/Q (sky130_fd_sc_hd__dfxtp_2)
     7    0.22                           pc_out[0] (net)
                  1.09    0.07    1.81 ^ pc_out[0] (out)
                                  1.81   data arrival time

                         10.00   10.00   clock clk (rise edge)
                          0.00   10.00   clock network delay (propagated)
                         -0.25    9.75   clock uncertainty
                          0.00    9.75   clock reconvergence pessimism
                         -2.00    7.75   output external delay
                                  7.75   data required time
-----------------------------------------------------------------------------
                                  7.75   data required time
                                 -1.81   data arrival time
-----------------------------------------------------------------------------
                                  5.94   slack (MET)


Startpoint: _100_ (rising edge-triggered flip-flop clocked by clk)
Endpoint: pc_out[4] (output port clocked by clk)
Path Group: clk
Path Type: max

Fanout     Cap    Slew   Delay    Time   Description
-----------------------------------------------------------------------------
                          0.00    0.00   clock clk (rise edge)
                          0.00    0.00   clock source latency
                  0.28    0.21    0.21 ^ clk (in)
     1    0.06                           clk (net)
                  0.28    0.00    0.21 ^ clkbuf_0_clk/A (sky130_fd_sc_hd__clkbuf_16)
                  0.07    0.23    0.44 ^ clkbuf_0_clk/X (sky130_fd_sc_hd__clkbuf_16)
     2    0.04                           clknet_0_clk (net)
                  0.07    0.00    0.44 ^ clkbuf_1_0__f_clk/A (sky130_fd_sc_hd__clkbuf_16)
                  0.11    0.19    0.63 ^ clkbuf_1_0__f_clk/X (sky130_fd_sc_hd__clkbuf_16)
     9    0.09                           clknet_1_0__leaf_clk (net)
                  0.11    0.00    0.64 ^ _100_/CLK (sky130_fd_sc_hd__dfxtp_2)
                  1.06    1.08    1.72 ^ _100_/Q (sky130_fd_sc_hd__dfxtp_2)
     7    0.21                           pc_out[4] (net)
                  1.07    0.04    1.76 ^ pc_out[4] (out)
                                  1.76   data arrival time

                         10.00   10.00   clock clk (rise edge)
                          0.00   10.00   clock network delay (propagated)
                         -0.25    9.75   clock uncertainty
                          0.00    9.75   clock reconvergence pessimism
                         -2.00    7.75   output external delay
                                  7.75   data required time
-----------------------------------------------------------------------------
                                  7.75   data required time
                                 -1.76   data arrival time
-----------------------------------------------------------------------------
                                  5.99   slack (MET)


Startpoint: _103_ (rising edge-triggered flip-flop clocked by clk)
Endpoint: pc_out[7] (output port clocked by clk)
Path Group: clk
Path Type: max

Fanout     Cap    Slew   Delay    Time   Description
-----------------------------------------------------------------------------
                          0.00    0.00   clock clk (rise edge)
                          0.00    0.00   clock source latency
                  0.28    0.21    0.21 ^ clk (in)
     1    0.06                           clk (net)
                  0.28    0.00    0.21 ^ clkbuf_0_clk/A (sky130_fd_sc_hd__clkbuf_16)
                  0.07    0.23    0.44 ^ clkbuf_0_clk/X (sky130_fd_sc_hd__clkbuf_16)
     2    0.04                           clknet_0_clk (net)
                  0.07    0.00    0.44 ^ clkbuf_1_0__f_clk/A (sky130_fd_sc_hd__clkbuf_16)
                  0.11    0.19    0.63 ^ clkbuf_1_0__f_clk/X (sky130_fd_sc_hd__clkbuf_16)
     9    0.09                           clknet_1_0__leaf_clk (net)
                  0.11    0.01    0.64 ^ _103_/CLK (sky130_fd_sc_hd__dfxtp_2)
                  1.01    1.05    1.69 ^ _103_/Q (sky130_fd_sc_hd__dfxtp_2)
     6    0.20                           pc_out[7] (net)
                  1.01    0.05    1.74 ^ pc_out[7] (out)
                                  1.74   data arrival time

                         10.00   10.00   clock clk (rise edge)
                          0.00   10.00   clock network delay (propagated)
                         -0.25    9.75   clock uncertainty
                          0.00    9.75   clock reconvergence pessimism
                         -2.00    7.75   output external delay
                                  7.75   data required time
-----------------------------------------------------------------------------
                                  7.75   data required time
                                 -1.74   data arrival time
-----------------------------------------------------------------------------
                                  6.01   slack (MET)


Startpoint: _098_ (rising edge-triggered flip-flop clocked by clk)
Endpoint: pc_out[2] (output port clocked by clk)
Path Group: clk
Path Type: max

Fanout     Cap    Slew   Delay    Time   Description
-----------------------------------------------------------------------------
                          0.00    0.00   clock clk (rise edge)
                          0.00    0.00   clock source latency
                  0.28    0.21    0.21 ^ clk (in)
     1    0.06                           clk (net)
                  0.28    0.00    0.21 ^ clkbuf_0_clk/A (sky130_fd_sc_hd__clkbuf_16)
                  0.07    0.23    0.44 ^ clkbuf_0_clk/X (sky130_fd_sc_hd__clkbuf_16)
     2    0.04                           clknet_0_clk (net)
                  0.07    0.00    0.44 ^ clkbuf_1_0__f_clk/A (sky130_fd_sc_hd__clkbuf_16)
                  0.11    0.19    0.63 ^ clkbuf_1_0__f_clk/X (sky130_fd_sc_hd__clkbuf_16)
     9    0.09                           clknet_1_0__leaf_clk (net)
                  0.11    0.00    0.64 ^ _098_/CLK (sky130_fd_sc_hd__dfxtp_2)
                  0.93    1.00    1.63 ^ _098_/Q (sky130_fd_sc_hd__dfxtp_2)
     4    0.19                           pc_out[2] (net)
                  0.94    0.05    1.68 ^ pc_out[2] (out)
                                  1.68   data arrival time

                         10.00   10.00   clock clk (rise edge)
                          0.00   10.00   clock network delay (propagated)
                         -0.25    9.75   clock uncertainty
                          0.00    9.75   clock reconvergence pessimism
                         -2.00    7.75   output external delay
                                  7.75   data required time
-----------------------------------------------------------------------------
                                  7.75   data required time
                                 -1.68   data arrival time
-----------------------------------------------------------------------------
                                  6.07   slack (MET)


Startpoint: _106_ (rising edge-triggered flip-flop clocked by clk)
Endpoint: pc_out[10] (output port clocked by clk)
Path Group: clk
Path Type: max

Fanout     Cap    Slew   Delay    Time   Description
-----------------------------------------------------------------------------
                          0.00    0.00   clock clk (rise edge)
                          0.00    0.00   clock source latency
                  0.28    0.21    0.21 ^ clk (in)
     1    0.06                           clk (net)
                  0.28    0.00    0.21 ^ clkbuf_0_clk/A (sky130_fd_sc_hd__clkbuf_16)
                  0.07    0.23    0.44 ^ clkbuf_0_clk/X (sky130_fd_sc_hd__clkbuf_16)
     2    0.04                           clknet_0_clk (net)
                  0.07    0.00    0.44 ^ clkbuf_1_1__f_clk/A (sky130_fd_sc_hd__clkbuf_16)
                  0.10    0.19    0.63 ^ clkbuf_1_1__f_clk/X (sky130_fd_sc_hd__clkbuf_16)
     7    0.09                           clknet_1_1__leaf_clk (net)
                  0.10    0.01    0.64 ^ _106_/CLK (sky130_fd_sc_hd__dfxtp_2)
                  0.92    0.94    1.58 ^ _106_/Q (sky130_fd_sc_hd__dfxtp_2)
     5    0.18                           pc_out[10] (net)
                  0.93    0.09    1.68 ^ pc_out[10] (out)
                                  1.68   data arrival time

                         10.00   10.00   clock clk (rise edge)
                          0.00   10.00   clock network delay (propagated)
                         -0.25    9.75   clock uncertainty
                          0.00    9.75   clock reconvergence pessimism
                         -2.00    7.75   output external delay
                                  7.75   data required time
-----------------------------------------------------------------------------
                                  7.75   data required time
                                 -1.68   data arrival time
-----------------------------------------------------------------------------
                                  6.07   slack (MET)


Startpoint: _097_ (rising edge-triggered flip-flop clocked by clk)
Endpoint: pc_out[1] (output port clocked by clk)
Path Group: clk
Path Type: max

Fanout     Cap    Slew   Delay    Time   Description
-----------------------------------------------------------------------------
                          0.00    0.00   clock clk (rise edge)
                          0.00    0.00   clock source latency
                  0.28    0.21    0.21 ^ clk (in)
     1    0.06                           clk (net)
                  0.28    0.00    0.21 ^ clkbuf_0_clk/A (sky130_fd_sc_hd__clkbuf_16)
                  0.07    0.23    0.44 ^ clkbuf_0_clk/X (sky130_fd_sc_hd__clkbuf_16)
     2    0.04                           clknet_0_clk (net)
                  0.07    0.00    0.44 ^ clkbuf_1_1__f_clk/A (sky130_fd_sc_hd__clkbuf_16)
                  0.10    0.19    0.63 ^ clkbuf_1_1__f_clk/X (sky130_fd_sc_hd__clkbuf_16)
     7    0.09                           clknet_1_1__leaf_clk (net)
                  0.10    0.00    0.63 ^ _097_/CLK (sky130_fd_sc_hd__dfxtp_2)
                  0.92    0.98    1.62 ^ _097_/Q (sky130_fd_sc_hd__dfxtp_2)
     6    0.19                           pc_out[1] (net)
                  0.93    0.05    1.67 ^ pc_out[1] (out)
                                  1.67   data arrival time

                         10.00   10.00   clock clk (rise edge)
                          0.00   10.00   clock network delay (propagated)
                         -0.25    9.75   clock uncertainty
                          0.00    9.75   clock reconvergence pessimism
                         -2.00    7.75   output external delay
                                  7.75   data required time
-----------------------------------------------------------------------------
                                  7.75   data required time
                                 -1.67   data arrival time
-----------------------------------------------------------------------------
                                  6.08   slack (MET)


Startpoint: _108_ (rising edge-triggered flip-flop clocked by clk)
Endpoint: pc_out[12] (output port clocked by clk)
Path Group: clk
Path Type: max

Fanout     Cap    Slew   Delay    Time   Description
-----------------------------------------------------------------------------
                          0.00    0.00   clock clk (rise edge)
                          0.00    0.00   clock source latency
                  0.28    0.21    0.21 ^ clk (in)
     1    0.06                           clk (net)
                  0.28    0.00    0.21 ^ clkbuf_0_clk/A (sky130_fd_sc_hd__clkbuf_16)
                  0.07    0.23    0.44 ^ clkbuf_0_clk/X (sky130_fd_sc_hd__clkbuf_16)
     2    0.04                           clknet_0_clk (net)
                  0.07    0.00    0.44 ^ clkbuf_1_1__f_clk/A (sky130_fd_sc_hd__clkbuf_16)
                  0.10    0.19    0.63 ^ clkbuf_1_1__f_clk/X (sky130_fd_sc_hd__clkbuf_16)
     7    0.09                           clknet_1_1__leaf_clk (net)
                  0.10    0.00    0.64 ^ _108_/CLK (sky130_fd_sc_hd__dfxtp_2)
                  0.86    0.95    1.59 ^ _108_/Q (sky130_fd_sc_hd__dfxtp_2)
     5    0.17                           pc_out[12] (net)
                  0.86    0.02    1.61 ^ pc_out[12] (out)
                                  1.61   data arrival time

                         10.00   10.00   clock clk (rise edge)
                          0.00   10.00   clock network delay (propagated)
                         -0.25    9.75   clock uncertainty
                          0.00    9.75   clock reconvergence pessimism
                         -2.00    7.75   output external delay
                                  7.75   data required time
-----------------------------------------------------------------------------
                                  7.75   data required time
                                 -1.61   data arrival time
-----------------------------------------------------------------------------
                                  6.14   slack (MET)


Startpoint: _101_ (rising edge-triggered flip-flop clocked by clk)
Endpoint: pc_out[5] (output port clocked by clk)
Path Group: clk
Path Type: max

Fanout     Cap    Slew   Delay    Time   Description
-----------------------------------------------------------------------------
                          0.00    0.00   clock clk (rise edge)
                          0.00    0.00   clock source latency
                  0.28    0.21    0.21 ^ clk (in)
     1    0.06                           clk (net)
                  0.28    0.00    0.21 ^ clkbuf_0_clk/A (sky130_fd_sc_hd__clkbuf_16)
                  0.07    0.23    0.44 ^ clkbuf_0_clk/X (sky130_fd_sc_hd__clkbuf_16)
     2    0.04                           clknet_0_clk (net)
                  0.07    0.00    0.44 ^ clkbuf_1_1__f_clk/A (sky130_fd_sc_hd__clkbuf_16)
                  0.10    0.19    0.63 ^ clkbuf_1_1__f_clk/X (sky130_fd_sc_hd__clkbuf_16)
     7    0.09                           clknet_1_1__leaf_clk (net)
                  0.10    0.00    0.64 ^ _101_/CLK (sky130_fd_sc_hd__dfxtp_2)
                  0.77    0.88    1.51 ^ _101_/Q (sky130_fd_sc_hd__dfxtp_2)
     5    0.16                           pc_out[5] (net)
                  0.77    0.03    1.55 ^ pc_out[5] (out)
                                  1.55   data arrival time

                         10.00   10.00   clock clk (rise edge)
                          0.00   10.00   clock network delay (propagated)
                         -0.25    9.75   clock uncertainty
                          0.00    9.75   clock reconvergence pessimism
                         -2.00    7.75   output external delay
                                  7.75   data required time
-----------------------------------------------------------------------------
                                  7.75   data required time
                                 -1.55   data arrival time
-----------------------------------------------------------------------------
                                  6.20   slack (MET)


Startpoint: _109_ (rising edge-triggered flip-flop clocked by clk)
Endpoint: pc_out[13] (output port clocked by clk)
Path Group: clk
Path Type: max

Fanout     Cap    Slew   Delay    Time   Description
-----------------------------------------------------------------------------
                          0.00    0.00   clock clk (rise edge)
                          0.00    0.00   clock source latency
                  0.28    0.21    0.21 ^ clk (in)
     1    0.06                           clk (net)
                  0.28    0.00    0.21 ^ clkbuf_0_clk/A (sky130_fd_sc_hd__clkbuf_16)
                  0.07    0.23    0.44 ^ clkbuf_0_clk/X (sky130_fd_sc_hd__clkbuf_16)
     2    0.04                           clknet_0_clk (net)
                  0.07    0.00    0.44 ^ clkbuf_1_0__f_clk/A (sky130_fd_sc_hd__clkbuf_16)
                  0.11    0.19    0.63 ^ clkbuf_1_0__f_clk/X (sky130_fd_sc_hd__clkbuf_16)
     9    0.09                           clknet_1_0__leaf_clk (net)
                  0.11    0.00    0.64 ^ _109_/CLK (sky130_fd_sc_hd__dfxtp_2)
                  0.73    0.86    1.50 ^ _109_/Q (sky130_fd_sc_hd__dfxtp_2)
     3    0.15                           pc_out[13] (net)
                  0.73    0.01    1.51 ^ pc_out[13] (out)
                                  1.51   data arrival time

                         10.00   10.00   clock clk (rise edge)
                          0.00   10.00   clock network delay (propagated)
                         -0.25    9.75   clock uncertainty
                          0.00    9.75   clock reconvergence pessimism
                         -2.00    7.75   output external delay
                                  7.75   data required time
-----------------------------------------------------------------------------
                                  7.75   data required time
                                 -1.51   data arrival time
-----------------------------------------------------------------------------
                                  6.24   slack (MET)


Startpoint: _111_ (rising edge-triggered flip-flop clocked by clk)
Endpoint: pc_out[15] (output port clocked by clk)
Path Group: clk
Path Type: max

Fanout     Cap    Slew   Delay    Time   Description
-----------------------------------------------------------------------------
                          0.00    0.00   clock clk (rise edge)
                          0.00    0.00   clock source latency
                  0.28    0.21    0.21 ^ clk (in)
     1    0.06                           clk (net)
                  0.28    0.00    0.21 ^ clkbuf_0_clk/A (sky130_fd_sc_hd__clkbuf_16)
                  0.07    0.23    0.44 ^ clkbuf_0_clk/X (sky130_fd_sc_hd__clkbuf_16)
     2    0.04                           clknet_0_clk (net)
                  0.07    0.00    0.44 ^ clkbuf_1_1__f_clk/A (sky130_fd_sc_hd__clkbuf_16)
                  0.10    0.19    0.63 ^ clkbuf_1_1__f_clk/X (sky130_fd_sc_hd__clkbuf_16)
     7    0.09                           clknet_1_1__leaf_clk (net)
                  0.10    0.00    0.64 ^ _111_/CLK (sky130_fd_sc_hd__dfxtp_2)
                  0.72    0.82    1.46 ^ _111_/Q (sky130_fd_sc_hd__dfxtp_2)
     3    0.14                           pc_out[15] (net)
                  0.72    0.05    1.51 ^ pc_out[15] (out)
                                  1.51   data arrival time

                         10.00   10.00   clock clk (rise edge)
                          0.00   10.00   clock network delay (propagated)
                         -0.25    9.75   clock uncertainty
                          0.00    9.75   clock reconvergence pessimism
                         -2.00    7.75   output external delay
                                  7.75   data required time
-----------------------------------------------------------------------------
                                  7.75   data required time
                                 -1.51   data arrival time
-----------------------------------------------------------------------------
                                  6.24   slack (MET)


Startpoint: _104_ (rising edge-triggered flip-flop clocked by clk)
Endpoint: pc_out[8] (output port clocked by clk)
Path Group: clk
Path Type: max

Fanout     Cap    Slew   Delay    Time   Description
-----------------------------------------------------------------------------
                          0.00    0.00   clock clk (rise edge)
                          0.00    0.00   clock source latency
                  0.28    0.21    0.21 ^ clk (in)
     1    0.06                           clk (net)
                  0.28    0.00    0.21 ^ clkbuf_0_clk/A (sky130_fd_sc_hd__clkbuf_16)
                  0.07    0.23    0.44 ^ clkbuf_0_clk/X (sky130_fd_sc_hd__clkbuf_16)
     2    0.04                           clknet_0_clk (net)
                  0.07    0.00    0.44 ^ clkbuf_1_0__f_clk/A (sky130_fd_sc_hd__clkbuf_16)
                  0.11    0.19    0.63 ^ clkbuf_1_0__f_clk/X (sky130_fd_sc_hd__clkbuf_16)
     9    0.09                           clknet_1_0__leaf_clk (net)
                  0.11    0.00    0.64 ^ _104_/CLK (sky130_fd_sc_hd__dfxtp_2)
                  0.74    0.86    1.50 ^ _104_/Q (sky130_fd_sc_hd__dfxtp_2)
     4    0.15                           pc_out[8] (net)
                  0.74    0.01    1.51 ^ pc_out[8] (out)
                                  1.51   data arrival time

                         10.00   10.00   clock clk (rise edge)
                          0.00   10.00   clock network delay (propagated)
                         -0.25    9.75   clock uncertainty
                          0.00    9.75   clock reconvergence pessimism
                         -2.00    7.75   output external delay
                                  7.75   data required time
-----------------------------------------------------------------------------
                                  7.75   data required time
                                 -1.51   data arrival time
-----------------------------------------------------------------------------
                                  6.24   slack (MET)


Startpoint: _110_ (rising edge-triggered flip-flop clocked by clk)
Endpoint: pc_out[14] (output port clocked by clk)
Path Group: clk
Path Type: max

Fanout     Cap    Slew   Delay    Time   Description
-----------------------------------------------------------------------------
                          0.00    0.00   clock clk (rise edge)
                          0.00    0.00   clock source latency
                  0.28    0.21    0.21 ^ clk (in)
     1    0.06                           clk (net)
                  0.28    0.00    0.21 ^ clkbuf_0_clk/A (sky130_fd_sc_hd__clkbuf_16)
                  0.07    0.23    0.44 ^ clkbuf_0_clk/X (sky130_fd_sc_hd__clkbuf_16)
     2    0.04                           clknet_0_clk (net)
                  0.07    0.00    0.44 ^ clkbuf_1_0__f_clk/A (sky130_fd_sc_hd__clkbuf_16)
                  0.11    0.19    0.63 ^ clkbuf_1_0__f_clk/X (sky130_fd_sc_hd__clkbuf_16)
     9    0.09                           clknet_1_0__leaf_clk (net)
                  0.11    0.01    0.64 ^ _110_/CLK (sky130_fd_sc_hd__dfxtp_2)
                  0.68    0.82    1.46 ^ _110_/Q (sky130_fd_sc_hd__dfxtp_2)
     5    0.14                           pc_out[14] (net)
                  0.68    0.03    1.49 ^ pc_out[14] (out)
                                  1.49   data arrival time

                         10.00   10.00   clock clk (rise edge)
                          0.00   10.00   clock network delay (propagated)
                         -0.25    9.75   clock uncertainty
                          0.00    9.75   clock reconvergence pessimism
                         -2.00    7.75   output external delay
                                  7.75   data required time
-----------------------------------------------------------------------------
                                  7.75   data required time
                                 -1.49   data arrival time
-----------------------------------------------------------------------------
                                  6.26   slack (MET)


Startpoint: _099_ (rising edge-triggered flip-flop clocked by clk)
Endpoint: pc_out[3] (output port clocked by clk)
Path Group: clk
Path Type: max

Fanout     Cap    Slew   Delay    Time   Description
-----------------------------------------------------------------------------
                          0.00    0.00   clock clk (rise edge)
                          0.00    0.00   clock source latency
                  0.28    0.21    0.21 ^ clk (in)
     1    0.06                           clk (net)
                  0.28    0.00    0.21 ^ clkbuf_0_clk/A (sky130_fd_sc_hd__clkbuf_16)
                  0.07    0.23    0.44 ^ clkbuf_0_clk/X (sky130_fd_sc_hd__clkbuf_16)
     2    0.04                           clknet_0_clk (net)
                  0.07    0.00    0.44 ^ clkbuf_1_1__f_clk/A (sky130_fd_sc_hd__clkbuf_16)
                  0.10    0.19    0.63 ^ clkbuf_1_1__f_clk/X (sky130_fd_sc_hd__clkbuf_16)
     7    0.09                           clknet_1_1__leaf_clk (net)
                  0.10    0.00    0.63 ^ _099_/CLK (sky130_fd_sc_hd__dfxtp_2)
                  0.65    0.79    1.43 ^ _099_/Q (sky130_fd_sc_hd__dfxtp_2)
     3    0.13                           pc_out[3] (net)
                  0.65    0.03    1.46 ^ pc_out[3] (out)
                                  1.46   data arrival time

                         10.00   10.00   clock clk (rise edge)
                          0.00   10.00   clock network delay (propagated)
                         -0.25    9.75   clock uncertainty
                          0.00    9.75   clock reconvergence pessimism
                         -2.00    7.75   output external delay
                                  7.75   data required time
-----------------------------------------------------------------------------
                                  7.75   data required time
                                 -1.46   data arrival time
-----------------------------------------------------------------------------
                                  6.29   slack (MET)


Startpoint: _102_ (rising edge-triggered flip-flop clocked by clk)
Endpoint: pc_out[6] (output port clocked by clk)
Path Group: clk
Path Type: max

Fanout     Cap    Slew   Delay    Time   Description
-----------------------------------------------------------------------------
                          0.00    0.00   clock clk (rise edge)
                          0.00    0.00   clock source latency
                  0.28    0.21    0.21 ^ clk (in)
     1    0.06                           clk (net)
                  0.28    0.00    0.21 ^ clkbuf_0_clk/A (sky130_fd_sc_hd__clkbuf_16)
                  0.07    0.23    0.44 ^ clkbuf_0_clk/X (sky130_fd_sc_hd__clkbuf_16)
     2    0.04                           clknet_0_clk (net)
                  0.07    0.00    0.44 ^ clkbuf_1_1__f_clk/A (sky130_fd_sc_hd__clkbuf_16)
                  0.10    0.19    0.63 ^ clkbuf_1_1__f_clk/X (sky130_fd_sc_hd__clkbuf_16)
     7    0.09                           clknet_1_1__leaf_clk (net)
                  0.10    0.00    0.64 ^ _102_/CLK (sky130_fd_sc_hd__dfxtp_2)
                  0.61    0.77    1.41 ^ _102_/Q (sky130_fd_sc_hd__dfxtp_2)
     3    0.12                           pc_out[6] (net)
                  0.61    0.01    1.42 ^ pc_out[6] (out)
                                  1.42   data arrival time

                         10.00   10.00   clock clk (rise edge)
                          0.00   10.00   clock network delay (propagated)
                         -0.25    9.75   clock uncertainty
                          0.00    9.75   clock reconvergence pessimism
                         -2.00    7.75   output external delay
                                  7.75   data required time
-----------------------------------------------------------------------------
                                  7.75   data required time
                                 -1.42   data arrival time
-----------------------------------------------------------------------------
                                  6.33   slack (MET)


Startpoint: _107_ (rising edge-triggered flip-flop clocked by clk)
Endpoint: pc_out[11] (output port clocked by clk)
Path Group: clk
Path Type: max

Fanout     Cap    Slew   Delay    Time   Description
-----------------------------------------------------------------------------
                          0.00    0.00   clock clk (rise edge)
                          0.00    0.00   clock source latency
                  0.28    0.21    0.21 ^ clk (in)
     1    0.06                           clk (net)
                  0.28    0.00    0.21 ^ clkbuf_0_clk/A (sky130_fd_sc_hd__clkbuf_16)
                  0.07    0.23    0.44 ^ clkbuf_0_clk/X (sky130_fd_sc_hd__clkbuf_16)
     2    0.04                           clknet_0_clk (net)
                  0.07    0.00    0.44 ^ clkbuf_1_0__f_clk/A (sky130_fd_sc_hd__clkbuf_16)
                  0.11    0.19    0.63 ^ clkbuf_1_0__f_clk/X (sky130_fd_sc_hd__clkbuf_16)
     9    0.09                           clknet_1_0__leaf_clk (net)
                  0.11    0.00    0.64 ^ _107_/CLK (sky130_fd_sc_hd__dfxtp_2)
                  0.56    0.74    1.38 ^ _107_/Q (sky130_fd_sc_hd__dfxtp_2)
     3    0.11                           pc_out[11] (net)
                  0.56    0.01    1.39 ^ pc_out[11] (out)
                                  1.39   data arrival time

                         10.00   10.00   clock clk (rise edge)
                          0.00   10.00   clock network delay (propagated)
                         -0.25    9.75   clock uncertainty
                          0.00    9.75   clock reconvergence pessimism
                         -2.00    7.75   output external delay
                                  7.75   data required time
-----------------------------------------------------------------------------
                                  7.75   data required time
                                 -1.39   data arrival time
-----------------------------------------------------------------------------
                                  6.36   slack (MET)


Startpoint: _105_ (rising edge-triggered flip-flop clocked by clk)
Endpoint: pc_out[9] (output port clocked by clk)
Path Group: clk
Path Type: max

Fanout     Cap    Slew   Delay    Time   Description
-----------------------------------------------------------------------------
                          0.00    0.00   clock clk (rise edge)
                          0.00    0.00   clock source latency
                  0.28    0.21    0.21 ^ clk (in)
     1    0.06                           clk (net)
                  0.28    0.00    0.21 ^ clkbuf_0_clk/A (sky130_fd_sc_hd__clkbuf_16)
                  0.07    0.23    0.44 ^ clkbuf_0_clk/X (sky130_fd_sc_hd__clkbuf_16)
     2    0.04                           clknet_0_clk (net)
                  0.07    0.00    0.44 ^ clkbuf_1_0__f_clk/A (sky130_fd_sc_hd__clkbuf_16)
                  0.11    0.19    0.63 ^ clkbuf_1_0__f_clk/X (sky130_fd_sc_hd__clkbuf_16)
     9    0.09                           clknet_1_0__leaf_clk (net)
                  0.11    0.00    0.64 ^ _105_/CLK (sky130_fd_sc_hd__dfxtp_2)
                  0.49    0.69    1.33 ^ _105_/Q (sky130_fd_sc_hd__dfxtp_2)
     3    0.10                           pc_out[9] (net)
                  0.49    0.01    1.34 ^ pc_out[9] (out)
                                  1.34   data arrival time

                         10.00   10.00   clock clk (rise edge)
                          0.00   10.00   clock network delay (propagated)
                         -0.25    9.75   clock uncertainty
                          0.00    9.75   clock reconvergence pessimism
                         -2.00    7.75   output external delay
                                  7.75   data required time
-----------------------------------------------------------------------------
                                  7.75   data required time
                                 -1.34   data arrival time
-----------------------------------------------------------------------------
                                  6.41   slack (MET)



