
===========================================================================
report_checks -path_delay min (Hold)
============================================================================
======================= Typical Corner ===================================

Startpoint: op[0] (input port clocked by __VIRTUAL_CLK__)
Endpoint: Y[11] (output port clocked by __VIRTUAL_CLK__)
Path Group: __VIRTUAL_CLK__
Path Type: min

Fanout     Cap    Slew   Delay    Time   Description
-----------------------------------------------------------------------------
                  0.00    0.00    0.00   clock __VIRTUAL_CLK__ (rise edge)
                          0.00    0.00   clock network delay (ideal)
                          2.00    2.00 ^ input external delay
                  0.02    0.01    2.01 ^ op[0] (in)
     1    0.00                           op[0] (net)
                  0.02    0.00    2.01 ^ input17/A (sky130_fd_sc_hd__clkbuf_2)
                  0.12    0.14    2.16 ^ input17/X (sky130_fd_sc_hd__clkbuf_2)
     3    0.02                           net17 (net)
                  0.12    0.00    2.16 ^ _0878_/A (sky130_fd_sc_hd__buf_4)
                  0.16    0.21    2.37 ^ _0878_/X (sky130_fd_sc_hd__buf_4)
    10    0.06                           _0160_ (net)
                  0.16    0.00    2.37 ^ _0943_/A (sky130_fd_sc_hd__nor3b_2)
                  0.06    0.10    2.47 v _0943_/Y (sky130_fd_sc_hd__nor3b_2)
     4    0.02                           _0222_ (net)
                  0.06    0.00    2.47 v _1278_/A1 (sky130_fd_sc_hd__a31o_1)
                  0.04    0.17    2.64 v _1278_/X (sky130_fd_sc_hd__a31o_1)
     1    0.00                           net22 (net)
                  0.04    0.00    2.64 v output22/A (sky130_fd_sc_hd__buf_2)
                  0.09    0.17    2.81 v output22/X (sky130_fd_sc_hd__buf_2)
     1    0.03                           Y[11] (net)
                  0.09    0.00    2.81 v Y[11] (out)
                                  2.81   data arrival time

                  0.00    0.00    0.00   clock __VIRTUAL_CLK__ (rise edge)
                          0.00    0.00   clock network delay (ideal)
                          0.25    0.25   clock uncertainty
                          0.00    0.25   clock reconvergence pessimism
                         -2.00   -1.75   output external delay
                                 -1.75   data required time
-----------------------------------------------------------------------------
                                 -1.75   data required time
                                 -2.81   data arrival time
-----------------------------------------------------------------------------
                                  4.56   slack (MET)


Startpoint: op[0] (input port clocked by __VIRTUAL_CLK__)
Endpoint: Y[6] (output port clocked by __VIRTUAL_CLK__)
Path Group: __VIRTUAL_CLK__
Path Type: min

Fanout     Cap    Slew   Delay    Time   Description
-----------------------------------------------------------------------------
                  0.00    0.00    0.00   clock __VIRTUAL_CLK__ (rise edge)
                          0.00    0.00   clock network delay (ideal)
                          2.00    2.00 ^ input external delay
                  0.02    0.01    2.01 ^ op[0] (in)
     1    0.00                           op[0] (net)
                  0.02    0.00    2.01 ^ input17/A (sky130_fd_sc_hd__clkbuf_2)
                  0.12    0.14    2.16 ^ input17/X (sky130_fd_sc_hd__clkbuf_2)
     3    0.02                           net17 (net)
                  0.12    0.00    2.16 ^ _0878_/A (sky130_fd_sc_hd__buf_4)
                  0.16    0.21    2.37 ^ _0878_/X (sky130_fd_sc_hd__buf_4)
    10    0.06                           _0160_ (net)
                  0.16    0.00    2.37 ^ _0943_/A (sky130_fd_sc_hd__nor3b_2)
                  0.06    0.10    2.47 v _0943_/Y (sky130_fd_sc_hd__nor3b_2)
     4    0.02                           _0222_ (net)
                  0.06    0.00    2.47 v _1101_/A1 (sky130_fd_sc_hd__a31o_1)
                  0.04    0.17    2.64 v _1101_/X (sky130_fd_sc_hd__a31o_1)
     1    0.00                           net32 (net)
                  0.04    0.00    2.64 v output32/A (sky130_fd_sc_hd__buf_2)
                  0.09    0.17    2.81 v output32/X (sky130_fd_sc_hd__buf_2)
     1    0.03                           Y[6] (net)
                  0.09    0.00    2.81 v Y[6] (out)
                                  2.81   data arrival time

                  0.00    0.00    0.00   clock __VIRTUAL_CLK__ (rise edge)
                          0.00    0.00   clock network delay (ideal)
                          0.25    0.25   clock uncertainty
                          0.00    0.25   clock reconvergence pessimism
                         -2.00   -1.75   output external delay
                                 -1.75   data required time
-----------------------------------------------------------------------------
                                 -1.75   data required time
                                 -2.81   data arrival time
-----------------------------------------------------------------------------
                                  4.56   slack (MET)


Startpoint: op[0] (input port clocked by __VIRTUAL_CLK__)
Endpoint: Y[10] (output port clocked by __VIRTUAL_CLK__)
Path Group: __VIRTUAL_CLK__
Path Type: min

Fanout     Cap    Slew   Delay    Time   Description
-----------------------------------------------------------------------------
                  0.00    0.00    0.00   clock __VIRTUAL_CLK__ (rise edge)
                          0.00    0.00   clock network delay (ideal)
                          2.00    2.00 ^ input external delay
                  0.02    0.01    2.01 ^ op[0] (in)
     1    0.00                           op[0] (net)
                  0.02    0.00    2.01 ^ input17/A (sky130_fd_sc_hd__clkbuf_2)
                  0.12    0.14    2.16 ^ input17/X (sky130_fd_sc_hd__clkbuf_2)
     3    0.02                           net17 (net)
                  0.12    0.00    2.16 ^ _0878_/A (sky130_fd_sc_hd__buf_4)
                  0.16    0.21    2.37 ^ _0878_/X (sky130_fd_sc_hd__buf_4)
    10    0.06                           _0160_ (net)
                  0.16    0.00    2.37 ^ _0943_/A (sky130_fd_sc_hd__nor3b_2)
                  0.06    0.10    2.47 v _0943_/Y (sky130_fd_sc_hd__nor3b_2)
     4    0.02                           _0222_ (net)
                  0.06    0.00    2.47 v _1253_/A1 (sky130_fd_sc_hd__a31o_1)
                  0.05    0.19    2.65 v _1253_/X (sky130_fd_sc_hd__a31o_1)
     1    0.01                           net21 (net)
                  0.05    0.00    2.65 v output21/A (sky130_fd_sc_hd__buf_2)
                  0.09    0.17    2.83 v output21/X (sky130_fd_sc_hd__buf_2)
     1    0.03                           Y[10] (net)
                  0.09    0.00    2.83 v Y[10] (out)
                                  2.83   data arrival time

                  0.00    0.00    0.00   clock __VIRTUAL_CLK__ (rise edge)
                          0.00    0.00   clock network delay (ideal)
                          0.25    0.25   clock uncertainty
                          0.00    0.25   clock reconvergence pessimism
                         -2.00   -1.75   output external delay
                                 -1.75   data required time
-----------------------------------------------------------------------------
                                 -1.75   data required time
                                 -2.83   data arrival time
-----------------------------------------------------------------------------
                                  4.58   slack (MET)


Startpoint: op[0] (input port clocked by __VIRTUAL_CLK__)
Endpoint: Y[1] (output port clocked by __VIRTUAL_CLK__)
Path Group: __VIRTUAL_CLK__
Path Type: min

Fanout     Cap    Slew   Delay    Time   Description
-----------------------------------------------------------------------------
                  0.00    0.00    0.00   clock __VIRTUAL_CLK__ (rise edge)
                          0.00    0.00   clock network delay (ideal)
                          2.00    2.00 ^ input external delay
                  0.02    0.01    2.01 ^ op[0] (in)
     1    0.00                           op[0] (net)
                  0.02    0.00    2.01 ^ input17/A (sky130_fd_sc_hd__clkbuf_2)
                  0.12    0.14    2.16 ^ input17/X (sky130_fd_sc_hd__clkbuf_2)
     3    0.02                           net17 (net)
                  0.12    0.00    2.16 ^ _0878_/A (sky130_fd_sc_hd__buf_4)
                  0.16    0.21    2.37 ^ _0878_/X (sky130_fd_sc_hd__buf_4)
    10    0.06                           _0160_ (net)
                  0.16    0.00    2.37 ^ _0917_/B (sky130_fd_sc_hd__or3_4)
                  0.09    0.18    2.56 ^ _0917_/X (sky130_fd_sc_hd__or3_4)
     3    0.03                           _0198_ (net)
                  0.09    0.00    2.56 ^ _0918_/B2 (sky130_fd_sc_hd__o22a_1)
                  0.12    0.17    2.73 ^ _0918_/X (sky130_fd_sc_hd__o22a_1)
     1    0.01                           net27 (net)
                  0.12    0.00    2.73 ^ output27/A (sky130_fd_sc_hd__buf_2)
                  0.17    0.21    2.94 ^ output27/X (sky130_fd_sc_hd__buf_2)
     1    0.03                           Y[1] (net)
                  0.17    0.00    2.94 ^ Y[1] (out)
                                  2.94   data arrival time

                  0.00    0.00    0.00   clock __VIRTUAL_CLK__ (rise edge)
                          0.00    0.00   clock network delay (ideal)
                          0.25    0.25   clock uncertainty
                          0.00    0.25   clock reconvergence pessimism
                         -2.00   -1.75   output external delay
                                 -1.75   data required time
-----------------------------------------------------------------------------
                                 -1.75   data required time
                                 -2.94   data arrival time
-----------------------------------------------------------------------------
                                  4.69   slack (MET)


Startpoint: A[7] (input port clocked by __VIRTUAL_CLK__)
Endpoint: Y[14] (output port clocked by __VIRTUAL_CLK__)
Path Group: __VIRTUAL_CLK__
Path Type: min

Fanout     Cap    Slew   Delay    Time   Description
-----------------------------------------------------------------------------
                  0.00    0.00    0.00   clock __VIRTUAL_CLK__ (rise edge)
                          0.00    0.00   clock network delay (ideal)
                          2.00    2.00 ^ input external delay
                  0.02    0.01    2.01 ^ A[7] (in)
     1    0.00                           A[7] (net)
                  0.02    0.00    2.01 ^ input8/A (sky130_fd_sc_hd__clkbuf_4)
                  0.14    0.18    2.19 ^ input8/X (sky130_fd_sc_hd__clkbuf_4)
     6    0.04                           net8 (net)
                  0.14    0.00    2.20 ^ _1102_/A (sky130_fd_sc_hd__buf_4)
                  0.17    0.23    2.42 ^ _1102_/X (sky130_fd_sc_hd__buf_4)
    10    0.06                           _0389_ (net)
                  0.17    0.00    2.43 ^ _1190_/A1 (sky130_fd_sc_hd__a21oi_4)
                  0.07    0.13    2.55 v _1190_/Y (sky130_fd_sc_hd__a21oi_4)
     8    0.04                           _0485_ (net)
                  0.07    0.00    2.55 v _1320_/B1 (sky130_fd_sc_hd__a31o_1)
                  0.07    0.22    2.77 v _1320_/X (sky130_fd_sc_hd__a31o_1)
     1    0.01                           net25 (net)
                  0.07    0.00    2.77 v output25/A (sky130_fd_sc_hd__buf_2)
                  0.09    0.18    2.95 v output25/X (sky130_fd_sc_hd__buf_2)
     1    0.03                           Y[14] (net)
                  0.09    0.00    2.95 v Y[14] (out)
                                  2.95   data arrival time

                  0.00    0.00    0.00   clock __VIRTUAL_CLK__ (rise edge)
                          0.00    0.00   clock network delay (ideal)
                          0.25    0.25   clock uncertainty
                          0.00    0.25   clock reconvergence pessimism
                         -2.00   -1.75   output external delay
                                 -1.75   data required time
-----------------------------------------------------------------------------
                                 -1.75   data required time
                                 -2.95   data arrival time
-----------------------------------------------------------------------------
                                  4.70   slack (MET)


Startpoint: A[7] (input port clocked by __VIRTUAL_CLK__)
Endpoint: Y[9] (output port clocked by __VIRTUAL_CLK__)
Path Group: __VIRTUAL_CLK__
Path Type: min

Fanout     Cap    Slew   Delay    Time   Description
-----------------------------------------------------------------------------
                  0.00    0.00    0.00   clock __VIRTUAL_CLK__ (rise edge)
                          0.00    0.00   clock network delay (ideal)
                          2.00    2.00 ^ input external delay
                  0.02    0.01    2.01 ^ A[7] (in)
     1    0.00                           A[7] (net)
                  0.02    0.00    2.01 ^ input8/A (sky130_fd_sc_hd__clkbuf_4)
                  0.14    0.18    2.19 ^ input8/X (sky130_fd_sc_hd__clkbuf_4)
     6    0.04                           net8 (net)
                  0.14    0.00    2.20 ^ _1102_/A (sky130_fd_sc_hd__buf_4)
                  0.17    0.23    2.42 ^ _1102_/X (sky130_fd_sc_hd__buf_4)
    10    0.06                           _0389_ (net)
                  0.17    0.00    2.43 ^ _1190_/A1 (sky130_fd_sc_hd__a21oi_4)
                  0.07    0.13    2.55 v _1190_/Y (sky130_fd_sc_hd__a21oi_4)
     8    0.04                           _0485_ (net)
                  0.07    0.00    2.55 v _1225_/B1 (sky130_fd_sc_hd__a31o_1)
                  0.07    0.22    2.77 v _1225_/X (sky130_fd_sc_hd__a31o_1)
     1    0.01                           net35 (net)
                  0.07    0.00    2.77 v output35/A (sky130_fd_sc_hd__buf_2)
                  0.09    0.18    2.96 v output35/X (sky130_fd_sc_hd__buf_2)
     1    0.03                           Y[9] (net)
                  0.09    0.00    2.96 v Y[9] (out)
                                  2.96   data arrival time

                  0.00    0.00    0.00   clock __VIRTUAL_CLK__ (rise edge)
                          0.00    0.00   clock network delay (ideal)
                          0.25    0.25   clock uncertainty
                          0.00    0.25   clock reconvergence pessimism
                         -2.00   -1.75   output external delay
                                 -1.75   data required time
-----------------------------------------------------------------------------
                                 -1.75   data required time
                                 -2.96   data arrival time
-----------------------------------------------------------------------------
                                  4.71   slack (MET)


Startpoint: A[7] (input port clocked by __VIRTUAL_CLK__)
Endpoint: Y[12] (output port clocked by __VIRTUAL_CLK__)
Path Group: __VIRTUAL_CLK__
Path Type: min

Fanout     Cap    Slew   Delay    Time   Description
-----------------------------------------------------------------------------
                  0.00    0.00    0.00   clock __VIRTUAL_CLK__ (rise edge)
                          0.00    0.00   clock network delay (ideal)
                          2.00    2.00 ^ input external delay
                  0.02    0.01    2.01 ^ A[7] (in)
     1    0.00                           A[7] (net)
                  0.02    0.00    2.01 ^ input8/A (sky130_fd_sc_hd__clkbuf_4)
                  0.14    0.18    2.19 ^ input8/X (sky130_fd_sc_hd__clkbuf_4)
     6    0.04                           net8 (net)
                  0.14    0.00    2.20 ^ _1102_/A (sky130_fd_sc_hd__buf_4)
                  0.17    0.23    2.42 ^ _1102_/X (sky130_fd_sc_hd__buf_4)
    10    0.06                           _0389_ (net)
                  0.17    0.00    2.43 ^ _1190_/A1 (sky130_fd_sc_hd__a21oi_4)
                  0.07    0.13    2.55 v _1190_/Y (sky130_fd_sc_hd__a21oi_4)
     8    0.04                           _0485_ (net)
                  0.07    0.00    2.55 v _1298_/B1 (sky130_fd_sc_hd__a31o_1)
                  0.08    0.23    2.78 v _1298_/X (sky130_fd_sc_hd__a31o_1)
     1    0.01                           net23 (net)
                  0.08    0.00    2.78 v output23/A (sky130_fd_sc_hd__buf_2)
                  0.09    0.19    2.97 v output23/X (sky130_fd_sc_hd__buf_2)
     1    0.03                           Y[12] (net)
                  0.09    0.00    2.97 v Y[12] (out)
                                  2.97   data arrival time

                  0.00    0.00    0.00   clock __VIRTUAL_CLK__ (rise edge)
                          0.00    0.00   clock network delay (ideal)
                          0.25    0.25   clock uncertainty
                          0.00    0.25   clock reconvergence pessimism
                         -2.00   -1.75   output external delay
                                 -1.75   data required time
-----------------------------------------------------------------------------
                                 -1.75   data required time
                                 -2.97   data arrival time
-----------------------------------------------------------------------------
                                  4.72   slack (MET)


Startpoint: A[7] (input port clocked by __VIRTUAL_CLK__)
Endpoint: Y[13] (output port clocked by __VIRTUAL_CLK__)
Path Group: __VIRTUAL_CLK__
Path Type: min

Fanout     Cap    Slew   Delay    Time   Description
-----------------------------------------------------------------------------
                  0.00    0.00    0.00   clock __VIRTUAL_CLK__ (rise edge)
                          0.00    0.00   clock network delay (ideal)
                          2.00    2.00 ^ input external delay
                  0.02    0.01    2.01 ^ A[7] (in)
     1    0.00                           A[7] (net)
                  0.02    0.00    2.01 ^ input8/A (sky130_fd_sc_hd__clkbuf_4)
                  0.14    0.18    2.19 ^ input8/X (sky130_fd_sc_hd__clkbuf_4)
     6    0.04                           net8 (net)
                  0.14    0.00    2.20 ^ _1102_/A (sky130_fd_sc_hd__buf_4)
                  0.17    0.23    2.42 ^ _1102_/X (sky130_fd_sc_hd__buf_4)
    10    0.06                           _0389_ (net)
                  0.17    0.00    2.43 ^ _1190_/A1 (sky130_fd_sc_hd__a21oi_4)
                  0.07    0.13    2.55 v _1190_/Y (sky130_fd_sc_hd__a21oi_4)
     8    0.04                           _0485_ (net)
                  0.07    0.00    2.55 v _1312_/B1 (sky130_fd_sc_hd__a31o_1)
                  0.08    0.23    2.78 v _1312_/X (sky130_fd_sc_hd__a31o_1)
     1    0.01                           net24 (net)
                  0.08    0.00    2.78 v output24/A (sky130_fd_sc_hd__buf_2)
                  0.09    0.19    2.97 v output24/X (sky130_fd_sc_hd__buf_2)
     1    0.03                           Y[13] (net)
                  0.09    0.00    2.97 v Y[13] (out)
                                  2.97   data arrival time

                  0.00    0.00    0.00   clock __VIRTUAL_CLK__ (rise edge)
                          0.00    0.00   clock network delay (ideal)
                          0.25    0.25   clock uncertainty
                          0.00    0.25   clock reconvergence pessimism
                         -2.00   -1.75   output external delay
                                 -1.75   data required time
-----------------------------------------------------------------------------
                                 -1.75   data required time
                                 -2.97   data arrival time
-----------------------------------------------------------------------------
                                  4.72   slack (MET)


Startpoint: op[0] (input port clocked by __VIRTUAL_CLK__)
Endpoint: Y[5] (output port clocked by __VIRTUAL_CLK__)
Path Group: __VIRTUAL_CLK__
Path Type: min

Fanout     Cap    Slew   Delay    Time   Description
-----------------------------------------------------------------------------
                  0.00    0.00    0.00   clock __VIRTUAL_CLK__ (rise edge)
                          0.00    0.00   clock network delay (ideal)
                          2.00    2.00 v input external delay
                  0.01    0.00    2.00 v op[0] (in)
     1    0.00                           op[0] (net)
                  0.01    0.00    2.00 v input17/A (sky130_fd_sc_hd__clkbuf_2)
                  0.09    0.13    2.13 v input17/X (sky130_fd_sc_hd__clkbuf_2)
     3    0.02                           net17 (net)
                  0.09    0.00    2.14 v _0878_/A (sky130_fd_sc_hd__buf_4)
                  0.08    0.20    2.33 v _0878_/X (sky130_fd_sc_hd__buf_4)
    10    0.05                           _0160_ (net)
                  0.08    0.00    2.33 v _0879_/D (sky130_fd_sc_hd__nand4b_4)
                  0.11    0.15    2.48 ^ _0879_/Y (sky130_fd_sc_hd__nand4b_4)
     5    0.03                           _0161_ (net)
                  0.11    0.00    2.48 ^ _1050_/A2 (sky130_fd_sc_hd__o2111ai_2)
                  0.08    0.12    2.60 v _1050_/Y (sky130_fd_sc_hd__o2111ai_2)
     1    0.01                           _0334_ (net)
                  0.08    0.00    2.60 v _1051_/B1 (sky130_fd_sc_hd__a31o_1)
                  0.06    0.22    2.82 v _1051_/X (sky130_fd_sc_hd__a31o_1)
     1    0.01                           net31 (net)
                  0.06    0.00    2.82 v output31/A (sky130_fd_sc_hd__buf_2)
                  0.09    0.18    2.99 v output31/X (sky130_fd_sc_hd__buf_2)
     1    0.03                           Y[5] (net)
                  0.09    0.00    3.00 v Y[5] (out)
                                  3.00   data arrival time

                  0.00    0.00    0.00   clock __VIRTUAL_CLK__ (rise edge)
                          0.00    0.00   clock network delay (ideal)
                          0.25    0.25   clock uncertainty
                          0.00    0.25   clock reconvergence pessimism
                         -2.00   -1.75   output external delay
                                 -1.75   data required time
-----------------------------------------------------------------------------
                                 -1.75   data required time
                                 -3.00   data arrival time
-----------------------------------------------------------------------------
                                  4.75   slack (MET)


Startpoint: A[7] (input port clocked by __VIRTUAL_CLK__)
Endpoint: Y[8] (output port clocked by __VIRTUAL_CLK__)
Path Group: __VIRTUAL_CLK__
Path Type: min

Fanout     Cap    Slew   Delay    Time   Description
-----------------------------------------------------------------------------
                  0.00    0.00    0.00   clock __VIRTUAL_CLK__ (rise edge)
                          0.00    0.00   clock network delay (ideal)
                          2.00    2.00 ^ input external delay
                  0.02    0.01    2.01 ^ A[7] (in)
     1    0.00                           A[7] (net)
                  0.02    0.00    2.01 ^ input8/A (sky130_fd_sc_hd__clkbuf_4)
                  0.14    0.18    2.19 ^ input8/X (sky130_fd_sc_hd__clkbuf_4)
     6    0.04                           net8 (net)
                  0.14    0.00    2.20 ^ _1102_/A (sky130_fd_sc_hd__buf_4)
                  0.17    0.23    2.42 ^ _1102_/X (sky130_fd_sc_hd__buf_4)
    10    0.06                           _0389_ (net)
                  0.17    0.00    2.43 ^ _1190_/A1 (sky130_fd_sc_hd__a21oi_4)
                  0.07    0.13    2.55 v _1190_/Y (sky130_fd_sc_hd__a21oi_4)
     8    0.04                           _0485_ (net)
                  0.07    0.00    2.55 v _1192_/B1 (sky130_fd_sc_hd__a211o_1)
                  0.06    0.27    2.83 v _1192_/X (sky130_fd_sc_hd__a211o_1)
     1    0.01                           net34 (net)
                  0.06    0.00    2.83 v output34/A (sky130_fd_sc_hd__buf_2)
                  0.09    0.18    3.01 v output34/X (sky130_fd_sc_hd__buf_2)
     1    0.03                           Y[8] (net)
                  0.09    0.00    3.01 v Y[8] (out)
                                  3.01   data arrival time

                  0.00    0.00    0.00   clock __VIRTUAL_CLK__ (rise edge)
                          0.00    0.00   clock network delay (ideal)
                          0.25    0.25   clock uncertainty
                          0.00    0.25   clock reconvergence pessimism
                         -2.00   -1.75   output external delay
                                 -1.75   data required time
-----------------------------------------------------------------------------
                                 -1.75   data required time
                                 -3.01   data arrival time
-----------------------------------------------------------------------------
                                  4.76   slack (MET)


Startpoint: op[0] (input port clocked by __VIRTUAL_CLK__)
Endpoint: Y[4] (output port clocked by __VIRTUAL_CLK__)
Path Group: __VIRTUAL_CLK__
Path Type: min

Fanout     Cap    Slew   Delay    Time   Description
-----------------------------------------------------------------------------
                  0.00    0.00    0.00   clock __VIRTUAL_CLK__ (rise edge)
                          0.00    0.00   clock network delay (ideal)
                          2.00    2.00 ^ input external delay
                  0.02    0.01    2.01 ^ op[0] (in)
     1    0.00                           op[0] (net)
                  0.02    0.00    2.01 ^ input17/A (sky130_fd_sc_hd__clkbuf_2)
                  0.12    0.14    2.16 ^ input17/X (sky130_fd_sc_hd__clkbuf_2)
     3    0.02                           net17 (net)
                  0.12    0.00    2.16 ^ _0878_/A (sky130_fd_sc_hd__buf_4)
                  0.16    0.21    2.37 ^ _0878_/X (sky130_fd_sc_hd__buf_4)
    10    0.06                           _0160_ (net)
                  0.16    0.00    2.37 ^ _0943_/A (sky130_fd_sc_hd__nor3b_2)
                  0.06    0.10    2.47 v _0943_/Y (sky130_fd_sc_hd__nor3b_2)
     4    0.02                           _0222_ (net)
                  0.06    0.00    2.47 v max_cap40/A (sky130_fd_sc_hd__buf_2)
                  0.07    0.17    2.63 v max_cap40/X (sky130_fd_sc_hd__buf_2)
     6    0.03                           net40 (net)
                  0.07    0.00    2.63 v _1009_/A1 (sky130_fd_sc_hd__a31o_1)
                  0.06    0.20    2.84 v _1009_/X (sky130_fd_sc_hd__a31o_1)
     1    0.01                           net30 (net)
                  0.06    0.00    2.84 v output30/A (sky130_fd_sc_hd__buf_2)
                  0.09    0.18    3.01 v output30/X (sky130_fd_sc_hd__buf_2)
     1    0.03                           Y[4] (net)
                  0.09    0.00    3.01 v Y[4] (out)
                                  3.01   data arrival time

                  0.00    0.00    0.00   clock __VIRTUAL_CLK__ (rise edge)
                          0.00    0.00   clock network delay (ideal)
                          0.25    0.25   clock uncertainty
                          0.00    0.25   clock reconvergence pessimism
                         -2.00   -1.75   output external delay
                                 -1.75   data required time
-----------------------------------------------------------------------------
                                 -1.75   data required time
                                 -3.01   data arrival time
-----------------------------------------------------------------------------
                                  4.76   slack (MET)


Startpoint: A[6] (input port clocked by __VIRTUAL_CLK__)
Endpoint: Y[7] (output port clocked by __VIRTUAL_CLK__)
Path Group: __VIRTUAL_CLK__
Path Type: min

Fanout     Cap    Slew   Delay    Time   Description
-----------------------------------------------------------------------------
                  0.00    0.00    0.00   clock __VIRTUAL_CLK__ (rise edge)
                          0.00    0.00   clock network delay (ideal)
                          2.00    2.00 v input external delay
                  0.01    0.00    2.00 v A[6] (in)
     1    0.00                           A[6] (net)
                  0.01    0.00    2.00 v input7/A (sky130_fd_sc_hd__buf_4)
                  0.08    0.16    2.16 v input7/X (sky130_fd_sc_hd__buf_4)
     9    0.05                           net7 (net)
                  0.08    0.00    2.17 v _1063_/A (sky130_fd_sc_hd__inv_2)
                  0.18    0.16    2.33 ^ _1063_/Y (sky130_fd_sc_hd__inv_2)
     6    0.04                           _0347_ (net)
                  0.18    0.00    2.33 ^ _1086_/A (sky130_fd_sc_hd__nor2_4)
                  0.08    0.11    2.44 v _1086_/Y (sky130_fd_sc_hd__nor2_4)
     7    0.05                           _0372_ (net)
                  0.08    0.00    2.44 v _1107_/A1 (sky130_fd_sc_hd__o21bai_2)
                  0.08    0.19    2.63 ^ _1107_/Y (sky130_fd_sc_hd__o21bai_2)
     2    0.01                           _0394_ (net)
                  0.08    0.00    2.63 ^ _1156_/A3 (sky130_fd_sc_hd__a311o_1)
                  0.15    0.23    2.86 ^ _1156_/X (sky130_fd_sc_hd__a311o_1)
     1    0.01                           net33 (net)
                  0.15    0.00    2.86 ^ output33/A (sky130_fd_sc_hd__buf_2)
                  0.17    0.22    3.09 ^ output33/X (sky130_fd_sc_hd__buf_2)
     1    0.03                           Y[7] (net)
                  0.17    0.00    3.09 ^ Y[7] (out)
                                  3.09   data arrival time

                  0.00    0.00    0.00   clock __VIRTUAL_CLK__ (rise edge)
                          0.00    0.00   clock network delay (ideal)
                          0.25    0.25   clock uncertainty
                          0.00    0.25   clock reconvergence pessimism
                         -2.00   -1.75   output external delay
                                 -1.75   data required time
-----------------------------------------------------------------------------
                                 -1.75   data required time
                                 -3.09   data arrival time
-----------------------------------------------------------------------------
                                  4.84   slack (MET)


Startpoint: A[7] (input port clocked by __VIRTUAL_CLK__)
Endpoint: Y[15] (output port clocked by __VIRTUAL_CLK__)
Path Group: __VIRTUAL_CLK__
Path Type: min

Fanout     Cap    Slew   Delay    Time   Description
-----------------------------------------------------------------------------
                  0.00    0.00    0.00   clock __VIRTUAL_CLK__ (rise edge)
                          0.00    0.00   clock network delay (ideal)
                          2.00    2.00 ^ input external delay
                  0.02    0.01    2.01 ^ A[7] (in)
     1    0.00                           A[7] (net)
                  0.02    0.00    2.01 ^ input8/A (sky130_fd_sc_hd__clkbuf_4)
                  0.14    0.18    2.19 ^ input8/X (sky130_fd_sc_hd__clkbuf_4)
     6    0.04                           net8 (net)
                  0.14    0.00    2.20 ^ _1102_/A (sky130_fd_sc_hd__buf_4)
                  0.17    0.23    2.42 ^ _1102_/X (sky130_fd_sc_hd__buf_4)
    10    0.06                           _0389_ (net)
                  0.17    0.00    2.43 ^ _1190_/A1 (sky130_fd_sc_hd__a21oi_4)
                  0.07    0.13    2.55 v _1190_/Y (sky130_fd_sc_hd__a21oi_4)
     8    0.04                           _0485_ (net)
                  0.07    0.00    2.55 v _1322_/A (sky130_fd_sc_hd__or2b_1)
                  0.05    0.22    2.77 v _1322_/X (sky130_fd_sc_hd__or2b_1)
     1    0.00                           _0623_ (net)
                  0.05    0.00    2.77 v _1323_/A (sky130_fd_sc_hd__buf_1)
                  0.08    0.13    2.90 v _1323_/X (sky130_fd_sc_hd__buf_1)
     1    0.01                           net26 (net)
                  0.08    0.00    2.90 v output26/A (sky130_fd_sc_hd__buf_2)
                  0.09    0.19    3.09 v output26/X (sky130_fd_sc_hd__buf_2)
     1    0.03                           Y[15] (net)
                  0.09    0.00    3.09 v Y[15] (out)
                                  3.09   data arrival time

                  0.00    0.00    0.00   clock __VIRTUAL_CLK__ (rise edge)
                          0.00    0.00   clock network delay (ideal)
                          0.25    0.25   clock uncertainty
                          0.00    0.25   clock reconvergence pessimism
                         -2.00   -1.75   output external delay
                                 -1.75   data required time
-----------------------------------------------------------------------------
                                 -1.75   data required time
                                 -3.09   data arrival time
-----------------------------------------------------------------------------
                                  4.84   slack (MET)


Startpoint: op[0] (input port clocked by __VIRTUAL_CLK__)
Endpoint: Y[3] (output port clocked by __VIRTUAL_CLK__)
Path Group: __VIRTUAL_CLK__
Path Type: min

Fanout     Cap    Slew   Delay    Time   Description
-----------------------------------------------------------------------------
                  0.00    0.00    0.00   clock __VIRTUAL_CLK__ (rise edge)
                          0.00    0.00   clock network delay (ideal)
                          2.00    2.00 ^ input external delay
                  0.02    0.01    2.01 ^ op[0] (in)
     1    0.00                           op[0] (net)
                  0.02    0.00    2.01 ^ input17/A (sky130_fd_sc_hd__clkbuf_2)
                  0.12    0.14    2.16 ^ input17/X (sky130_fd_sc_hd__clkbuf_2)
     3    0.02                           net17 (net)
                  0.12    0.00    2.16 ^ _0878_/A (sky130_fd_sc_hd__buf_4)
                  0.16    0.21    2.37 ^ _0878_/X (sky130_fd_sc_hd__buf_4)
    10    0.06                           _0160_ (net)
                  0.16    0.00    2.37 ^ _0943_/A (sky130_fd_sc_hd__nor3b_2)
                  0.06    0.10    2.47 v _0943_/Y (sky130_fd_sc_hd__nor3b_2)
     4    0.02                           _0222_ (net)
                  0.06    0.00    2.47 v max_cap40/A (sky130_fd_sc_hd__buf_2)
                  0.07    0.17    2.63 v max_cap40/X (sky130_fd_sc_hd__buf_2)
     6    0.03                           net40 (net)
                  0.07    0.00    2.63 v _0973_/A1 (sky130_fd_sc_hd__a211o_1)
                  0.08    0.29    2.92 v _0973_/X (sky130_fd_sc_hd__a211o_1)
     1    0.01                           net29 (net)
                  0.08    0.00    2.92 v output29/A (sky130_fd_sc_hd__buf_2)
                  0.09    0.19    3.11 v output29/X (sky130_fd_sc_hd__buf_2)
     1    0.03                           Y[3] (net)
                  0.09    0.00    3.11 v Y[3] (out)
                                  3.11   data arrival time

                  0.00    0.00    0.00   clock __VIRTUAL_CLK__ (rise edge)
                          0.00    0.00   clock network delay (ideal)
                          0.25    0.25   clock uncertainty
                          0.00    0.25   clock reconvergence pessimism
                         -2.00   -1.75   output external delay
                                 -1.75   data required time
-----------------------------------------------------------------------------
                                 -1.75   data required time
                                 -3.11   data arrival time
-----------------------------------------------------------------------------
                                  4.86   slack (MET)


Startpoint: op[2] (input port clocked by __VIRTUAL_CLK__)
Endpoint: Y[0] (output port clocked by __VIRTUAL_CLK__)
Path Group: __VIRTUAL_CLK__
Path Type: min

Fanout     Cap    Slew   Delay    Time   Description
-----------------------------------------------------------------------------
                  0.00    0.00    0.00   clock __VIRTUAL_CLK__ (rise edge)
                          0.00    0.00   clock network delay (ideal)
                          2.00    2.00 ^ input external delay
                  0.02    0.01    2.01 ^ op[2] (in)
     1    0.00                           op[2] (net)
                  0.02    0.00    2.01 ^ input19/A (sky130_fd_sc_hd__buf_2)
                  0.16    0.17    2.18 ^ input19/X (sky130_fd_sc_hd__buf_2)
     5    0.03                           net19 (net)
                  0.17    0.00    2.19 ^ _0893_/B (sky130_fd_sc_hd__nand3b_4)
                  0.15    0.16    2.35 v _0893_/Y (sky130_fd_sc_hd__nand3b_4)
     8    0.04                           _0175_ (net)
                  0.15    0.00    2.35 v _0894_/B (sky130_fd_sc_hd__nor2_1)
                  0.20    0.20    2.56 ^ _0894_/Y (sky130_fd_sc_hd__nor2_1)
     1    0.01                           _0176_ (net)
                  0.20    0.00    2.56 ^ _0895_/D (sky130_fd_sc_hd__or4_2)
                  0.08    0.18    2.74 ^ _0895_/X (sky130_fd_sc_hd__or4_2)
     1    0.01                           _0177_ (net)
                  0.08    0.00    2.74 ^ _0896_/A (sky130_fd_sc_hd__buf_1)
                  0.17    0.17    2.91 ^ _0896_/X (sky130_fd_sc_hd__buf_1)
     1    0.01                           net20 (net)
                  0.17    0.00    2.91 ^ output20/A (sky130_fd_sc_hd__buf_2)
                  0.17    0.23    3.13 ^ output20/X (sky130_fd_sc_hd__buf_2)
     1    0.03                           Y[0] (net)
                  0.17    0.00    3.13 ^ Y[0] (out)
                                  3.13   data arrival time

                  0.00    0.00    0.00   clock __VIRTUAL_CLK__ (rise edge)
                          0.00    0.00   clock network delay (ideal)
                          0.25    0.25   clock uncertainty
                          0.00    0.25   clock reconvergence pessimism
                         -2.00   -1.75   output external delay
                                 -1.75   data required time
-----------------------------------------------------------------------------
                                 -1.75   data required time
                                 -3.13   data arrival time
-----------------------------------------------------------------------------
                                  4.88   slack (MET)


Startpoint: A[1] (input port clocked by __VIRTUAL_CLK__)
Endpoint: Y[2] (output port clocked by __VIRTUAL_CLK__)
Path Group: __VIRTUAL_CLK__
Path Type: min

Fanout     Cap    Slew   Delay    Time   Description
-----------------------------------------------------------------------------
                  0.00    0.00    0.00   clock __VIRTUAL_CLK__ (rise edge)
                          0.00    0.00   clock network delay (ideal)
                          2.00    2.00 ^ input external delay
                  0.02    0.01    2.01 ^ A[1] (in)
     1    0.00                           A[1] (net)
                  0.02    0.00    2.01 ^ input2/A (sky130_fd_sc_hd__buf_4)
                  0.15    0.17    2.19 ^ input2/X (sky130_fd_sc_hd__buf_4)
     8    0.05                           net2 (net)
                  0.15    0.00    2.19 ^ _0853_/A (sky130_fd_sc_hd__buf_4)
                  0.14    0.21    2.40 ^ _0853_/X (sky130_fd_sc_hd__buf_4)
    10    0.05                           _0135_ (net)
                  0.14    0.00    2.40 ^ _0922_/A (sky130_fd_sc_hd__nand2_2)
                  0.08    0.10    2.50 v _0922_/Y (sky130_fd_sc_hd__nand2_2)
     2    0.02                           _0202_ (net)
                  0.08    0.00    2.50 v _0923_/C (sky130_fd_sc_hd__nand3_2)
                  0.08    0.11    2.61 ^ _0923_/Y (sky130_fd_sc_hd__nand3_2)
     1    0.01                           _0203_ (net)
                  0.08    0.00    2.61 ^ _0928_/A2 (sky130_fd_sc_hd__a31o_1)
                  0.04    0.14    2.75 ^ _0928_/X (sky130_fd_sc_hd__a31o_1)
     1    0.00                           _0208_ (net)
                  0.04    0.00    2.75 ^ _0941_/A (sky130_fd_sc_hd__or3b_2)
                  0.08    0.13    2.88 ^ _0941_/X (sky130_fd_sc_hd__or3b_2)
     1    0.01                           _0221_ (net)
                  0.08    0.00    2.88 ^ _0942_/A (sky130_fd_sc_hd__buf_1)
                  0.17    0.17    3.05 ^ _0942_/X (sky130_fd_sc_hd__buf_1)
     1    0.01                           net28 (net)
                  0.17    0.00    3.05 ^ output28/A (sky130_fd_sc_hd__buf_2)
                  0.17    0.23    3.27 ^ output28/X (sky130_fd_sc_hd__buf_2)
     1    0.03                           Y[2] (net)
                  0.17    0.00    3.27 ^ Y[2] (out)
                                  3.27   data arrival time

                  0.00    0.00    0.00   clock __VIRTUAL_CLK__ (rise edge)
                          0.00    0.00   clock network delay (ideal)
                          0.25    0.25   clock uncertainty
                          0.00    0.25   clock reconvergence pessimism
                         -2.00   -1.75   output external delay
                                 -1.75   data required time
-----------------------------------------------------------------------------
                                 -1.75   data required time
                                 -3.27   data arrival time
-----------------------------------------------------------------------------
                                  5.02   slack (MET)



