
===========================================================================
report_checks -path_delay min (Hold)
============================================================================
======================= Typical Corner ===================================

Startpoint: op[0] (input port clocked by __VIRTUAL_CLK__)
Endpoint: Y[13] (output port clocked by __VIRTUAL_CLK__)
Path Group: __VIRTUAL_CLK__
Path Type: min

Fanout     Cap    Slew   Delay    Time   Description
-----------------------------------------------------------------------------
                  0.00    0.00    0.00   clock __VIRTUAL_CLK__ (rise edge)
                          0.00    0.00   clock network delay (ideal)
                          2.00    2.00 ^ input external delay
                  0.02    0.01    2.01 ^ op[0] (in)
     1    0.00                           op[0] (net)
                  0.02    0.00    2.01 ^ input17/A (sky130_fd_sc_hd__clkbuf_4)
                  0.05    0.12    2.13 ^ input17/X (sky130_fd_sc_hd__clkbuf_4)
     3    0.01                           net17 (net)
                  0.05    0.00    2.13 ^ _0878_/A (sky130_fd_sc_hd__buf_8)
                  0.07    0.11    2.25 ^ _0878_/X (sky130_fd_sc_hd__buf_8)
    10    0.03                           _0160_ (net)
                  0.07    0.00    2.25 ^ _0943_/A (sky130_fd_sc_hd__nor3b_4)
                  0.04    0.05    2.29 v _0943_/Y (sky130_fd_sc_hd__nor3b_4)
     4    0.01                           _0222_ (net)
                  0.04    0.00    2.29 v _1312_/A1 (sky130_fd_sc_hd__a31o_4)
                  0.03    0.19    2.48 v _1312_/X (sky130_fd_sc_hd__a31o_4)
     1    0.00                           net24 (net)
                  0.03    0.00    2.48 v output24/A (sky130_fd_sc_hd__buf_2)
                  0.09    0.16    2.64 v output24/X (sky130_fd_sc_hd__buf_2)
     1    0.03                           Y[13] (net)
                  0.09    0.00    2.65 v Y[13] (out)
                                  2.65   data arrival time

                  0.00    0.00    0.00   clock __VIRTUAL_CLK__ (rise edge)
                          0.00    0.00   clock network delay (ideal)
                          0.25    0.25   clock uncertainty
                          0.00    0.25   clock reconvergence pessimism
                         -2.00   -1.75   output external delay
                                 -1.75   data required time
-----------------------------------------------------------------------------
                                 -1.75   data required time
                                 -2.65   data arrival time
-----------------------------------------------------------------------------
                                  4.40   slack (MET)


Startpoint: op[0] (input port clocked by __VIRTUAL_CLK__)
Endpoint: Y[9] (output port clocked by __VIRTUAL_CLK__)
Path Group: __VIRTUAL_CLK__
Path Type: min

Fanout     Cap    Slew   Delay    Time   Description
-----------------------------------------------------------------------------
                  0.00    0.00    0.00   clock __VIRTUAL_CLK__ (rise edge)
                          0.00    0.00   clock network delay (ideal)
                          2.00    2.00 ^ input external delay
                  0.02    0.01    2.01 ^ op[0] (in)
     1    0.00                           op[0] (net)
                  0.02    0.00    2.01 ^ input17/A (sky130_fd_sc_hd__clkbuf_4)
                  0.05    0.12    2.13 ^ input17/X (sky130_fd_sc_hd__clkbuf_4)
     3    0.01                           net17 (net)
                  0.05    0.00    2.13 ^ _0878_/A (sky130_fd_sc_hd__buf_8)
                  0.07    0.11    2.25 ^ _0878_/X (sky130_fd_sc_hd__buf_8)
    10    0.03                           _0160_ (net)
                  0.07    0.00    2.25 ^ _0943_/A (sky130_fd_sc_hd__nor3b_4)
                  0.04    0.05    2.29 v _0943_/Y (sky130_fd_sc_hd__nor3b_4)
     4    0.01                           _0222_ (net)
                  0.04    0.00    2.29 v _1225_/A1 (sky130_fd_sc_hd__a31o_2)
                  0.08    0.23    2.52 v _1225_/X (sky130_fd_sc_hd__a31o_2)
     1    0.02                           net35 (net)
                  0.08    0.00    2.52 v output35/A (sky130_fd_sc_hd__buf_2)
                  0.09    0.18    2.71 v output35/X (sky130_fd_sc_hd__buf_2)
     1    0.03                           Y[9] (net)
                  0.09    0.00    2.71 v Y[9] (out)
                                  2.71   data arrival time

                  0.00    0.00    0.00   clock __VIRTUAL_CLK__ (rise edge)
                          0.00    0.00   clock network delay (ideal)
                          0.25    0.25   clock uncertainty
                          0.00    0.25   clock reconvergence pessimism
                         -2.00   -1.75   output external delay
                                 -1.75   data required time
-----------------------------------------------------------------------------
                                 -1.75   data required time
                                 -2.71   data arrival time
-----------------------------------------------------------------------------
                                  4.46   slack (MET)


Startpoint: op[2] (input port clocked by __VIRTUAL_CLK__)
Endpoint: Y[0] (output port clocked by __VIRTUAL_CLK__)
Path Group: __VIRTUAL_CLK__
Path Type: min

Fanout     Cap    Slew   Delay    Time   Description
-----------------------------------------------------------------------------
                  0.00    0.00    0.00   clock __VIRTUAL_CLK__ (rise edge)
                          0.00    0.00   clock network delay (ideal)
                          2.00    2.00 ^ input external delay
                  0.03    0.01    2.01 ^ op[2] (in)
     1    0.00                           op[2] (net)
                  0.03    0.00    2.01 ^ input19/A (sky130_fd_sc_hd__clkbuf_8)
                  0.06    0.12    2.14 ^ input19/X (sky130_fd_sc_hd__clkbuf_8)
     5    0.02                           net19 (net)
                  0.06    0.00    2.14 ^ _0893_/B (sky130_fd_sc_hd__nand3b_4)
                  0.11    0.11    2.25 v _0893_/Y (sky130_fd_sc_hd__nand3b_4)
     8    0.03                           _0175_ (net)
                  0.11    0.00    2.25 v _0894_/B (sky130_fd_sc_hd__nor2_4)
                  0.05    0.08    2.32 ^ _0894_/Y (sky130_fd_sc_hd__nor2_4)
     1    0.00                           _0176_ (net)
                  0.05    0.00    2.32 ^ _0895_/D (sky130_fd_sc_hd__or4_1)
                  0.07    0.11    2.44 ^ _0895_/X (sky130_fd_sc_hd__or4_1)
     1    0.01                           _0177_ (net)
                  0.07    0.00    2.44 ^ _0896_/A (sky130_fd_sc_hd__buf_6)
                  0.09    0.14    2.58 ^ _0896_/X (sky130_fd_sc_hd__buf_6)
     1    0.04                           net20 (net)
                  0.10    0.00    2.58 ^ output20/A (sky130_fd_sc_hd__buf_6)
                  0.08    0.14    2.72 ^ output20/X (sky130_fd_sc_hd__buf_6)
     1    0.04                           Y[0] (net)
                  0.08    0.00    2.72 ^ Y[0] (out)
                                  2.72   data arrival time

                  0.00    0.00    0.00   clock __VIRTUAL_CLK__ (rise edge)
                          0.00    0.00   clock network delay (ideal)
                          0.25    0.25   clock uncertainty
                          0.00    0.25   clock reconvergence pessimism
                         -2.00   -1.75   output external delay
                                 -1.75   data required time
-----------------------------------------------------------------------------
                                 -1.75   data required time
                                 -2.72   data arrival time
-----------------------------------------------------------------------------
                                  4.47   slack (MET)


Startpoint: op[0] (input port clocked by __VIRTUAL_CLK__)
Endpoint: Y[1] (output port clocked by __VIRTUAL_CLK__)
Path Group: __VIRTUAL_CLK__
Path Type: min

Fanout     Cap    Slew   Delay    Time   Description
-----------------------------------------------------------------------------
                  0.00    0.00    0.00   clock __VIRTUAL_CLK__ (rise edge)
                          0.00    0.00   clock network delay (ideal)
                          2.00    2.00 ^ input external delay
                  0.02    0.01    2.01 ^ op[0] (in)
     1    0.00                           op[0] (net)
                  0.02    0.00    2.01 ^ input17/A (sky130_fd_sc_hd__clkbuf_4)
                  0.05    0.12    2.13 ^ input17/X (sky130_fd_sc_hd__clkbuf_4)
     3    0.01                           net17 (net)
                  0.05    0.00    2.13 ^ _0878_/A (sky130_fd_sc_hd__buf_8)
                  0.07    0.11    2.25 ^ _0878_/X (sky130_fd_sc_hd__buf_8)
    10    0.03                           _0160_ (net)
                  0.07    0.00    2.25 ^ _0917_/B (sky130_fd_sc_hd__or3_4)
                  0.04    0.12    2.37 ^ _0917_/X (sky130_fd_sc_hd__or3_4)
     3    0.01                           _0198_ (net)
                  0.04    0.00    2.37 ^ _0918_/B2 (sky130_fd_sc_hd__o22a_4)
                  0.11    0.17    2.54 ^ _0918_/X (sky130_fd_sc_hd__o22a_4)
     1    0.03                           net27 (net)
                  0.11    0.00    2.54 ^ output27/A (sky130_fd_sc_hd__buf_2)
                  0.17    0.21    2.75 ^ output27/X (sky130_fd_sc_hd__buf_2)
     1    0.03                           Y[1] (net)
                  0.17    0.00    2.75 ^ Y[1] (out)
                                  2.75   data arrival time

                  0.00    0.00    0.00   clock __VIRTUAL_CLK__ (rise edge)
                          0.00    0.00   clock network delay (ideal)
                          0.25    0.25   clock uncertainty
                          0.00    0.25   clock reconvergence pessimism
                         -2.00   -1.75   output external delay
                                 -1.75   data required time
-----------------------------------------------------------------------------
                                 -1.75   data required time
                                 -2.75   data arrival time
-----------------------------------------------------------------------------
                                  4.50   slack (MET)


Startpoint: op[0] (input port clocked by __VIRTUAL_CLK__)
Endpoint: Y[12] (output port clocked by __VIRTUAL_CLK__)
Path Group: __VIRTUAL_CLK__
Path Type: min

Fanout     Cap    Slew   Delay    Time   Description
-----------------------------------------------------------------------------
                  0.00    0.00    0.00   clock __VIRTUAL_CLK__ (rise edge)
                          0.00    0.00   clock network delay (ideal)
                          2.00    2.00 ^ input external delay
                  0.02    0.01    2.01 ^ op[0] (in)
     1    0.00                           op[0] (net)
                  0.02    0.00    2.01 ^ input17/A (sky130_fd_sc_hd__clkbuf_4)
                  0.05    0.12    2.13 ^ input17/X (sky130_fd_sc_hd__clkbuf_4)
     3    0.01                           net17 (net)
                  0.05    0.00    2.13 ^ _0878_/A (sky130_fd_sc_hd__buf_8)
                  0.07    0.11    2.25 ^ _0878_/X (sky130_fd_sc_hd__buf_8)
    10    0.03                           _0160_ (net)
                  0.07    0.00    2.25 ^ _0943_/A (sky130_fd_sc_hd__nor3b_4)
                  0.04    0.05    2.29 v _0943_/Y (sky130_fd_sc_hd__nor3b_4)
     4    0.01                           _0222_ (net)
                  0.04    0.00    2.29 v wire57/A (sky130_fd_sc_hd__buf_2)
                  0.04    0.12    2.41 v wire57/X (sky130_fd_sc_hd__buf_2)
     4    0.01                           net57 (net)
                  0.04    0.00    2.41 v _1298_/A1 (sky130_fd_sc_hd__a31o_2)
                  0.03    0.18    2.59 v _1298_/X (sky130_fd_sc_hd__a31o_2)
     1    0.00                           net23 (net)
                  0.03    0.00    2.59 v output23/A (sky130_fd_sc_hd__buf_2)
                  0.09    0.16    2.75 v output23/X (sky130_fd_sc_hd__buf_2)
     1    0.03                           Y[12] (net)
                  0.09    0.00    2.75 v Y[12] (out)
                                  2.75   data arrival time

                  0.00    0.00    0.00   clock __VIRTUAL_CLK__ (rise edge)
                          0.00    0.00   clock network delay (ideal)
                          0.25    0.25   clock uncertainty
                          0.00    0.25   clock reconvergence pessimism
                         -2.00   -1.75   output external delay
                                 -1.75   data required time
-----------------------------------------------------------------------------
                                 -1.75   data required time
                                 -2.75   data arrival time
-----------------------------------------------------------------------------
                                  4.50   slack (MET)


Startpoint: A[7] (input port clocked by __VIRTUAL_CLK__)
Endpoint: Y[11] (output port clocked by __VIRTUAL_CLK__)
Path Group: __VIRTUAL_CLK__
Path Type: min

Fanout     Cap    Slew   Delay    Time   Description
-----------------------------------------------------------------------------
                  0.00    0.00    0.00   clock __VIRTUAL_CLK__ (rise edge)
                          0.00    0.00   clock network delay (ideal)
                          2.00    2.00 v input external delay
                  0.02    0.01    2.01 v A[7] (in)
     1    0.01                           A[7] (net)
                  0.02    0.00    2.01 v input8/A (sky130_fd_sc_hd__buf_8)
                  0.07    0.14    2.15 v input8/X (sky130_fd_sc_hd__buf_8)
     6    0.09                           net8 (net)
                  0.08    0.02    2.16 v _1102_/A (sky130_fd_sc_hd__buf_8)
                  0.05    0.15    2.32 v _1102_/X (sky130_fd_sc_hd__buf_8)
    10    0.05                           _0389_ (net)
                  0.05    0.00    2.32 v _1190_/A1 (sky130_fd_sc_hd__a21oi_4)
                  0.09    0.12    2.43 ^ _1190_/Y (sky130_fd_sc_hd__a21oi_4)
     3    0.01                           _0485_ (net)
                  0.09    0.00    2.43 ^ _1278_/B1 (sky130_fd_sc_hd__a31o_1)
                  0.08    0.13    2.56 ^ _1278_/X (sky130_fd_sc_hd__a31o_1)
     1    0.01                           net22 (net)
                  0.08    0.00    2.56 ^ output22/A (sky130_fd_sc_hd__buf_2)
                  0.17    0.20    2.76 ^ output22/X (sky130_fd_sc_hd__buf_2)
     1    0.03                           Y[11] (net)
                  0.17    0.00    2.76 ^ Y[11] (out)
                                  2.76   data arrival time

                  0.00    0.00    0.00   clock __VIRTUAL_CLK__ (rise edge)
                          0.00    0.00   clock network delay (ideal)
                          0.25    0.25   clock uncertainty
                          0.00    0.25   clock reconvergence pessimism
                         -2.00   -1.75   output external delay
                                 -1.75   data required time
-----------------------------------------------------------------------------
                                 -1.75   data required time
                                 -2.76   data arrival time
-----------------------------------------------------------------------------
                                  4.51   slack (MET)


Startpoint: op[0] (input port clocked by __VIRTUAL_CLK__)
Endpoint: Y[4] (output port clocked by __VIRTUAL_CLK__)
Path Group: __VIRTUAL_CLK__
Path Type: min

Fanout     Cap    Slew   Delay    Time   Description
-----------------------------------------------------------------------------
                  0.00    0.00    0.00   clock __VIRTUAL_CLK__ (rise edge)
                          0.00    0.00   clock network delay (ideal)
                          2.00    2.00 ^ input external delay
                  0.02    0.01    2.01 ^ op[0] (in)
     1    0.00                           op[0] (net)
                  0.02    0.00    2.01 ^ input17/A (sky130_fd_sc_hd__clkbuf_4)
                  0.05    0.12    2.13 ^ input17/X (sky130_fd_sc_hd__clkbuf_4)
     3    0.01                           net17 (net)
                  0.05    0.00    2.13 ^ _0878_/A (sky130_fd_sc_hd__buf_8)
                  0.07    0.11    2.25 ^ _0878_/X (sky130_fd_sc_hd__buf_8)
    10    0.03                           _0160_ (net)
                  0.07    0.00    2.25 ^ _0943_/A (sky130_fd_sc_hd__nor3b_4)
                  0.04    0.05    2.29 v _0943_/Y (sky130_fd_sc_hd__nor3b_4)
     4    0.01                           _0222_ (net)
                  0.04    0.00    2.29 v max_cap58/A (sky130_fd_sc_hd__buf_2)
                  0.08    0.15    2.45 v max_cap58/X (sky130_fd_sc_hd__buf_2)
     3    0.03                           net58 (net)
                  0.08    0.00    2.45 v _1009_/A1 (sky130_fd_sc_hd__a31o_1)
                  0.03    0.16    2.62 v _1009_/X (sky130_fd_sc_hd__a31o_1)
     1    0.00                           net30 (net)
                  0.03    0.00    2.62 v output30/A (sky130_fd_sc_hd__buf_2)
                  0.09    0.16    2.78 v output30/X (sky130_fd_sc_hd__buf_2)
     1    0.03                           Y[4] (net)
                  0.09    0.00    2.78 v Y[4] (out)
                                  2.78   data arrival time

                  0.00    0.00    0.00   clock __VIRTUAL_CLK__ (rise edge)
                          0.00    0.00   clock network delay (ideal)
                          0.25    0.25   clock uncertainty
                          0.00    0.25   clock reconvergence pessimism
                         -2.00   -1.75   output external delay
                                 -1.75   data required time
-----------------------------------------------------------------------------
                                 -1.75   data required time
                                 -2.78   data arrival time
-----------------------------------------------------------------------------
                                  4.53   slack (MET)


Startpoint: op[0] (input port clocked by __VIRTUAL_CLK__)
Endpoint: Y[10] (output port clocked by __VIRTUAL_CLK__)
Path Group: __VIRTUAL_CLK__
Path Type: min

Fanout     Cap    Slew   Delay    Time   Description
-----------------------------------------------------------------------------
                  0.00    0.00    0.00   clock __VIRTUAL_CLK__ (rise edge)
                          0.00    0.00   clock network delay (ideal)
                          2.00    2.00 ^ input external delay
                  0.02    0.01    2.01 ^ op[0] (in)
     1    0.00                           op[0] (net)
                  0.02    0.00    2.01 ^ input17/A (sky130_fd_sc_hd__clkbuf_4)
                  0.05    0.12    2.13 ^ input17/X (sky130_fd_sc_hd__clkbuf_4)
     3    0.01                           net17 (net)
                  0.05    0.00    2.13 ^ _0878_/A (sky130_fd_sc_hd__buf_8)
                  0.07    0.11    2.25 ^ _0878_/X (sky130_fd_sc_hd__buf_8)
    10    0.03                           _0160_ (net)
                  0.07    0.00    2.25 ^ _0943_/A (sky130_fd_sc_hd__nor3b_4)
                  0.04    0.05    2.29 v _0943_/Y (sky130_fd_sc_hd__nor3b_4)
     4    0.01                           _0222_ (net)
                  0.04    0.00    2.29 v wire57/A (sky130_fd_sc_hd__buf_2)
                  0.04    0.12    2.41 v wire57/X (sky130_fd_sc_hd__buf_2)
     4    0.01                           net57 (net)
                  0.04    0.00    2.41 v _1253_/A1 (sky130_fd_sc_hd__a31o_1)
                  0.06    0.19    2.60 v _1253_/X (sky130_fd_sc_hd__a31o_1)
     1    0.01                           net21 (net)
                  0.06    0.00    2.60 v output21/A (sky130_fd_sc_hd__buf_2)
                  0.09    0.18    2.78 v output21/X (sky130_fd_sc_hd__buf_2)
     1    0.03                           Y[10] (net)
                  0.09    0.00    2.78 v Y[10] (out)
                                  2.78   data arrival time

                  0.00    0.00    0.00   clock __VIRTUAL_CLK__ (rise edge)
                          0.00    0.00   clock network delay (ideal)
                          0.25    0.25   clock uncertainty
                          0.00    0.25   clock reconvergence pessimism
                         -2.00   -1.75   output external delay
                                 -1.75   data required time
-----------------------------------------------------------------------------
                                 -1.75   data required time
                                 -2.78   data arrival time
-----------------------------------------------------------------------------
                                  4.53   slack (MET)


Startpoint: op[0] (input port clocked by __VIRTUAL_CLK__)
Endpoint: Y[14] (output port clocked by __VIRTUAL_CLK__)
Path Group: __VIRTUAL_CLK__
Path Type: min

Fanout     Cap    Slew   Delay    Time   Description
-----------------------------------------------------------------------------
                  0.00    0.00    0.00   clock __VIRTUAL_CLK__ (rise edge)
                          0.00    0.00   clock network delay (ideal)
                          2.00    2.00 ^ input external delay
                  0.02    0.01    2.01 ^ op[0] (in)
     1    0.00                           op[0] (net)
                  0.02    0.00    2.01 ^ input17/A (sky130_fd_sc_hd__clkbuf_4)
                  0.05    0.12    2.13 ^ input17/X (sky130_fd_sc_hd__clkbuf_4)
     3    0.01                           net17 (net)
                  0.05    0.00    2.13 ^ _0878_/A (sky130_fd_sc_hd__buf_8)
                  0.07    0.11    2.25 ^ _0878_/X (sky130_fd_sc_hd__buf_8)
    10    0.03                           _0160_ (net)
                  0.07    0.00    2.25 ^ _0943_/A (sky130_fd_sc_hd__nor3b_4)
                  0.04    0.05    2.29 v _0943_/Y (sky130_fd_sc_hd__nor3b_4)
     4    0.01                           _0222_ (net)
                  0.04    0.00    2.29 v max_cap58/A (sky130_fd_sc_hd__buf_2)
                  0.08    0.15    2.45 v max_cap58/X (sky130_fd_sc_hd__buf_2)
     3    0.03                           net58 (net)
                  0.08    0.00    2.45 v _1320_/A1 (sky130_fd_sc_hd__a31o_2)
                  0.03    0.19    2.64 v _1320_/X (sky130_fd_sc_hd__a31o_2)
     1    0.00                           net25 (net)
                  0.03    0.00    2.64 v output25/A (sky130_fd_sc_hd__clkbuf_4)
                  0.09    0.17    2.81 v output25/X (sky130_fd_sc_hd__clkbuf_4)
     1    0.04                           Y[14] (net)
                  0.09    0.00    2.81 v Y[14] (out)
                                  2.81   data arrival time

                  0.00    0.00    0.00   clock __VIRTUAL_CLK__ (rise edge)
                          0.00    0.00   clock network delay (ideal)
                          0.25    0.25   clock uncertainty
                          0.00    0.25   clock reconvergence pessimism
                         -2.00   -1.75   output external delay
                                 -1.75   data required time
-----------------------------------------------------------------------------
                                 -1.75   data required time
                                 -2.81   data arrival time
-----------------------------------------------------------------------------
                                  4.56   slack (MET)


Startpoint: op[0] (input port clocked by __VIRTUAL_CLK__)
Endpoint: Y[8] (output port clocked by __VIRTUAL_CLK__)
Path Group: __VIRTUAL_CLK__
Path Type: min

Fanout     Cap    Slew   Delay    Time   Description
-----------------------------------------------------------------------------
                  0.00    0.00    0.00   clock __VIRTUAL_CLK__ (rise edge)
                          0.00    0.00   clock network delay (ideal)
                          2.00    2.00 ^ input external delay
                  0.02    0.01    2.01 ^ op[0] (in)
     1    0.00                           op[0] (net)
                  0.02    0.00    2.01 ^ input17/A (sky130_fd_sc_hd__clkbuf_4)
                  0.05    0.12    2.13 ^ input17/X (sky130_fd_sc_hd__clkbuf_4)
     3    0.01                           net17 (net)
                  0.05    0.00    2.13 ^ _0878_/A (sky130_fd_sc_hd__buf_8)
                  0.07    0.11    2.25 ^ _0878_/X (sky130_fd_sc_hd__buf_8)
    10    0.03                           _0160_ (net)
                  0.07    0.00    2.25 ^ _0917_/B (sky130_fd_sc_hd__or3_4)
                  0.04    0.12    2.37 ^ _0917_/X (sky130_fd_sc_hd__or3_4)
     3    0.01                           _0198_ (net)
                  0.04    0.00    2.37 ^ _1191_/B1 (sky130_fd_sc_hd__a21oi_1)
                  0.04    0.05    2.41 v _1191_/Y (sky130_fd_sc_hd__a21oi_1)
     1    0.01                           _0486_ (net)
                  0.04    0.00    2.41 v _1192_/C1 (sky130_fd_sc_hd__a211o_2)
                  0.04    0.24    2.65 v _1192_/X (sky130_fd_sc_hd__a211o_2)
     1    0.00                           net34 (net)
                  0.04    0.00    2.65 v output34/A (sky130_fd_sc_hd__buf_2)
                  0.09    0.17    2.82 v output34/X (sky130_fd_sc_hd__buf_2)
     1    0.03                           Y[8] (net)
                  0.09    0.00    2.82 v Y[8] (out)
                                  2.82   data arrival time

                  0.00    0.00    0.00   clock __VIRTUAL_CLK__ (rise edge)
                          0.00    0.00   clock network delay (ideal)
                          0.25    0.25   clock uncertainty
                          0.00    0.25   clock reconvergence pessimism
                         -2.00   -1.75   output external delay
                                 -1.75   data required time
-----------------------------------------------------------------------------
                                 -1.75   data required time
                                 -2.82   data arrival time
-----------------------------------------------------------------------------
                                  4.57   slack (MET)


Startpoint: op[0] (input port clocked by __VIRTUAL_CLK__)
Endpoint: Y[6] (output port clocked by __VIRTUAL_CLK__)
Path Group: __VIRTUAL_CLK__
Path Type: min

Fanout     Cap    Slew   Delay    Time   Description
-----------------------------------------------------------------------------
                  0.00    0.00    0.00   clock __VIRTUAL_CLK__ (rise edge)
                          0.00    0.00   clock network delay (ideal)
                          2.00    2.00 ^ input external delay
                  0.02    0.01    2.01 ^ op[0] (in)
     1    0.00                           op[0] (net)
                  0.02    0.00    2.01 ^ input17/A (sky130_fd_sc_hd__clkbuf_4)
                  0.05    0.12    2.13 ^ input17/X (sky130_fd_sc_hd__clkbuf_4)
     3    0.01                           net17 (net)
                  0.05    0.00    2.13 ^ _0878_/A (sky130_fd_sc_hd__buf_8)
                  0.07    0.11    2.25 ^ _0878_/X (sky130_fd_sc_hd__buf_8)
    10    0.03                           _0160_ (net)
                  0.07    0.00    2.25 ^ _0943_/A (sky130_fd_sc_hd__nor3b_4)
                  0.04    0.05    2.29 v _0943_/Y (sky130_fd_sc_hd__nor3b_4)
     4    0.01                           _0222_ (net)
                  0.04    0.00    2.29 v wire57/A (sky130_fd_sc_hd__buf_2)
                  0.04    0.12    2.41 v wire57/X (sky130_fd_sc_hd__buf_2)
     4    0.01                           net57 (net)
                  0.04    0.00    2.41 v _1101_/A1 (sky130_fd_sc_hd__a31o_2)
                  0.08    0.23    2.65 v _1101_/X (sky130_fd_sc_hd__a31o_2)
     1    0.02                           net32 (net)
                  0.08    0.00    2.65 v output32/A (sky130_fd_sc_hd__buf_2)
                  0.09    0.18    2.83 v output32/X (sky130_fd_sc_hd__buf_2)
     1    0.03                           Y[6] (net)
                  0.09    0.00    2.83 v Y[6] (out)
                                  2.83   data arrival time

                  0.00    0.00    0.00   clock __VIRTUAL_CLK__ (rise edge)
                          0.00    0.00   clock network delay (ideal)
                          0.25    0.25   clock uncertainty
                          0.00    0.25   clock reconvergence pessimism
                         -2.00   -1.75   output external delay
                                 -1.75   data required time
-----------------------------------------------------------------------------
                                 -1.75   data required time
                                 -2.83   data arrival time
-----------------------------------------------------------------------------
                                  4.58   slack (MET)


Startpoint: op[0] (input port clocked by __VIRTUAL_CLK__)
Endpoint: Y[3] (output port clocked by __VIRTUAL_CLK__)
Path Group: __VIRTUAL_CLK__
Path Type: min

Fanout     Cap    Slew   Delay    Time   Description
-----------------------------------------------------------------------------
                  0.00    0.00    0.00   clock __VIRTUAL_CLK__ (rise edge)
                          0.00    0.00   clock network delay (ideal)
                          2.00    2.00 ^ input external delay
                  0.02    0.01    2.01 ^ op[0] (in)
     1    0.00                           op[0] (net)
                  0.02    0.00    2.01 ^ input17/A (sky130_fd_sc_hd__clkbuf_4)
                  0.05    0.12    2.13 ^ input17/X (sky130_fd_sc_hd__clkbuf_4)
     3    0.01                           net17 (net)
                  0.05    0.00    2.13 ^ _0878_/A (sky130_fd_sc_hd__buf_8)
                  0.07    0.11    2.25 ^ _0878_/X (sky130_fd_sc_hd__buf_8)
    10    0.03                           _0160_ (net)
                  0.07    0.00    2.25 ^ _0943_/A (sky130_fd_sc_hd__nor3b_4)
                  0.04    0.05    2.29 v _0943_/Y (sky130_fd_sc_hd__nor3b_4)
     4    0.01                           _0222_ (net)
                  0.04    0.00    2.29 v max_cap58/A (sky130_fd_sc_hd__buf_2)
                  0.08    0.15    2.45 v max_cap58/X (sky130_fd_sc_hd__buf_2)
     3    0.03                           net58 (net)
                  0.08    0.00    2.45 v _0973_/A1 (sky130_fd_sc_hd__a211o_1)
                  0.04    0.24    2.69 v _0973_/X (sky130_fd_sc_hd__a211o_1)
     1    0.00                           net29 (net)
                  0.04    0.00    2.69 v output29/A (sky130_fd_sc_hd__clkbuf_4)
                  0.09    0.18    2.87 v output29/X (sky130_fd_sc_hd__clkbuf_4)
     1    0.04                           Y[3] (net)
                  0.09    0.00    2.87 v Y[3] (out)
                                  2.87   data arrival time

                  0.00    0.00    0.00   clock __VIRTUAL_CLK__ (rise edge)
                          0.00    0.00   clock network delay (ideal)
                          0.25    0.25   clock uncertainty
                          0.00    0.25   clock reconvergence pessimism
                         -2.00   -1.75   output external delay
                                 -1.75   data required time
-----------------------------------------------------------------------------
                                 -1.75   data required time
                                 -2.87   data arrival time
-----------------------------------------------------------------------------
                                  4.62   slack (MET)


Startpoint: A[7] (input port clocked by __VIRTUAL_CLK__)
Endpoint: Y[15] (output port clocked by __VIRTUAL_CLK__)
Path Group: __VIRTUAL_CLK__
Path Type: min

Fanout     Cap    Slew   Delay    Time   Description
-----------------------------------------------------------------------------
                  0.00    0.00    0.00   clock __VIRTUAL_CLK__ (rise edge)
                          0.00    0.00   clock network delay (ideal)
                          2.00    2.00 v input external delay
                  0.02    0.01    2.01 v A[7] (in)
     1    0.01                           A[7] (net)
                  0.02    0.00    2.01 v input8/A (sky130_fd_sc_hd__buf_8)
                  0.07    0.14    2.15 v input8/X (sky130_fd_sc_hd__buf_8)
     6    0.09                           net8 (net)
                  0.08    0.02    2.16 v _1102_/A (sky130_fd_sc_hd__buf_8)
                  0.05    0.15    2.32 v _1102_/X (sky130_fd_sc_hd__buf_8)
    10    0.05                           _0389_ (net)
                  0.05    0.00    2.32 v _1190_/A1 (sky130_fd_sc_hd__a21oi_4)
                  0.09    0.12    2.43 ^ _1190_/Y (sky130_fd_sc_hd__a21oi_4)
     3    0.01                           _0485_ (net)
                  0.09    0.00    2.43 ^ max_cap41/A (sky130_fd_sc_hd__buf_4)
                  0.06    0.13    2.57 ^ max_cap41/X (sky130_fd_sc_hd__buf_4)
     6    0.02                           net41 (net)
                  0.06    0.00    2.57 ^ _1322_/A (sky130_fd_sc_hd__or2b_1)
                  0.03    0.08    2.65 ^ _1322_/X (sky130_fd_sc_hd__or2b_1)
     1    0.00                           _0623_ (net)
                  0.03    0.00    2.65 ^ _1323_/A (sky130_fd_sc_hd__buf_2)
                  0.02    0.08    2.72 ^ _1323_/X (sky130_fd_sc_hd__buf_2)
     1    0.00                           net26 (net)
                  0.02    0.00    2.72 ^ output26/A (sky130_fd_sc_hd__buf_2)
                  0.17    0.18    2.90 ^ output26/X (sky130_fd_sc_hd__buf_2)
     1    0.03                           Y[15] (net)
                  0.17    0.00    2.90 ^ Y[15] (out)
                                  2.90   data arrival time

                  0.00    0.00    0.00   clock __VIRTUAL_CLK__ (rise edge)
                          0.00    0.00   clock network delay (ideal)
                          0.25    0.25   clock uncertainty
                          0.00    0.25   clock reconvergence pessimism
                         -2.00   -1.75   output external delay
                                 -1.75   data required time
-----------------------------------------------------------------------------
                                 -1.75   data required time
                                 -2.90   data arrival time
-----------------------------------------------------------------------------
                                  4.65   slack (MET)


Startpoint: B[4] (input port clocked by __VIRTUAL_CLK__)
Endpoint: Y[5] (output port clocked by __VIRTUAL_CLK__)
Path Group: __VIRTUAL_CLK__
Path Type: min

Fanout     Cap    Slew   Delay    Time   Description
-----------------------------------------------------------------------------
                  0.00    0.00    0.00   clock __VIRTUAL_CLK__ (rise edge)
                          0.00    0.00   clock network delay (ideal)
                          2.00    2.00 ^ input external delay
                  0.04    0.02    2.02 ^ B[4] (in)
     1    0.01                           B[4] (net)
                  0.04    0.00    2.02 ^ input13/A (sky130_fd_sc_hd__buf_6)
                  0.05    0.10    2.12 ^ input13/X (sky130_fd_sc_hd__buf_6)
     5    0.02                           net13 (net)
                  0.05    0.00    2.12 ^ _0654_/A (sky130_fd_sc_hd__clkbuf_16)
                  0.09    0.16    2.28 ^ _0654_/X (sky130_fd_sc_hd__clkbuf_16)
    10    0.07                           _0266_ (net)
                  0.09    0.00    2.28 ^ _0996_/B (sky130_fd_sc_hd__nand2_8)
                  0.08    0.09    2.36 v _0996_/Y (sky130_fd_sc_hd__nand2_8)
     4    0.05                           _0275_ (net)
                  0.08    0.01    2.37 v _1014_/A (sky130_fd_sc_hd__nand3_4)
                  0.09    0.11    2.48 ^ _1014_/Y (sky130_fd_sc_hd__nand3_4)
     1    0.03                           _0294_ (net)
                  0.09    0.00    2.48 ^ _1051_/A2 (sky130_fd_sc_hd__a31o_4)
                  0.12    0.21    2.69 ^ _1051_/X (sky130_fd_sc_hd__a31o_4)
     1    0.04                           net31 (net)
                  0.13    0.01    2.70 ^ output31/A (sky130_fd_sc_hd__buf_2)
                  0.17    0.22    2.91 ^ output31/X (sky130_fd_sc_hd__buf_2)
     1    0.03                           Y[5] (net)
                  0.17    0.00    2.91 ^ Y[5] (out)
                                  2.91   data arrival time

                  0.00    0.00    0.00   clock __VIRTUAL_CLK__ (rise edge)
                          0.00    0.00   clock network delay (ideal)
                          0.25    0.25   clock uncertainty
                          0.00    0.25   clock reconvergence pessimism
                         -2.00   -1.75   output external delay
                                 -1.75   data required time
-----------------------------------------------------------------------------
                                 -1.75   data required time
                                 -2.91   data arrival time
-----------------------------------------------------------------------------
                                  4.66   slack (MET)


Startpoint: A[6] (input port clocked by __VIRTUAL_CLK__)
Endpoint: Y[7] (output port clocked by __VIRTUAL_CLK__)
Path Group: __VIRTUAL_CLK__
Path Type: min

Fanout     Cap    Slew   Delay    Time   Description
-----------------------------------------------------------------------------
                  0.00    0.00    0.00   clock __VIRTUAL_CLK__ (rise edge)
                          0.00    0.00   clock network delay (ideal)
                          2.00    2.00 ^ input external delay
                  0.05    0.03    2.03 ^ A[6] (in)
     1    0.01                           A[6] (net)
                  0.05    0.00    2.03 ^ input7/A (sky130_fd_sc_hd__buf_8)
                  0.08    0.12    2.14 ^ input7/X (sky130_fd_sc_hd__buf_8)
     9    0.04                           net7 (net)
                  0.08    0.00    2.14 ^ _1063_/A (sky130_fd_sc_hd__inv_6)
                  0.04    0.05    2.19 v _1063_/Y (sky130_fd_sc_hd__inv_6)
     6    0.03                           _0347_ (net)
                  0.04    0.00    2.19 v _1086_/A (sky130_fd_sc_hd__nor2_8)
                  0.17    0.16    2.36 ^ _1086_/Y (sky130_fd_sc_hd__nor2_8)
     7    0.04                           _0372_ (net)
                  0.17    0.00    2.36 ^ _1106_/A (sky130_fd_sc_hd__or3b_4)
                  0.03    0.14    2.50 ^ _1106_/X (sky130_fd_sc_hd__or3b_4)
     1    0.00                           _0393_ (net)
                  0.03    0.00    2.50 ^ _1156_/A2 (sky130_fd_sc_hd__a311o_1)
                  0.16    0.22    2.72 ^ _1156_/X (sky130_fd_sc_hd__a311o_1)
     1    0.01                           net33 (net)
                  0.16    0.00    2.72 ^ output33/A (sky130_fd_sc_hd__clkbuf_4)
                  0.12    0.22    2.94 ^ output33/X (sky130_fd_sc_hd__clkbuf_4)
     1    0.04                           Y[7] (net)
                  0.12    0.00    2.94 ^ Y[7] (out)
                                  2.94   data arrival time

                  0.00    0.00    0.00   clock __VIRTUAL_CLK__ (rise edge)
                          0.00    0.00   clock network delay (ideal)
                          0.25    0.25   clock uncertainty
                          0.00    0.25   clock reconvergence pessimism
                         -2.00   -1.75   output external delay
                                 -1.75   data required time
-----------------------------------------------------------------------------
                                 -1.75   data required time
                                 -2.94   data arrival time
-----------------------------------------------------------------------------
                                  4.69   slack (MET)


Startpoint: A[2] (input port clocked by __VIRTUAL_CLK__)
Endpoint: Y[2] (output port clocked by __VIRTUAL_CLK__)
Path Group: __VIRTUAL_CLK__
Path Type: min

Fanout     Cap    Slew   Delay    Time   Description
-----------------------------------------------------------------------------
                  0.00    0.00    0.00   clock __VIRTUAL_CLK__ (rise edge)
                          0.00    0.00   clock network delay (ideal)
                          2.00    2.00 v input external delay
                  0.01    0.01    2.01 v A[2] (in)
     1    0.00                           A[2] (net)
                  0.01    0.00    2.01 v input3/A (sky130_fd_sc_hd__buf_4)
                  0.05    0.13    2.14 v input3/X (sky130_fd_sc_hd__buf_4)
     5    0.02                           net3 (net)
                  0.05    0.00    2.14 v _0749_/A (sky130_fd_sc_hd__clkinv_4)
                  0.09    0.09    2.23 ^ _0749_/Y (sky130_fd_sc_hd__clkinv_4)
     2    0.05                           _0031_ (net)
                  0.09    0.01    2.23 ^ _0919_/A (sky130_fd_sc_hd__nor2_8)
                  0.03    0.05    2.29 v _0919_/Y (sky130_fd_sc_hd__nor2_8)
     3    0.02                           _0199_ (net)
                  0.03    0.00    2.29 v _0921_/A (sky130_fd_sc_hd__nor2_8)
                  0.09    0.11    2.39 ^ _0921_/Y (sky130_fd_sc_hd__nor2_8)
     4    0.01                           _0201_ (net)
                  0.09    0.00    2.39 ^ _0927_/B1 (sky130_fd_sc_hd__a221o_2)
                  0.03    0.13    2.53 ^ _0927_/X (sky130_fd_sc_hd__a221o_2)
     1    0.00                           _0207_ (net)
                  0.03    0.00    2.53 ^ _0928_/B1 (sky130_fd_sc_hd__a31o_1)
                  0.16    0.16    2.69 ^ _0928_/X (sky130_fd_sc_hd__a31o_1)
     1    0.02                           _0208_ (net)
                  0.16    0.00    2.69 ^ _0941_/A (sky130_fd_sc_hd__or3b_2)
                  0.08    0.17    2.86 ^ _0941_/X (sky130_fd_sc_hd__or3b_2)
     1    0.01                           _0221_ (net)
                  0.08    0.00    2.86 ^ _0942_/A (sky130_fd_sc_hd__clkbuf_2)
                  0.13    0.17    3.03 ^ _0942_/X (sky130_fd_sc_hd__clkbuf_2)
     1    0.02                           net28 (net)
                  0.13    0.00    3.03 ^ output28/A (sky130_fd_sc_hd__clkbuf_4)
                  0.12    0.21    3.25 ^ output28/X (sky130_fd_sc_hd__clkbuf_4)
     1    0.04                           Y[2] (net)
                  0.12    0.00    3.25 ^ Y[2] (out)
                                  3.25   data arrival time

                  0.00    0.00    0.00   clock __VIRTUAL_CLK__ (rise edge)
                          0.00    0.00   clock network delay (ideal)
                          0.25    0.25   clock uncertainty
                          0.00    0.25   clock reconvergence pessimism
                         -2.00   -1.75   output external delay
                                 -1.75   data required time
-----------------------------------------------------------------------------
                                 -1.75   data required time
                                 -3.25   data arrival time
-----------------------------------------------------------------------------
                                  5.00   slack (MET)



